C:/Users/vayne/workspace/IHM03_Default/P-IHM03-Potentiometer/MCSDK_v6.4.2-Full/MotorControl/MCSDK/MCLib/Any/Src/sto_pll_speed_pos_fdbk.c:134:16:STO_PLL_CalcElAngle	72	static
C:/Users/vayne/workspace/IHM03_Default/P-IHM03-Potentiometer/MCSDK_v6.4.2-Full/MotorControl/MCSDK/MCLib/Any/Src/sto_pll_speed_pos_fdbk.c:381:13:STO_PLL_CalcAvrgMecSpeedUnit	24	static
C:/Users/vayne/workspace/IHM03_Default/P-IHM03-Potentiometer/MCSDK_v6.4.2-Full/MotorControl/MCSDK/MCLib/Any/Src/sto_pll_speed_pos_fdbk.c:557:13:STO_PLL_CalcAvrgElSpeedDpp	4	static
C:/Users/vayne/workspace/IHM03_Default/P-IHM03-Potentiometer/MCSDK_v6.4.2-Full/MotorControl/MCSDK/MCLib/Any/Src/sto_pll_speed_pos_fdbk.c:623:13:STO_PLL_Clear	8	static
C:/Users/vayne/workspace/IHM03_Default/P-IHM03-Potentiometer/MCSDK_v6.4.2-Full/MotorControl/MCSDK/MCLib/Any/Src/sto_pll_speed_pos_fdbk.c:71:13:STO_PLL_Init	8	static
C:/Users/vayne/workspace/IHM03_Default/P-IHM03-Potentiometer/MCSDK_v6.4.2-Full/MotorControl/MCSDK/MCLib/Any/Src/sto_pll_speed_pos_fdbk.c:750:13:STO_PLL_IsObserverConverged	12	static
C:/Users/vayne/workspace/IHM03_Default/P-IHM03-Potentiometer/MCSDK_v6.4.2-Full/MotorControl/MCSDK/MCLib/Any/Src/sto_pll_speed_pos_fdbk.c:863:20:STO_PLL_GetEstimatedBemf	8	static
C:/Users/vayne/workspace/IHM03_Default/P-IHM03-Potentiometer/MCSDK_v6.4.2-Full/MotorControl/MCSDK/MCLib/Any/Src/sto_pll_speed_pos_fdbk.c:889:20:STO_PLL_GetEstimatedCurrent	8	static
C:/Users/vayne/workspace/IHM03_Default/P-IHM03-Potentiometer/MCSDK_v6.4.2-Full/MotorControl/MCSDK/MCLib/Any/Src/sto_pll_speed_pos_fdbk.c:924:13:STO_PLL_GetObserverGains	0	static
C:/Users/vayne/workspace/IHM03_Default/P-IHM03-Potentiometer/MCSDK_v6.4.2-Full/MotorControl/MCSDK/MCLib/Any/Src/sto_pll_speed_pos_fdbk.c:945:13:STO_PLL_SetObserverGains	0	static
C:/Users/vayne/workspace/IHM03_Default/P-IHM03-Potentiometer/MCSDK_v6.4.2-Full/MotorControl/MCSDK/MCLib/Any/Src/sto_pll_speed_pos_fdbk.c:966:13:STO_GetPLLGains	16	static
C:/Users/vayne/workspace/IHM03_Default/P-IHM03-Potentiometer/MCSDK_v6.4.2-Full/MotorControl/MCSDK/MCLib/Any/Src/sto_pll_speed_pos_fdbk.c:989:13:STO_OTF_ResetPLL	0	static
C:/Users/vayne/workspace/IHM03_Default/P-IHM03-Potentiometer/MCSDK_v6.4.2-Full/MotorControl/MCSDK/MCLib/Any/Src/sto_pll_speed_pos_fdbk.c:1012:13:STO_PLL_BemfConsistencyCheckSwitch	0	static
C:/Users/vayne/workspace/IHM03_Default/P-IHM03-Potentiometer/MCSDK_v6.4.2-Full/MotorControl/MCSDK/MCLib/Any/Src/sto_pll_speed_pos_fdbk.c:1034:13:STO_PLL_IsBemfConsistent	0	static
C:/Users/vayne/workspace/IHM03_Default/P-IHM03-Potentiometer/MCSDK_v6.4.2-Full/MotorControl/MCSDK/MCLib/Any/Src/sto_pll_speed_pos_fdbk.c:1049:13:STO_PLL_IsVarianceTight	0	static
C:/Users/vayne/workspace/IHM03_Default/P-IHM03-Potentiometer/MCSDK_v6.4.2-Full/MotorControl/MCSDK/MCLib/Any/Src/sto_pll_speed_pos_fdbk.c:1073:13:STO_PLL_ForceConvergency1	0	static
C:/Users/vayne/workspace/IHM03_Default/P-IHM03-Potentiometer/MCSDK_v6.4.2-Full/MotorControl/MCSDK/MCLib/Any/Src/sto_pll_speed_pos_fdbk.c:1095:13:STO_PLL_ForceConvergency2	0	static
C:/Users/vayne/workspace/IHM03_Default/P-IHM03-Potentiometer/MCSDK_v6.4.2-Full/MotorControl/MCSDK/MCLib/Any/Src/sto_pll_speed_pos_fdbk.c:1115:13:STO_SetDirection	0	static
