Archive member included to satisfy reference by file (symbol)

C:/ST/STM32CubeIDE_2.0.0/STM32CubeIDE/plugins/com.st.stm32cube.ide.mcu.externaltools.gnu-tools-for-stm32.13.3.rel1.win32_1.0.100.202509120712/tools/bin/../lib/gcc/arm-none-eabi/13.3.1/../../../../arm-none-eabi/lib/thumb/v7e-m+fp/hard\libc_nano.a(libc_a-exit.o)
                              C:/ST/STM32CubeIDE_2.0.0/STM32CubeIDE/plugins/com.st.stm32cube.ide.mcu.externaltools.gnu-tools-for-stm32.13.3.rel1.win32_1.0.100.202509120712/tools/bin/../lib/gcc/arm-none-eabi/13.3.1/../../../../arm-none-eabi/lib/thumb/v7e-m+fp/hard/crt0.o (exit)
C:/ST/STM32CubeIDE_2.0.0/STM32CubeIDE/plugins/com.st.stm32cube.ide.mcu.externaltools.gnu-tools-for-stm32.13.3.rel1.win32_1.0.100.202509120712/tools/bin/../lib/gcc/arm-none-eabi/13.3.1/../../../../arm-none-eabi/lib/thumb/v7e-m+fp/hard\libc_nano.a(libc_a-findfp.o)
                              C:/ST/STM32CubeIDE_2.0.0/STM32CubeIDE/plugins/com.st.stm32cube.ide.mcu.externaltools.gnu-tools-for-stm32.13.3.rel1.win32_1.0.100.202509120712/tools/bin/../lib/gcc/arm-none-eabi/13.3.1/../../../../arm-none-eabi/lib/thumb/v7e-m+fp/hard\libc_nano.a(libc_a-exit.o) (__stdio_exit_handler)
C:/ST/STM32CubeIDE_2.0.0/STM32CubeIDE/plugins/com.st.stm32cube.ide.mcu.externaltools.gnu-tools-for-stm32.13.3.rel1.win32_1.0.100.202509120712/tools/bin/../lib/gcc/arm-none-eabi/13.3.1/../../../../arm-none-eabi/lib/thumb/v7e-m+fp/hard\libc_nano.a(libc_a-fwalk.o)
                              C:/ST/STM32CubeIDE_2.0.0/STM32CubeIDE/plugins/com.st.stm32cube.ide.mcu.externaltools.gnu-tools-for-stm32.13.3.rel1.win32_1.0.100.202509120712/tools/bin/../lib/gcc/arm-none-eabi/13.3.1/../../../../arm-none-eabi/lib/thumb/v7e-m+fp/hard\libc_nano.a(libc_a-findfp.o) (_fwalk_sglue)
C:/ST/STM32CubeIDE_2.0.0/STM32CubeIDE/plugins/com.st.stm32cube.ide.mcu.externaltools.gnu-tools-for-stm32.13.3.rel1.win32_1.0.100.202509120712/tools/bin/../lib/gcc/arm-none-eabi/13.3.1/../../../../arm-none-eabi/lib/thumb/v7e-m+fp/hard\libc_nano.a(libc_a-stdio.o)
                              C:/ST/STM32CubeIDE_2.0.0/STM32CubeIDE/plugins/com.st.stm32cube.ide.mcu.externaltools.gnu-tools-for-stm32.13.3.rel1.win32_1.0.100.202509120712/tools/bin/../lib/gcc/arm-none-eabi/13.3.1/../../../../arm-none-eabi/lib/thumb/v7e-m+fp/hard\libc_nano.a(libc_a-findfp.o) (__sread)
C:/ST/STM32CubeIDE_2.0.0/STM32CubeIDE/plugins/com.st.stm32cube.ide.mcu.externaltools.gnu-tools-for-stm32.13.3.rel1.win32_1.0.100.202509120712/tools/bin/../lib/gcc/arm-none-eabi/13.3.1/../../../../arm-none-eabi/lib/thumb/v7e-m+fp/hard\libc_nano.a(libc_a-memset.o)
                              C:/ST/STM32CubeIDE_2.0.0/STM32CubeIDE/plugins/com.st.stm32cube.ide.mcu.externaltools.gnu-tools-for-stm32.13.3.rel1.win32_1.0.100.202509120712/tools/bin/../lib/gcc/arm-none-eabi/13.3.1/../../../../arm-none-eabi/lib/thumb/v7e-m+fp/hard/crt0.o (memset)
C:/ST/STM32CubeIDE_2.0.0/STM32CubeIDE/plugins/com.st.stm32cube.ide.mcu.externaltools.gnu-tools-for-stm32.13.3.rel1.win32_1.0.100.202509120712/tools/bin/../lib/gcc/arm-none-eabi/13.3.1/../../../../arm-none-eabi/lib/thumb/v7e-m+fp/hard\libc_nano.a(libc_a-closer.o)
                              C:/ST/STM32CubeIDE_2.0.0/STM32CubeIDE/plugins/com.st.stm32cube.ide.mcu.externaltools.gnu-tools-for-stm32.13.3.rel1.win32_1.0.100.202509120712/tools/bin/../lib/gcc/arm-none-eabi/13.3.1/../../../../arm-none-eabi/lib/thumb/v7e-m+fp/hard\libc_nano.a(libc_a-stdio.o) (_close_r)
C:/ST/STM32CubeIDE_2.0.0/STM32CubeIDE/plugins/com.st.stm32cube.ide.mcu.externaltools.gnu-tools-for-stm32.13.3.rel1.win32_1.0.100.202509120712/tools/bin/../lib/gcc/arm-none-eabi/13.3.1/../../../../arm-none-eabi/lib/thumb/v7e-m+fp/hard\libc_nano.a(libc_a-reent.o)
                              C:/ST/STM32CubeIDE_2.0.0/STM32CubeIDE/plugins/com.st.stm32cube.ide.mcu.externaltools.gnu-tools-for-stm32.13.3.rel1.win32_1.0.100.202509120712/tools/bin/../lib/gcc/arm-none-eabi/13.3.1/../../../../arm-none-eabi/lib/thumb/v7e-m+fp/hard\libc_nano.a(libc_a-closer.o) (errno)
C:/ST/STM32CubeIDE_2.0.0/STM32CubeIDE/plugins/com.st.stm32cube.ide.mcu.externaltools.gnu-tools-for-stm32.13.3.rel1.win32_1.0.100.202509120712/tools/bin/../lib/gcc/arm-none-eabi/13.3.1/../../../../arm-none-eabi/lib/thumb/v7e-m+fp/hard\libc_nano.a(libc_a-impure.o)
                              C:/ST/STM32CubeIDE_2.0.0/STM32CubeIDE/plugins/com.st.stm32cube.ide.mcu.externaltools.gnu-tools-for-stm32.13.3.rel1.win32_1.0.100.202509120712/tools/bin/../lib/gcc/arm-none-eabi/13.3.1/../../../../arm-none-eabi/lib/thumb/v7e-m+fp/hard\libc_nano.a(libc_a-reent.o) (_impure_ptr)
C:/ST/STM32CubeIDE_2.0.0/STM32CubeIDE/plugins/com.st.stm32cube.ide.mcu.externaltools.gnu-tools-for-stm32.13.3.rel1.win32_1.0.100.202509120712/tools/bin/../lib/gcc/arm-none-eabi/13.3.1/../../../../arm-none-eabi/lib/thumb/v7e-m+fp/hard\libc_nano.a(libc_a-lseekr.o)
[...]
Memory Configuration

Name             Origin             Length             Attributes
RAM              0x20000000         0x00008000         xrw
FLASH            0x08000000         0x00020000         xr
*default*        0x00000000         0xffffffff

Linker script and memory map

LOAD C:/ST/STM32CubeIDE_2.0.0/STM32CubeIDE/plugins/com.st.stm32cube.ide.mcu.externaltools.gnu-tools-for-stm32.13.3.rel1.win32_1.0.100.202509120712/tools/bin/../lib/gcc/arm-none-eabi/13.3.1/thumb/v7e-m+fp/hard/crti.o
LOAD C:/ST/STM32CubeIDE_2.0.0/STM32CubeIDE/plugins/com.st.stm32cube.ide.mcu.externaltools.gnu-tools-for-stm32.13.3.rel1.win32_1.0.100.202509120712/tools/bin/../lib/gcc/arm-none-eabi/13.3.1/thumb/v7e-m+fp/hard/crtbegin.o
LOAD C:/ST/STM32CubeIDE_2.0.0/STM32CubeIDE/plugins/com.st.stm32cube.ide.mcu.externaltools.gnu-tools-for-stm32.13.3.rel1.win32_1.0.100.202509120712/tools/bin/../lib/gcc/arm-none-eabi/13.3.1/../../../../arm-none-eabi/lib/thumb/v7e-m+fp/hard/crt0.o
LOAD ./Application/Startup/startup_stm32g431rbtx.o
LOAD ./Application/User/aspep.o
LOAD ./Application/User/hf_registers.o
LOAD ./Application/User/main.o
LOAD ./Application/User/mc_api.o
LOAD ./Application/User/mc_app_hooks.o
LOAD ./Application/User/mc_config.o
LOAD ./Application/User/mc_config_common.o
LOAD ./Application/User/mc_configuration_registers.o
LOAD ./Application/User/mc_interface.o
LOAD ./Application/User/mc_math.o
LOAD ./Application/User/mc_parameters.o
LOAD ./Application/User/mc_tasks.o
LOAD ./Application/User/mc_tasks_foc.o
LOAD ./Application/User/mcp.o
LOAD ./Application/User/mcp_config.o
LOAD ./Application/User/motorcontrol.o
LOAD ./Application/User/pwm_common.o
LOAD ./Application/User/pwm_curr_fdbk.o
LOAD ./Application/User/regular_conversion_manager.o
LOAD ./Application/User/speed_potentiometer.o
LOAD ./Application/User/speed_torq_ctrl.o
LOAD ./Application/User/stm32_mc_common_it.o
LOAD ./Application/User/stm32g4xx_hal_msp.o
LOAD ./Application/User/stm32g4xx_it.o
LOAD ./Application/User/stm32g4xx_mc_it.o
LOAD ./Application/User/sync_registers.o
LOAD ./Application/User/syscalls.o
LOAD ./Application/User/sysmem.o
LOAD ./Application/User/usart_aspep_driver.o
LOAD ./Drivers/CMSIS/system_stm32g4xx.o
LOAD ./Drivers/STM32G4xx_HAL_Driver/stm32g4xx_hal.o
LOAD ./Drivers/STM32G4xx_HAL_Driver/stm32g4xx_hal_adc.o
LOAD ./Drivers/STM32G4xx_HAL_Driver/stm32g4xx_hal_adc_ex.o
LOAD ./Drivers/STM32G4xx_HAL_Driver/stm32g4xx_hal_cordic.o
LOAD ./Drivers/STM32G4xx_HAL_Driver/stm32g4xx_hal_cortex.o
LOAD ./Drivers/STM32G4xx_HAL_Driver/stm32g4xx_hal_dma.o
LOAD ./Drivers/STM32G4xx_HAL_Driver/stm32g4xx_hal_dma_ex.o
LOAD ./Drivers/STM32G4xx_HAL_Driver/stm32g4xx_hal_exti.o
LOAD ./Drivers/STM32G4xx_HAL_Driver/stm32g4xx_hal_flash.o
LOAD ./Drivers/STM32G4xx_HAL_Driver/stm32g4xx_hal_flash_ex.o
LOAD ./Drivers/STM32G4xx_HAL_Driver/stm32g4xx_hal_flash_ramfunc.o
LOAD ./Drivers/STM32G4xx_HAL_Driver/stm32g4xx_hal_gpio.o
LOAD ./Drivers/STM32G4xx_HAL_Driver/stm32g4xx_hal_pwr.o
LOAD ./Drivers/STM32G4xx_HAL_Driver/stm32g4xx_hal_pwr_ex.o
LOAD ./Drivers/STM32G4xx_HAL_Driver/stm32g4xx_hal_rcc.o
LOAD ./Drivers/STM32G4xx_HAL_Driver/stm32g4xx_hal_rcc_ex.o
LOAD ./Drivers/STM32G4xx_HAL_Driver/stm32g4xx_hal_tim.o
LOAD ./Drivers/STM32G4xx_HAL_Driver/stm32g4xx_hal_tim_ex.o
LOAD ./Drivers/STM32G4xx_HAL_Driver/stm32g4xx_hal_uart.o
LOAD ./Drivers/STM32G4xx_HAL_Driver/stm32g4xx_hal_uart_ex.o
LOAD ./Drivers/STM32G4xx_HAL_Driver/stm32g4xx_ll_adc.o
LOAD ./Middlewares/MotorControl/bus_voltage_sensor.o
LOAD ./Middlewares/MotorControl/circle_limitation.o
LOAD ./Middlewares/MotorControl/digital_output.o
LOAD ./Middlewares/MotorControl/mcpa.o
LOAD ./Middlewares/MotorControl/ntc_temperature_sensor.o
LOAD ./Middlewares/MotorControl/open_loop.o
LOAD ./Middlewares/MotorControl/pid_regulator.o
LOAD ./Middlewares/MotorControl/potentiometer.o
LOAD ./Middlewares/MotorControl/pqd_motor_power_measurement.o
LOAD ./Middlewares/MotorControl/r3_2_g4xx_pwm_curr_fdbk.o
LOAD ./Middlewares/MotorControl/r_divider_bus_voltage_sensor.o
LOAD ./Middlewares/MotorControl/ramp_ext_mngr.o
LOAD ./Middlewares/MotorControl/revup_ctrl.o
LOAD ./Middlewares/MotorControl/speed_pos_fdbk.o
LOAD ./Middlewares/MotorControl/sto_pll_speed_pos_fdbk.o
LOAD ./Middlewares/MotorControl/virtual_speed_sensor.o
START GROUP
LOAD C:/ST/STM32CubeIDE_2.0.0/STM32CubeIDE/plugins/com.st.stm32cube.ide.mcu.externaltools.gnu-tools-for-stm32.13.3.rel1.win32_1.0.100.202509120712/tools/bin/../lib/gcc/arm-none-eabi/13.3.1/../../../../arm-none-eabi/lib/thumb/v7e-m+fp/hard\libc_nano.a
LOAD C:/ST/STM32CubeIDE_2.0.0/STM32CubeIDE/plugins/com.st.stm32cube.ide.mcu.externaltools.gnu-tools-for-stm32.13.3.rel1.win32_1.0.100.202509120712/tools/bin/../lib/gcc/arm-none-eabi/13.3.1/../../../../arm-none-eabi/lib/thumb/v7e-m+fp/hard\libm.a
END GROUP
START GROUP
LOAD C:/ST/STM32CubeIDE_2.0.0/STM32CubeIDE/plugins/com.st.stm32cube.ide.mcu.externaltools.gnu-tools-for-stm32.13.3.rel1.win32_1.0.100.202509120712/tools/bin/../lib/gcc/arm-none-eabi/13.3.1/thumb/v7e-m+fp/hard\libgcc.a
LOAD C:/ST/STM32CubeIDE_2.0.0/STM32CubeIDE/plugins/com.st.stm32cube.ide.mcu.externaltools.gnu-tools-for-stm32.13.3.rel1.win32_1.0.100.202509120712/tools/bin/../lib/gcc/arm-none-eabi/13.3.1/../../../../arm-none-eabi/lib/thumb/v7e-m+fp/hard\libc_nano.a
END GROUP
START GROUP
LOAD C:/ST/STM32CubeIDE_2.0.0/STM32CubeIDE/plugins/com.st.stm32cube.ide.mcu.externaltools.gnu-tools-for-stm32.13.3.rel1.win32_1.0.100.202509120712/tools/bin/../lib/gcc/arm-none-eabi/13.3.1/thumb/v7e-m+fp/hard\libgcc.a
LOAD C:/ST/STM32CubeIDE_2.0.0/STM32CubeIDE/plugins/com.st.stm32cube.ide.mcu.externaltools.gnu-tools-for-stm32.13.3.rel1.win32_1.0.100.202509120712/tools/bin/../lib/gcc/arm-none-eabi/13.3.1/../../../../arm-none-eabi/lib/thumb/v7e-m+fp/hard\libc_nano.a
LOAD C:/ST/STM32CubeIDE_2.0.0/STM32CubeIDE/plugins/com.st.stm32cube.ide.mcu.externaltools.gnu-tools-for-stm32.13.3.rel1.win32_1.0.100.202509120712/tools/bin/../lib/gcc/arm-none-eabi/13.3.1/../../../../arm-none-eabi/lib/thumb/v7e-m+fp/hard\libnosys.a
END GROUP
START GROUP
LOAD C:/ST/STM32CubeIDE_2.0.0/STM32CubeIDE/plugins/com.st.stm32cube.ide.mcu.externaltools.gnu-tools-for-stm32.13.3.rel1.win32_1.0.100.202509120712/tools/bin/../lib/gcc/arm-none-eabi/13.3.1/thumb/v7e-m+fp/hard\libgcc.a
LOAD C:/ST/STM32CubeIDE_2.0.0/STM32CubeIDE/plugins/com.st.stm32cube.ide.mcu.externaltools.gnu-tools-for-stm32.13.3.rel1.win32_1.0.100.202509120712/tools/bin/../lib/gcc/arm-none-eabi/13.3.1/../../../../arm-none-eabi/lib/thumb/v7e-m+fp/hard\libc_nano.a
LOAD C:/ST/STM32CubeIDE_2.0.0/STM32CubeIDE/plugins/com.st.stm32cube.ide.mcu.externaltools.gnu-tools-for-stm32.13.3.rel1.win32_1.0.100.202509120712/tools/bin/../lib/gcc/arm-none-eabi/13.3.1/../../../../arm-none-eabi/lib/thumb/v7e-m+fp/hard\libnosys.a
END GROUP
LOAD C:/ST/STM32CubeIDE_2.0.0/STM32CubeIDE/plugins/com.st.stm32cube.ide.mcu.externaltools.gnu-tools-for-stm32.13.3.rel1.win32_1.0.100.202509120712/tools/bin/../lib/gcc/arm-none-eabi/13.3.1/thumb/v7e-m+fp/hard/crtend.o
LOAD C:/ST/STM32CubeIDE_2.0.0/STM32CubeIDE/plugins/com.st.stm32cube.ide.mcu.externaltools.gnu-tools-for-stm32.13.3.rel1.win32_1.0.100.202509120712/tools/bin/../lib/gcc/arm-none-eabi/13.3.1/thumb/v7e-m+fp/hard/crtn.o
                0x20008000                        _estack = (ORIGIN (RAM) + LENGTH (RAM))
                0x00000200                        _Min_Heap_Size = 0x200
                0x00000400                        _Min_Stack_Size = 0x400

.isr_vector     0x08000000      0x1d8
                0x08000000                        . = ALIGN (0x4)
 *(.isr_vector)
 .isr_vector    0x08000000      0x1d8 ./Application/Startup/startup_stm32g431rbtx.o
                0x08000000                g_pfnVectors
                0x080001d8                        . = ALIGN (0x4)

.text           0x080001d8     0x8e3c
                0x080001d8                        . = ALIGN (0x4)
 *(.text)
 .text          0x080001d8       0x40 C:/ST/STM32CubeIDE_2.0.0/STM32CubeIDE/plugins/com.st.stm32cube.ide.mcu.externaltools.gnu-tools-for-stm32.13.3.rel1.win32_1.0.100.202509120712/tools/bin/../lib/gcc/arm-none-eabi/13.3.1/thumb/v7e-m+fp/hard/crtbegin.o
 .text          0x08000218       0xa0 C:/ST/STM32CubeIDE_2.0.0/STM32CubeIDE/plugins/com.st.stm32cube.ide.mcu.externaltools.gnu-tools-for-stm32.13.3.rel1.win32_1.0.100.202509120712/tools/bin/../lib/gcc/arm-none-eabi/13.3.1/thumb/v7e-m+fp/hard\libgcc.a(_aeabi_ldivmod.o)
                0x08000218                __aeabi_ldivmod
 .text          0x080002b8       0x30 C:/ST/STM32CubeIDE_2.0.0/STM32CubeIDE/plugins/com.st.stm32cube.ide.mcu.externaltools.gnu-tools-for-stm32.13.3.rel1.win32_1.0.100.202509120712/tools/bin/../lib/gcc/arm-none-eabi/13.3.1/thumb/v7e-m+fp/hard\libgcc.a(_aeabi_uldivmod.o)
                0x080002b8                __aeabi_uldivmod
 .text          0x080002e8      0x2f8 C:/ST/STM32CubeIDE_2.0.0/STM32CubeIDE/plugins/com.st.stm32cube.ide.mcu.externaltools.gnu-tools-for-stm32.13.3.rel1.win32_1.0.100.202509120712/tools/bin/../lib/gcc/arm-none-eabi/13.3.1/thumb/v7e-m+fp/hard\libgcc.a(_udivmoddi4.o)
                0x080002e8                __udivmoddi4
 .text          0x080005e0        0x4 C:/ST/STM32CubeIDE_2.0.0/STM32CubeIDE/plugins/com.st.stm32cube.ide.mcu.externaltools.gnu-tools-for-stm32.13.3.rel1.win32_1.0.100.202509120712/tools/bin/../lib/gcc/arm-none-eabi/13.3.1/thumb/v7e-m+fp/hard\libgcc.a(_dvmd_tls.o)
                0x080005e0                __aeabi_idiv0
                0x080005e0                __aeabi_ldiv0
 *(.text*)
 .text.Reset_Handler
                0x080005e4       0x50 ./Application/Startup/startup_stm32g431rbtx.o
                0x080005e4                Reset_Handler
 .text.Default_Handler
                0x08000634        0x2 ./Application/Startup/startup_stm32g431rbtx.o
                0x08000634                RTC_Alarm_IRQHandler
                0x08000634                EXTI2_IRQHandler
                0x08000634                TIM8_TRG_COM_IRQHandler
                0x08000634                TIM8_CC_IRQHandler
                0x08000634                DebugMon_Handler
                0x08000634                TIM1_CC_IRQHandler
                0x08000634                USB_HP_IRQHandler
                0x08000634                CORDIC_IRQHandler
                0x08000634                PendSV_Handler
                0x08000634                NMI_Handler
                0x08000634                EXTI3_IRQHandler
                0x08000634                I2C3_ER_IRQHandler
                0x08000634                EXTI0_IRQHandler
                0x08000634                I2C2_EV_IRQHandler
                0x08000634                FPU_IRQHandler
                0x08000634                FDCAN1_IT1_IRQHandler
                0x08000634                UsageFault_Handler
                0x08000634                SPI1_IRQHandler
                0x08000634                TIM6_DAC_IRQHandler
                0x08000634                TIM8_UP_IRQHandler
                0x08000634                DMA2_Channel2_IRQHandler
                0x08000634                DMA1_Channel4_IRQHandler
                0x08000634                USART3_IRQHandler
                0x08000634                TIM4_IRQHandler
                0x08000634                DMA2_Channel1_IRQHandler
                0x08000634                I2C1_EV_IRQHandler
                0x08000634                DMA1_Channel6_IRQHandler
                0x08000634                UART4_IRQHandler
                0x08000634                DMA2_Channel4_IRQHandler
                0x08000634                TIM3_IRQHandler
                0x08000634                RCC_IRQHandler
                0x08000634                DMA1_Channel1_IRQHandler
                0x08000634                Default_Handler
                0x08000634                RTC_TAMP_LSECSS_IRQHandler
                0x08000634                FMAC_IRQHandler
                0x08000634                TIM7_IRQHandler
                0x08000634                UCPD1_IRQHandler
                0x08000634                I2C3_EV_IRQHandler
                0x08000634                EXTI9_5_IRQHandler
                0x08000634                RTC_WKUP_IRQHandler
                0x08000634                PVD_PVM_IRQHandler
                0x08000634                SPI2_IRQHandler
                0x08000634                MemManage_Handler
                0x08000634                SVC_Handler
                0x08000634                DMA2_Channel5_IRQHandler
                0x08000634                CRS_IRQHandler
                0x08000634                DMA1_Channel5_IRQHandler
                0x08000634                USB_LP_IRQHandler
                0x08000634                EXTI4_IRQHandler
                0x08000634                RNG_IRQHandler
                0x08000634                TIM1_TRG_COM_TIM17_IRQHandler
                0x08000634                DMA1_Channel3_IRQHandler
                0x08000634                WWDG_IRQHandler
                0x08000634                LPUART1_IRQHandler
                0x08000634                DMA2_Channel6_IRQHandler
                0x08000634                FDCAN1_IT0_IRQHandler
                0x08000634                TIM2_IRQHandler
                0x08000634                COMP1_2_3_IRQHandler
                0x08000634                EXTI1_IRQHandler
                0x08000634                I2C2_ER_IRQHandler
                0x08000634                DMA1_Channel2_IRQHandler
                0x08000634                TIM8_BRK_IRQHandler
                0x08000634                FLASH_IRQHandler
                0x08000634                BusFault_Handler
                0x08000634                USART1_IRQHandler
                0x08000634                SPI3_IRQHandler
                0x08000634                I2C1_ER_IRQHandler
                0x08000634                LPTIM1_IRQHandler
                0x08000634                DMAMUX_OVR_IRQHandler
                0x08000634                USBWakeUp_IRQHandler
                0x08000634                SAI1_IRQHandler
                0x08000634                DMA2_Channel3_IRQHandler
                0x08000634                COMP4_IRQHandler
 *fill*         0x08000636        0x2 
 .text.ASPEP_start
                0x08000638       0x28 ./Application/User/aspep.o
                0x08000638                ASPEP_start
 .text.ASPEP_sendBeacon
                0x08000660       0x8c ./Application/User/aspep.o
                0x08000660                ASPEP_sendBeacon
 .text.ASPEP_sendPing
                0x080006ec       0x8c ./Application/User/aspep.o
                0x080006ec                ASPEP_sendPing
 .text.ASPEP_getBuffer
                0x08000778       0x60 ./Application/User/aspep.o
                0x08000778                ASPEP_getBuffer
 .text.ASPEP_sendPacket
                0x080007d8      0x118 ./Application/User/aspep.o
                0x080007d8                ASPEP_sendPacket
 .text.ASPEP_HWDataTransmittedIT
                0x080008f0       0x98 ./Application/User/aspep.o
                0x080008f0                ASPEP_HWDataTransmittedIT
 .text.ASPEP_RXframeProcess
                0x08000988      0x2b4 ./Application/User/aspep.o
                0x08000988                ASPEP_RXframeProcess
 .text.ASPEP_HWDataReceivedIT
                0x08000c3c       0xa0 ./Application/User/aspep.o
                0x08000c3c                ASPEP_HWDataReceivedIT
 .text.ASPEP_HWReset
                0x08000cdc       0x14 ./Application/User/aspep.o
                0x08000cdc                ASPEP_HWReset
 .text.HF_GetIDSize
                0x08000cf0       0x18 ./Application/User/hf_registers.o
                0x08000cf0                HF_GetIDSize
 .text.HF_GetPtrReg
                0x08000d08      0x144 ./Application/User/hf_registers.o
                0x08000d08                HF_GetPtrReg
 *fill*         0x08000e4c        0x4 
 .text.SystemClock_Config
                0x08000e50       0x78 ./Application/User/main.o
                0x08000e50                SystemClock_Config
 .text.startup.main
                0x08000ec8      0x4b4 ./Application/User/main.o
                0x08000ec8                main
 .text.Error_Handler
                0x0800137c        0x4 ./Application/User/main.o
                0x0800137c                Error_Handler
 .text.MC_StartMotor1
                0x08001380        0xc ./Application/User/mc_api.o
                0x08001380                MC_StartMotor1
 .text.MC_StopMotor1
                0x0800138c        0xc ./Application/User/mc_api.o
                0x0800138c                MC_StopMotor1
 .text.MC_GetSTMStateMotor1
                0x08001398        0xc ./Application/User/mc_api.o
                0x08001398                MC_GetSTMStateMotor1
 .text.MC_ProfilerCommand
                0x080013a4        0x4 ./Application/User/mc_api.o
                0x080013a4                MC_ProfilerCommand
 .text.MC_APP_BootHook
                0x080013a8       0x1c ./Application/User/mc_app_hooks.o
                0x080013a8                MC_APP_BootHook
 .text.MC_APP_PostMediumFrequencyHook_M1
                0x080013c4       0x14 ./Application/User/mc_app_hooks.o
                0x080013c4                MC_APP_PostMediumFrequencyHook_M1
 .text.MCI_ExecSpeedRamp
                0x080013d8       0x14 ./Application/User/mc_interface.o
                0x080013d8                MCI_ExecSpeedRamp
 .text.MCI_ExecTorqueRamp
                0x080013ec       0x14 ./Application/User/mc_interface.o
                0x080013ec                MCI_ExecTorqueRamp
 .text.MCI_SetCurrentReferences
                0x08001400       0x14 ./Application/User/mc_interface.o
                0x08001400                MCI_SetCurrentReferences
 .text.MCI_FaultProcessing
                0x08001414       0x18 ./Application/User/mc_interface.o
                0x08001414                MCI_FaultProcessing
 .text.MCI_ExecBufferedCommands
                0x0800142c       0x70 ./Application/User/mc_interface.o
                0x0800142c                MCI_ExecBufferedCommands
 .text.MCI_GetSTMState
                0x0800149c        0x4 ./Application/User/mc_interface.o
                0x0800149c                MCI_GetSTMState
 .text.MCI_GetOccurredFaults
                0x080014a0        0x4 ./Application/User/mc_interface.o
                0x080014a0                MCI_GetOccurredFaults
 .text.MCI_GetCurrentFaults
                0x080014a4        0x4 ./Application/User/mc_interface.o
                0x080014a4                MCI_GetCurrentFaults
 .text.MCI_StartMotor
                0x080014a8       0x2c ./Application/User/mc_interface.o
                0x080014a8                MCI_StartMotor
 .text.MCI_StopMotor
                0x080014d4       0x38 ./Application/User/mc_interface.o
                0x080014d4                MCI_StopMotor
 .text.MCI_FaultAcknowledged
                0x0800150c       0x24 ./Application/User/mc_interface.o
                0x0800150c                MCI_FaultAcknowledged
 .text.MCI_GetFaultState
                0x08001530        0xc ./Application/User/mc_interface.o
                0x08001530                MCI_GetFaultState
 .text.MCI_GetControlMode
                0x0800153c        0x4 ./Application/User/mc_interface.o
                0x0800153c                MCI_GetControlMode
 .text.MCI_GetImposedMotorDirection
                0x08001540       0x44 ./Application/User/mc_interface.o
                0x08001540                MCI_GetImposedMotorDirection
 .text.MCI_GetLastRampFinalSpeed
                0x08001584        0x8 ./Application/User/mc_interface.o
                0x08001584                MCI_GetLastRampFinalSpeed
 .text.MCI_GetLastRampFinalTorque
                0x0800158c        0x8 ./Application/User/mc_interface.o
                0x0800158c                MCI_GetLastRampFinalTorque
 .text.MCI_GetLastRampFinalDuration
                0x08001594        0x4 ./Application/User/mc_interface.o
                0x08001594                MCI_GetLastRampFinalDuration
 .text.MCI_StopRamp
                0x08001598        0xc ./Application/User/mc_interface.o
                0x08001598                MCI_StopRamp
 .text.MCI_GetAvrgMecSpeedUnit
                0x080015a4        0x8 ./Application/User/mc_interface.o
                0x080015a4                MCI_GetAvrgMecSpeedUnit
 .text.MCI_GetMecSpeedRefUnit
                0x080015ac        0x8 ./Application/User/mc_interface.o
                0x080015ac                MCI_GetMecSpeedRefUnit
 .text.MCI_GetIab
                0x080015b4       0x14 ./Application/User/mc_interface.o
                0x080015b4                MCI_GetIab
 .text.MCI_GetIalphabeta
                0x080015c8       0x14 ./Application/User/mc_interface.o
                0x080015c8                MCI_GetIalphabeta
 .text.MCI_GetIqd
                0x080015dc       0x14 ./Application/User/mc_interface.o
                0x080015dc                MCI_GetIqd
 .text.MCI_GetIqdref
                0x080015f0       0x14 ./Application/User/mc_interface.o
                0x080015f0                MCI_GetIqdref
 .text.MCI_GetVqd
                0x08001604       0x14 ./Application/User/mc_interface.o
                0x08001604                MCI_GetVqd
 .text.MCI_GetValphabeta
                0x08001618       0x14 ./Application/User/mc_interface.o
                0x08001618                MCI_GetValphabeta
 .text.MCI_GetTeref
                0x0800162c        0x8 ./Application/User/mc_interface.o
                0x0800162c                MCI_GetTeref
 .text.MCI_Clear_Iqdref
                0x08001634       0x14 ./Application/User/mc_interface.o
                0x08001634                MCI_Clear_Iqdref
 .text.MCM_Clarke
                0x08001648       0x54 ./Application/User/mc_math.o
                0x08001648                MCM_Clarke
 .text.MCM_Trig_Functions
                0x0800169c       0x20 ./Application/User/mc_math.o
                0x0800169c                MCM_Trig_Functions
 .text.MCM_Park
                0x080016bc       0x84 ./Application/User/mc_math.o
                0x080016bc                MCM_Park
 .text.MCM_Rev_Park
                0x08001740       0x3c ./Application/User/mc_math.o
                0x08001740                MCM_Rev_Park
 .text.MCM_Sqrt
                0x0800177c       0x20 ./Application/User/mc_math.o
                0x0800177c                MCM_Sqrt
 .text.MCboot   0x0800179c       0x70 ./Application/User/mc_tasks.o
                0x0800179c                MCboot
 .text.TSK_SetChargeBootCapDelayM1
                0x0800180c        0xc ./Application/User/mc_tasks.o
                0x0800180c                TSK_SetChargeBootCapDelayM1
 .text.TSK_ChargeBootCapDelayHasElapsedM1
                0x08001818       0x14 ./Application/User/mc_tasks.o
                0x08001818                TSK_ChargeBootCapDelayHasElapsedM1
 .text.TSK_SetStopPermanencyTimeM1
                0x0800182c        0xc ./Application/User/mc_tasks.o
                0x0800182c                TSK_SetStopPermanencyTimeM1
 .text.TSK_StopPermanencyTimeHasElapsedM1
                0x08001838       0x14 ./Application/User/mc_tasks.o
                0x08001838                TSK_StopPermanencyTimeHasElapsedM1
 .text.TSK_HighFrequencyTask
                0x0800184c       0x2c ./Application/User/mc_tasks.o
                0x0800184c                TSK_HighFrequencyTask
 .text.TSK_SafetyTask_PWMOFF
                0x08001878       0x88 ./Application/User/mc_tasks.o
                0x08001878                TSK_SafetyTask_PWMOFF
 .text.TSK_SafetyTask
                0x08001900       0x18 ./Application/User/mc_tasks.o
                0x08001900                TSK_SafetyTask
 .text.MC_RunMotorControlTasks
                0x08001918       0x90 ./Application/User/mc_tasks.o
                0x08001918                MC_RunMotorControlTasks
 .text.TSK_HardwareFaultTask
                0x080019a8       0x1c ./Application/User/mc_tasks.o
                0x080019a8                TSK_HardwareFaultTask
 .text.UI_HandleStartStopButton_cb
                0x080019c4       0x18 ./Application/User/mc_tasks.o
                0x080019c4                UI_HandleStartStopButton_cb
 .text.mc_lock_pins
                0x080019dc      0x118 ./Application/User/mc_tasks.o
                0x080019dc                mc_lock_pins
 .text.FOC_Clear
                0x08001af4       0x5c ./Application/User/mc_tasks_foc.o
                0x08001af4                FOC_Clear
 .text.FOC_Init
                0x08001b50       0xe0 ./Application/User/mc_tasks_foc.o
                0x08001b50                FOC_Init
 .text.FOC_InitAdditionalMethods
                0x08001c30        0x4 ./Application/User/mc_tasks_foc.o
                0x08001c30                FOC_InitAdditionalMethods
 .text.FOC_CalcCurrRef
                0x08001c34       0x50 ./Application/User/mc_tasks_foc.o
                0x08001c34                FOC_CalcCurrRef
 .text.TSK_MediumFrequencyTaskM1
                0x08001c84      0x2f4 ./Application/User/mc_tasks_foc.o
                0x08001c84                TSK_MediumFrequencyTaskM1
 .text.FOC_HighFrequencyTask
                0x08001f78      0x1b0 ./Application/User/mc_tasks_foc.o
                0x08001f78                FOC_HighFrequencyTask
 .text.RI_SetRegCommandParser
                0x08002128       0xe0 ./Application/User/mcp.o
                0x08002128                RI_SetRegCommandParser
 .text.RI_GetRegCommandParser
                0x08002208       0x8c ./Application/User/mcp.o
                0x08002208                RI_GetRegCommandParser
 .text.MCP_ReceivedPacket
                0x08002294      0x188 ./Application/User/mcp.o
                0x08002294                MCP_ReceivedPacket
 .text.MX_MotorControl_Init
                0x0800241c       0x3c ./Application/User/motorcontrol.o
                0x0800241c                MX_MotorControl_Init
 .text.startTimers
                0x08002458       0xac ./Application/User/pwm_common.o
                0x08002458                startTimers
 .text.waitForPolarizationEnd
                0x08002504       0x3c ./Application/User/pwm_common.o
                0x08002504                waitForPolarizationEnd
 .text.PWMC_SetPhaseVoltage
                0x08002540      0x248 ./Application/User/pwm_curr_fdbk.o
                0x08002540                PWMC_SetPhaseVoltage
 .text.PWMC_SwitchOffPWM
                0x08002788        0x4 ./Application/User/pwm_curr_fdbk.o
                0x08002788                PWMC_SwitchOffPWM
 .text.PWMC_SwitchOnPWM
                0x0800278c        0x4 ./Application/User/pwm_curr_fdbk.o
                0x0800278c                PWMC_SwitchOnPWM
 .text.PWMC_CurrentReadingCalibr
                0x08002790       0x34 ./Application/User/pwm_curr_fdbk.o
                0x08002790                PWMC_CurrentReadingCalibr
 .text.PWMC_DP_Handler
                0x080027c4       0x14 ./Application/User/pwm_curr_fdbk.o
                0x080027c4                PWMC_DP_Handler
 .text.PWMC_OVP_Handler
                0x080027d8       0x1c ./Application/User/pwm_curr_fdbk.o
                0x080027d8                PWMC_OVP_Handler
 .text.PWMC_IsFaultOccurred
                0x080027f4       0x38 ./Application/User/pwm_curr_fdbk.o
                0x080027f4                PWMC_IsFaultOccurred
 .text.RCM_RegisterRegConv
                0x0800282c       0xcc ./Application/User/regular_conversion_manager.o
                0x0800282c                RCM_RegisterRegConv
 .text.RCM_ExecNextConv
                0x080028f8       0x6c ./Application/User/regular_conversion_manager.o
                0x080028f8                RCM_ExecNextConv
 .text.RCM_ReadOngoingConv
                0x08002964       0x44 ./Application/User/regular_conversion_manager.o
                0x08002964                RCM_ReadOngoingConv
 .text.SPDPOT_Init
                0x080029a8       0x18 ./Application/User/speed_potentiometer.o
                0x080029a8                SPDPOT_Init
 .text.SPDPOT_Run
                0x080029c0       0xa8 ./Application/User/speed_potentiometer.o
                0x080029c0                SPDPOT_Run
 .text.STC_Init
                0x08002a68       0x2c ./Application/User/speed_torq_ctrl.o
                0x08002a68                STC_Init
 .text.STC_SetSpeedSensor
                0x08002a94        0x4 ./Application/User/speed_torq_ctrl.o
                0x08002a94                STC_SetSpeedSensor
 .text.STC_Clear
                0x08002a98       0x18 ./Application/User/speed_torq_ctrl.o
                0x08002a98                STC_Clear
 .text.STC_GetMecSpeedRefUnit
                0x08002ab0        0x8 ./Application/User/speed_torq_ctrl.o
                0x08002ab0                STC_GetMecSpeedRefUnit
 .text.STC_SetControlMode
                0x08002ab8        0x8 ./Application/User/speed_torq_ctrl.o
                0x08002ab8                STC_SetControlMode
 .text.STC_ExecRamp
                0x08002ac0       0x90 ./Application/User/speed_torq_ctrl.o
                0x08002ac0                STC_ExecRamp
 .text.STC_CalcTorqueReference
                0x08002b50       0x6c ./Application/User/speed_torq_ctrl.o
                0x08002b50                STC_CalcTorqueReference
 .text.STC_GetMecSpeedRefUnitDefault
                0x08002bbc        0x8 ./Application/User/speed_torq_ctrl.o
                0x08002bbc                STC_GetMecSpeedRefUnitDefault
 .text.STC_GetDefaultIqdref
                0x08002bc4        0xc ./Application/User/speed_torq_ctrl.o
                0x08002bc4                STC_GetDefaultIqdref
 .text.STC_ForceSpeedReferenceToCurrentSpeed
                0x08002bd0       0x10 ./Application/User/speed_torq_ctrl.o
                0x08002bd0                STC_ForceSpeedReferenceToCurrentSpeed
 .text.USART2_IRQHandler
                0x08002be0      0x120 ./Application/User/stm32_mc_common_it.o
                0x08002be0                USART2_IRQHandler
 .text.HardFault_Handler
                0x08002d00        0x8 ./Application/User/stm32_mc_common_it.o
                0x08002d00                HardFault_Handler
 .text.SysTick_Handler
                0x08002d08       0x44 ./Application/User/stm32_mc_common_it.o
                0x08002d08                SysTick_Handler
 .text.EXTI15_10_IRQHandler
                0x08002d4c       0x18 ./Application/User/stm32_mc_common_it.o
                0x08002d4c                EXTI15_10_IRQHandler
 .text.HAL_MspInit
                0x08002d64       0x40 ./Application/User/stm32g4xx_hal_msp.o
                0x08002d64                HAL_MspInit
 .text.HAL_ADC_MspInit
                0x08002da4      0x188 ./Application/User/stm32g4xx_hal_msp.o
                0x08002da4                HAL_ADC_MspInit
 .text.HAL_CORDIC_MspInit
                0x08002f2c       0x2c ./Application/User/stm32g4xx_hal_msp.o
                0x08002f2c                HAL_CORDIC_MspInit
 .text.HAL_TIM_PWM_MspInit
                0x08002f58       0x74 ./Application/User/stm32g4xx_hal_msp.o
                0x08002f58                HAL_TIM_PWM_MspInit
 *fill*         0x08002fcc        0x4 
 .text.HAL_TIM_MspPostInit
                0x08002fd0       0x74 ./Application/User/stm32g4xx_hal_msp.o
                0x08002fd0                HAL_TIM_MspPostInit
 *fill*         0x08003044        0x4 
 .text.HAL_UART_MspInit
                0x08003048      0x110 ./Application/User/stm32g4xx_hal_msp.o
                0x08003048                HAL_UART_MspInit
 .text.ADC1_2_IRQHandler
                0x08003158        0xc ./Application/User/stm32g4xx_mc_it.o
                0x08003158                ADC1_2_IRQHandler
 .text.TIM1_UP_TIM16_IRQHandler
                0x08003164       0x18 ./Application/User/stm32g4xx_mc_it.o
                0x08003164                TIM1_UP_TIM16_IRQHandler
 .text.TIM1_BRK_TIM15_IRQHandler
                0x0800317c       0x3c ./Application/User/stm32g4xx_mc_it.o
                0x0800317c                TIM1_BRK_TIM15_IRQHandler
 .text.RI_SetRegisterGlobal
                0x080031b8      0x100 ./Application/User/sync_registers.o
                0x080031b8                RI_SetRegisterGlobal
 .text.RI_SetRegisterMotor1
                0x080032b8      0x5b0 ./Application/User/sync_registers.o
                0x080032b8                RI_SetRegisterMotor1
 .text.RI_GetRegisterGlobal
                0x08003868      0x134 ./Application/User/sync_registers.o
                0x08003868                RI_GetRegisterGlobal
 .text.RI_GetRegisterMotor1
                0x0800399c      0x7d0 ./Application/User/sync_registers.o
                0x0800399c                RI_GetRegisterMotor1
 .text.UASPEP_INIT
                0x0800416c       0x84 ./Application/User/usart_aspep_driver.o
                0x0800416c                UASPEP_INIT
 .text.UASPEP_CFG_TRANSMISSION
                0x080041f0       0x38 ./Application/User/usart_aspep_driver.o
                0x080041f0                UASPEP_CFG_TRANSMISSION
 .text.UASPEP_CFG_RECEPTION
                0x08004228       0x3c ./Application/User/usart_aspep_driver.o
                0x08004228                UASPEP_CFG_RECEPTION
 .text.UASPEP_IDLE_ENABLE
                0x08004264       0x18 ./Application/User/usart_aspep_driver.o
                0x08004264                UASPEP_IDLE_ENABLE
 .text.SystemInit
                0x0800427c       0x14 ./Drivers/CMSIS/system_stm32g4xx.o
                0x0800427c                SystemInit
 .text.HAL_InitTick
                0x08004290       0x4c ./Drivers/STM32G4xx_HAL_Driver/stm32g4xx_hal.o
                0x08004290                HAL_InitTick
 .text.HAL_Init
                0x080042dc       0x30 ./Drivers/STM32G4xx_HAL_Driver/stm32g4xx_hal.o
                0x080042dc                HAL_Init
 .text.HAL_IncTick
                0x0800430c       0x18 ./Drivers/STM32G4xx_HAL_Driver/stm32g4xx_hal.o
                0x0800430c                HAL_IncTick
 .text.HAL_GetTick
                0x08004324        0xc ./Drivers/STM32G4xx_HAL_Driver/stm32g4xx_hal.o
                0x08004324                HAL_GetTick
 .text.HAL_ADC_Init
                0x08004330      0x1e8 ./Drivers/STM32G4xx_HAL_Driver/stm32g4xx_hal_adc.o
                0x08004330                HAL_ADC_Init
 .text.HAL_ADC_ConfigChannel
                0x08004518      0x4e0 ./Drivers/STM32G4xx_HAL_Driver/stm32g4xx_hal_adc.o
                0x08004518                HAL_ADC_ConfigChannel
 .text.HAL_ADCEx_InjectedConfigChannel
                0x080049f8      0x5fc ./Drivers/STM32G4xx_HAL_Driver/stm32g4xx_hal_adc_ex.o
                0x080049f8                HAL_ADCEx_InjectedConfigChannel
 .text.HAL_ADCEx_MultiModeConfigChannel
                0x08004ff4       0xc8 ./Drivers/STM32G4xx_HAL_Driver/stm32g4xx_hal_adc_ex.o
                0x08004ff4                HAL_ADCEx_MultiModeConfigChannel
 .text.HAL_CORDIC_Init
                0x080050bc       0x34 ./Drivers/STM32G4xx_HAL_Driver/stm32g4xx_hal_cordic.o
                0x080050bc                HAL_CORDIC_Init
 .text.HAL_NVIC_SetPriorityGrouping
                0x080050f0       0x24 ./Drivers/STM32G4xx_HAL_Driver/stm32g4xx_hal_cortex.o
                0x080050f0                HAL_NVIC_SetPriorityGrouping
 .text.HAL_NVIC_SetPriority
                0x08005114       0x78 ./Drivers/STM32G4xx_HAL_Driver/stm32g4xx_hal_cortex.o
                0x08005114                HAL_NVIC_SetPriority
 .text.HAL_NVIC_EnableIRQ
                0x0800518c       0x1c ./Drivers/STM32G4xx_HAL_Driver/stm32g4xx_hal_cortex.o
                0x0800518c                HAL_NVIC_EnableIRQ
 .text.HAL_NVIC_SystemReset
                0x080051a8       0x24 ./Drivers/STM32G4xx_HAL_Driver/stm32g4xx_hal_cortex.o
                0x080051a8                HAL_NVIC_SystemReset
 .text.HAL_SYSTICK_Config
                0x080051cc       0x34 ./Drivers/STM32G4xx_HAL_Driver/stm32g4xx_hal_cortex.o
                0x080051cc                HAL_SYSTICK_Config
 .text.HAL_SYSTICK_Callback
                0x08005200        0x4 ./Drivers/STM32G4xx_HAL_Driver/stm32g4xx_hal_cortex.o
                0x08005200                HAL_SYSTICK_Callback
 .text.HAL_SYSTICK_IRQHandler
                0x08005204        0x8 ./Drivers/STM32G4xx_HAL_Driver/stm32g4xx_hal_cortex.o
                0x08005204                HAL_SYSTICK_IRQHandler
 .text.HAL_DMA_Init
                0x0800520c      0x12c ./Drivers/STM32G4xx_HAL_Driver/stm32g4xx_hal_dma.o
                0x0800520c                HAL_DMA_Init
 .text.HAL_GPIO_Init
                0x08005338      0x398 ./Drivers/STM32G4xx_HAL_Driver/stm32g4xx_hal_gpio.o
                0x08005338                HAL_GPIO_Init
 .text.HAL_GPIO_WritePin
                0x080056d0        0xc ./Drivers/STM32G4xx_HAL_Driver/stm32g4xx_hal_gpio.o
                0x080056d0                HAL_GPIO_WritePin
 .text.HAL_PWREx_ControlVoltageScaling
                0x080056dc       0xe4 ./Drivers/STM32G4xx_HAL_Driver/stm32g4xx_hal_pwr_ex.o
                0x080056dc                HAL_PWREx_ControlVoltageScaling
 .text.HAL_PWREx_DisableUCPDDeadBattery
                0x080057c0       0x10 ./Drivers/STM32G4xx_HAL_Driver/stm32g4xx_hal_pwr_ex.o
                0x080057c0                HAL_PWREx_DisableUCPDDeadBattery
 .text.HAL_RCC_OscConfig
                0x080057d0      0x48c ./Drivers/STM32G4xx_HAL_Driver/stm32g4xx_hal_rcc.o
                0x080057d0                HAL_RCC_OscConfig
 .text.HAL_RCC_GetSysClockFreq
                0x08005c5c       0x70 ./Drivers/STM32G4xx_HAL_Driver/stm32g4xx_hal_rcc.o
                0x08005c5c                HAL_RCC_GetSysClockFreq
 .text.HAL_RCC_ClockConfig
                0x08005ccc      0x208 ./Drivers/STM32G4xx_HAL_Driver/stm32g4xx_hal_rcc.o
                0x08005ccc                HAL_RCC_ClockConfig
 .text.HAL_RCC_GetHCLKFreq
                0x08005ed4        0xc ./Drivers/STM32G4xx_HAL_Driver/stm32g4xx_hal_rcc.o
                0x08005ed4                HAL_RCC_GetHCLKFreq
 .text.HAL_RCC_GetPCLK1Freq
                0x08005ee0       0x24 ./Drivers/STM32G4xx_HAL_Driver/stm32g4xx_hal_rcc.o
                0x08005ee0                HAL_RCC_GetPCLK1Freq
 .text.HAL_RCC_GetPCLK2Freq
                0x08005f04       0x24 ./Drivers/STM32G4xx_HAL_Driver/stm32g4xx_hal_rcc.o
                0x08005f04                HAL_RCC_GetPCLK2Freq
 .text.HAL_RCC_EnableCSS
                0x08005f28       0x10 ./Drivers/STM32G4xx_HAL_Driver/stm32g4xx_hal_rcc.o
                0x08005f28                HAL_RCC_EnableCSS
 .text.HAL_RCCEx_PeriphCLKConfig
                0x08005f38      0x29c ./Drivers/STM32G4xx_HAL_Driver/stm32g4xx_hal_rcc_ex.o
                0x08005f38                HAL_RCCEx_PeriphCLKConfig
 .text.TIM_OC1_SetConfig
                0x080061d4       0x7c ./Drivers/STM32G4xx_HAL_Driver/stm32g4xx_hal_tim.o
 .text.TIM_OC3_SetConfig
                0x08006250       0x84 ./Drivers/STM32G4xx_HAL_Driver/stm32g4xx_hal_tim.o
 .text.TIM_OC4_SetConfig
                0x080062d4       0x88 ./Drivers/STM32G4xx_HAL_Driver/stm32g4xx_hal_tim.o
 .text.HAL_TIM_PWM_Init
                0x0800635c       0xfc ./Drivers/STM32G4xx_HAL_Driver/stm32g4xx_hal_tim.o
                0x0800635c                HAL_TIM_PWM_Init
 .text.TIM_OC2_SetConfig
                0x08006458       0x88 ./Drivers/STM32G4xx_HAL_Driver/stm32g4xx_hal_tim.o
                0x08006458                TIM_OC2_SetConfig
 .text.HAL_TIM_PWM_ConfigChannel
                0x080064e0      0x1cc ./Drivers/STM32G4xx_HAL_Driver/stm32g4xx_hal_tim.o
                0x080064e0                HAL_TIM_PWM_ConfigChannel
 .text.HAL_TIMEx_MasterConfigSynchronization
                0x080066ac       0xa4 ./Drivers/STM32G4xx_HAL_Driver/stm32g4xx_hal_tim_ex.o
                0x080066ac                HAL_TIMEx_MasterConfigSynchronization
 .text.HAL_TIMEx_ConfigBreakDeadTime
                0x08006750       0x9c ./Drivers/STM32G4xx_HAL_Driver/stm32g4xx_hal_tim_ex.o
                0x08006750                HAL_TIMEx_ConfigBreakDeadTime
 .text.HAL_TIMEx_ConfigBreakInput
                0x080067ec       0xb0 ./Drivers/STM32G4xx_HAL_Driver/stm32g4xx_hal_tim_ex.o
                0x080067ec                HAL_TIMEx_ConfigBreakInput
 .text.UART_SetConfig
                0x0800689c      0x278 ./Drivers/STM32G4xx_HAL_Driver/stm32g4xx_hal_uart.o
                0x0800689c                UART_SetConfig
 .text.UART_AdvFeatureConfig
                0x08006b14       0xb0 ./Drivers/STM32G4xx_HAL_Driver/stm32g4xx_hal_uart.o
                0x08006b14                UART_AdvFeatureConfig
 .text.UART_CheckIdleState
                0x08006bc4      0x258 ./Drivers/STM32G4xx_HAL_Driver/stm32g4xx_hal_uart.o
                0x08006bc4                UART_CheckIdleState
 .text.HAL_UART_Init
                0x08006e1c       0x68 ./Drivers/STM32G4xx_HAL_Driver/stm32g4xx_hal_uart.o
                0x08006e1c                HAL_UART_Init
 .text.HAL_UARTEx_DisableFifoMode
                0x08006e84       0x3c ./Drivers/STM32G4xx_HAL_Driver/stm32g4xx_hal_uart_ex.o
                0x08006e84                HAL_UARTEx_DisableFifoMode
 .text.HAL_UARTEx_SetTxFifoThreshold
                0x08006ec0       0x84 ./Drivers/STM32G4xx_HAL_Driver/stm32g4xx_hal_uart_ex.o
                0x08006ec0                HAL_UARTEx_SetTxFifoThreshold
 .text.HAL_UARTEx_SetRxFifoThreshold
                0x08006f44       0x84 ./Drivers/STM32G4xx_HAL_Driver/stm32g4xx_hal_uart_ex.o
                0x08006f44                HAL_UARTEx_SetRxFifoThreshold
 .text.VBS_GetAvBusVoltage_V
                0x08006fc8        0xc ./Middlewares/MotorControl/bus_voltage_sensor.o
                0x08006fc8                VBS_GetAvBusVoltage_V
 .text.Circle_Limitation
                0x08006fd4       0x5c ./Middlewares/MotorControl/circle_limitation.o
                0x08006fd4                Circle_Limitation
 .text.MCPA_dataLog
                0x08007030      0x17c ./Middlewares/MotorControl/mcpa.o
                0x08007030                MCPA_dataLog
 .text.MCPA_cfgLog
                0x080071ac       0xf4 ./Middlewares/MotorControl/mcpa.o
                0x080071ac                MCPA_cfgLog
 .text.NTC_Init
                0x080072a0       0x24 ./Middlewares/MotorControl/ntc_temperature_sensor.o
                0x080072a0                NTC_Init
 .text.NTC_CalcAvTemp
                0x080072c4       0x4c ./Middlewares/MotorControl/ntc_temperature_sensor.o
                0x080072c4                NTC_CalcAvTemp
 .text.NTC_GetAvTemp_C
                0x08007310       0x24 ./Middlewares/MotorControl/ntc_temperature_sensor.o
                0x08007310                NTC_GetAvTemp_C
 .text.PID_HandleInit
                0x08007334       0x10 ./Middlewares/MotorControl/pid_regulator.o
                0x08007334                PID_HandleInit
 .text.PID_SetKP
                0x08007344        0x4 ./Middlewares/MotorControl/pid_regulator.o
                0x08007344                PID_SetKP
 .text.PID_SetKI
                0x08007348        0x4 ./Middlewares/MotorControl/pid_regulator.o
                0x08007348                PID_SetKI
 .text.PID_GetKP
                0x0800734c        0x8 ./Middlewares/MotorControl/pid_regulator.o
                0x0800734c                PID_GetKP
 .text.PID_GetKI
                0x08007354        0x8 ./Middlewares/MotorControl/pid_regulator.o
                0x08007354                PID_GetKI
 .text.PID_SetIntegralTerm
                0x0800735c        0x4 ./Middlewares/MotorControl/pid_regulator.o
                0x0800735c                PID_SetIntegralTerm
 .text.PID_GetKPDivisorPOW2
                0x08007360        0x4 ./Middlewares/MotorControl/pid_regulator.o
                0x08007360                PID_GetKPDivisorPOW2
 .text.PID_SetKPDivisorPOW2
                0x08007364        0xc ./Middlewares/MotorControl/pid_regulator.o
                0x08007364                PID_SetKPDivisorPOW2
 .text.PID_GetKIDivisorPOW2
                0x08007370        0x4 ./Middlewares/MotorControl/pid_regulator.o
                0x08007370                PID_GetKIDivisorPOW2
 .text.PID_SetLowerIntegralTermLimit
                0x08007374        0x4 ./Middlewares/MotorControl/pid_regulator.o
                0x08007374                PID_SetLowerIntegralTermLimit
 .text.PID_SetUpperIntegralTermLimit
                0x08007378        0x4 ./Middlewares/MotorControl/pid_regulator.o
                0x08007378                PID_SetUpperIntegralTermLimit
 .text.PID_SetKIDivisorPOW2
                0x0800737c       0x28 ./Middlewares/MotorControl/pid_regulator.o
                0x0800737c                PID_SetKIDivisorPOW2
 .text.PID_SetKD
                0x080073a4        0x4 ./Middlewares/MotorControl/pid_regulator.o
                0x080073a4                PID_SetKD
 .text.PID_GetKD
                0x080073a8        0x8 ./Middlewares/MotorControl/pid_regulator.o
                0x080073a8                PID_GetKD
 .text.PID_GetKDDivisorPOW2
                0x080073b0        0x4 ./Middlewares/MotorControl/pid_regulator.o
                0x080073b0                PID_GetKDDivisorPOW2
 .text.PID_SetKDDivisorPOW2
                0x080073b4        0xc ./Middlewares/MotorControl/pid_regulator.o
                0x080073b4                PID_SetKDDivisorPOW2
 .text.PI_Controller
                0x080073c0       0x8c ./Middlewares/MotorControl/pid_regulator.o
                0x080073c0                PI_Controller
 .text.POT_Init
                0x0800744c       0x24 ./Middlewares/MotorControl/potentiometer.o
                0x0800744c                POT_Init
 .text.POT_Clear
                0x08007470       0x1c ./Middlewares/MotorControl/potentiometer.o
                0x08007470                POT_Clear
 .text.POT_TakeMeasurement
                0x0800748c       0x34 ./Middlewares/MotorControl/potentiometer.o
                0x0800748c                POT_TakeMeasurement
 .text.PQD_CalcElMotorPower
                0x080074c0       0x38 ./Middlewares/MotorControl/pqd_motor_power_measurement.o
                0x080074c0                PQD_CalcElMotorPower
 .text.PQD_GetAvrgElMotorPowerW
                0x080074f8       0x34 ./Middlewares/MotorControl/pqd_motor_power_measurement.o
                0x080074f8                PQD_GetAvrgElMotorPowerW
 .text.R3_2_ADCxInit
                0x0800752c       0xe8 ./Middlewares/MotorControl/r3_2_g4xx_pwm_curr_fdbk.o
 .text.R3_2_GetPhaseCurrents
                0x08007614      0x17c ./Middlewares/MotorControl/r3_2_g4xx_pwm_curr_fdbk.o
                0x08007614                R3_2_GetPhaseCurrents
 .text.R3_2_SetADCSampPointPolarization
                0x08007790       0x44 ./Middlewares/MotorControl/r3_2_g4xx_pwm_curr_fdbk.o
                0x08007790                R3_2_SetADCSampPointPolarization
 .text.R3_2_HFCurrentsPolarizationAB
                0x080077d4       0x58 ./Middlewares/MotorControl/r3_2_g4xx_pwm_curr_fdbk.o
 .text.R3_2_HFCurrentsPolarizationC
                0x0800782c       0x4c ./Middlewares/MotorControl/r3_2_g4xx_pwm_curr_fdbk.o
 .text.R3_2_SwitchOnPWM
                0x08007878       0xc0 ./Middlewares/MotorControl/r3_2_g4xx_pwm_curr_fdbk.o
                0x08007878                R3_2_SwitchOnPWM
 .text.R3_2_RLGetPhaseCurrents
                0x08007938       0x54 ./Middlewares/MotorControl/r3_2_g4xx_pwm_curr_fdbk.o
 .text.R3_2_RLSwitchOnPWM
                0x0800798c       0x84 ./Middlewares/MotorControl/r3_2_g4xx_pwm_curr_fdbk.o
 .text.R3_2_TurnOnLowSides
                0x08007a10       0x74 ./Middlewares/MotorControl/r3_2_g4xx_pwm_curr_fdbk.o
                0x08007a10                R3_2_TurnOnLowSides
 .text.R3_2_SwitchOffPWM
                0x08007a84       0x4c ./Middlewares/MotorControl/r3_2_g4xx_pwm_curr_fdbk.o
                0x08007a84                R3_2_SwitchOffPWM
 .text.R3_2_SetAOReferenceVoltage
                0x08007ad0       0x94 ./Middlewares/MotorControl/r3_2_g4xx_pwm_curr_fdbk.o
 .text.R3_2_RLTurnOnLowSides
                0x08007b64       0x4c ./Middlewares/MotorControl/r3_2_g4xx_pwm_curr_fdbk.o
 .text.R3_2_Init
                0x08007bb0      0x2a0 ./Middlewares/MotorControl/r3_2_g4xx_pwm_curr_fdbk.o
                0x08007bb0                R3_2_Init
 .text.R3_2_SetOffsetCalib
                0x08007e50       0x1c ./Middlewares/MotorControl/r3_2_g4xx_pwm_curr_fdbk.o
                0x08007e50                R3_2_SetOffsetCalib
 .text.R3_2_GetOffsetCalib
                0x08007e6c       0x10 ./Middlewares/MotorControl/r3_2_g4xx_pwm_curr_fdbk.o
                0x08007e6c                R3_2_GetOffsetCalib
 .text.R3_2_CurrentReadingPolarization
                0x08007e7c      0x134 ./Middlewares/MotorControl/r3_2_g4xx_pwm_curr_fdbk.o
                0x08007e7c                R3_2_CurrentReadingPolarization
 .text.R3_2_SetADCSampPointSectX
                0x08007fb0       0x88 ./Middlewares/MotorControl/r3_2_g4xx_pwm_curr_fdbk.o
                0x08007fb0                R3_2_SetADCSampPointSectX
 .text.R3_2_TIMx_UP_IRQHandler
                0x08008038       0xa0 ./Middlewares/MotorControl/r3_2_g4xx_pwm_curr_fdbk.o
                0x08008038                R3_2_TIMx_UP_IRQHandler
 .text.R3_2_RLDetectionModeEnable
                0x080080d8       0xd8 ./Middlewares/MotorControl/r3_2_g4xx_pwm_curr_fdbk.o
                0x080080d8                R3_2_RLDetectionModeEnable
 .text.R3_2_RLDetectionModeDisable
                0x080081b0      0x130 ./Middlewares/MotorControl/r3_2_g4xx_pwm_curr_fdbk.o
                0x080081b0                R3_2_RLDetectionModeDisable
 .text.R3_2_RLDetectionModeSetDuty
                0x080082e0       0x7c ./Middlewares/MotorControl/r3_2_g4xx_pwm_curr_fdbk.o
                0x080082e0                R3_2_RLDetectionModeSetDuty
 .text.R3_2_RLTurnOnLowSidesAndStart
                0x0800835c       0x9c ./Middlewares/MotorControl/r3_2_g4xx_pwm_curr_fdbk.o
                0x0800835c                R3_2_RLTurnOnLowSidesAndStart
 .text.RVBS_Init
                0x080083f8        0xc ./Middlewares/MotorControl/r_divider_bus_voltage_sensor.o
                0x080083f8                RVBS_Init
 .text.RVBS_CalcAvVbus
                0x08008404       0x70 ./Middlewares/MotorControl/r_divider_bus_voltage_sensor.o
                0x08008404                RVBS_CalcAvVbus
 .text.REMNG_Init
                0x08008474       0x10 ./Middlewares/MotorControl/ramp_ext_mngr.o
                0x08008474                REMNG_Init
 .text.REMNG_Calc
                0x08008484       0x44 ./Middlewares/MotorControl/ramp_ext_mngr.o
                0x08008484                REMNG_Calc
 .text.REMNG_RampCompleted
                0x080084c8        0xc ./Middlewares/MotorControl/ramp_ext_mngr.o
                0x080084c8                REMNG_RampCompleted
 .text.getScalingFactor
                0x080084d4       0x38 ./Middlewares/MotorControl/ramp_ext_mngr.o
                0x080084d4                getScalingFactor
 .text.REMNG_ExecRamp
                0x0800850c       0x8c ./Middlewares/MotorControl/ramp_ext_mngr.o
                0x0800850c                REMNG_ExecRamp
 .text.RUC_Init
                0x08008598       0x78 ./Middlewares/MotorControl/revup_ctrl.o
                0x08008598                RUC_Init
 .text.RUC_Clear
                0x08008610       0x98 ./Middlewares/MotorControl/revup_ctrl.o
                0x08008610                RUC_Clear
 .text.RUC_Exec
                0x080086a8       0x70 ./Middlewares/MotorControl/revup_ctrl.o
                0x080086a8                RUC_Exec
 .text.RUC_FirstAccelerationStageReached
                0x08008718       0x14 ./Middlewares/MotorControl/revup_ctrl.o
                0x08008718                RUC_FirstAccelerationStageReached
 .text.SPD_GetAvrgMecSpeedUnit
                0x0800872c        0x8 ./Middlewares/MotorControl/speed_pos_fdbk.o
                0x0800872c                SPD_GetAvrgMecSpeedUnit
 .text.SPD_IsMecSpeedReliable
                0x08008734       0x6c ./Middlewares/MotorControl/speed_pos_fdbk.o
                0x08008734                SPD_IsMecSpeedReliable
 .text.SPD_GetS16Speed
                0x080087a0        0x8 ./Middlewares/MotorControl/speed_pos_fdbk.o
                0x080087a0                SPD_GetS16Speed
 .text.STO_PLL_CalcElAngle
                0x080087a8      0x1e4 ./Middlewares/MotorControl/sto_pll_speed_pos_fdbk.o
                0x080087a8                STO_PLL_CalcElAngle
 .text.STO_PLL_CalcAvrgMecSpeedUnit
                0x0800898c      0x198 ./Middlewares/MotorControl/sto_pll_speed_pos_fdbk.o
                0x0800898c                STO_PLL_CalcAvrgMecSpeedUnit
 .text.STO_PLL_CalcAvrgElSpeedDpp
                0x08008b24       0x58 ./Middlewares/MotorControl/sto_pll_speed_pos_fdbk.o
                0x08008b24                STO_PLL_CalcAvrgElSpeedDpp
 .text.STO_PLL_Clear
                0x08008b7c       0x4c ./Middlewares/MotorControl/sto_pll_speed_pos_fdbk.o
                0x08008b7c                STO_PLL_Clear
 .text.STO_PLL_Init
                0x08008bc8       0x74 ./Middlewares/MotorControl/sto_pll_speed_pos_fdbk.o
                0x08008bc8                STO_PLL_Init
 .text.STO_PLL_IsObserverConverged
                0x08008c3c       0xcc ./Middlewares/MotorControl/sto_pll_speed_pos_fdbk.o
                0x08008c3c                STO_PLL_IsObserverConverged
 .text.STO_PLL_GetEstimatedBemf
                0x08008d08        0x8 ./Middlewares/MotorControl/sto_pll_speed_pos_fdbk.o
                0x08008d08                STO_PLL_GetEstimatedBemf
 .text.STO_PLL_GetEstimatedCurrent
                0x08008d10       0x24 ./Middlewares/MotorControl/sto_pll_speed_pos_fdbk.o
                0x08008d10                STO_PLL_GetEstimatedCurrent
 .text.STO_PLL_GetObserverGains
                0x08008d34       0x10 ./Middlewares/MotorControl/sto_pll_speed_pos_fdbk.o
                0x08008d34                STO_PLL_GetObserverGains
 .text.STO_PLL_SetObserverGains
                0x08008d44        0x8 ./Middlewares/MotorControl/sto_pll_speed_pos_fdbk.o
                0x08008d44                STO_PLL_SetObserverGains
 .text.STO_OTF_ResetPLL
                0x08008d4c        0xc ./Middlewares/MotorControl/sto_pll_speed_pos_fdbk.o
                0x08008d4c                STO_OTF_ResetPLL
 .text.STO_PLL_IsVarianceTight
                0x08008d58        0x8 ./Middlewares/MotorControl/sto_pll_speed_pos_fdbk.o
                0x08008d58                STO_PLL_IsVarianceTight
 .text.STO_PLL_ForceConvergency1
                0x08008d60        0xc ./Middlewares/MotorControl/sto_pll_speed_pos_fdbk.o
                0x08008d60                STO_PLL_ForceConvergency1
 .text.STO_PLL_ForceConvergency2
                0x08008d6c        0xc ./Middlewares/MotorControl/sto_pll_speed_pos_fdbk.o
                0x08008d6c                STO_PLL_ForceConvergency2
 .text.STO_SetDirection
                0x08008d78        0x8 ./Middlewares/MotorControl/sto_pll_speed_pos_fdbk.o
                0x08008d78                STO_SetDirection
 .text.VSS_Clear
                0x08008d80       0x1c ./Middlewares/MotorControl/virtual_speed_sensor.o
                0x08008d80                VSS_Clear
 .text.VSS_Init
                0x08008d9c        0x8 ./Middlewares/MotorControl/virtual_speed_sensor.o
                0x08008d9c                VSS_Init
 .text.VSS_CalcElAngle
                0x08008da4       0xa4 ./Middlewares/MotorControl/virtual_speed_sensor.o
                0x08008da4                VSS_CalcElAngle
 .text.VSS_CalcAvrgMecSpeedUnit
                0x08008e48       0xa4 ./Middlewares/MotorControl/virtual_speed_sensor.o
                0x08008e48                VSS_CalcAvrgMecSpeedUnit
 .text.VSS_SetMecAcceleration
                0x08008eec       0x78 ./Middlewares/MotorControl/virtual_speed_sensor.o
                0x08008eec                VSS_SetMecAcceleration
 .text.VSS_SetStartTransition
                0x08008f64       0x1c ./Middlewares/MotorControl/virtual_speed_sensor.o
                0x08008f64                VSS_SetStartTransition
 .text.VSS_TransitionEnded
                0x08008f80        0x8 ./Middlewares/MotorControl/virtual_speed_sensor.o
                0x08008f80                VSS_TransitionEnded
 .text.memset   0x08008f88       0x10 C:/ST/STM32CubeIDE_2.0.0/STM32CubeIDE/plugins/com.st.stm32cube.ide.mcu.externaltools.gnu-tools-for-stm32.13.3.rel1.win32_1.0.100.202509120712/tools/bin/../lib/gcc/arm-none-eabi/13.3.1/../../../../arm-none-eabi/lib/thumb/v7e-m+fp/hard\libc_nano.a(libc_a-memset.o)
                0x08008f88                memset
 .text.__libc_init_array
                0x08008f98       0x48 C:/ST/STM32CubeIDE_2.0.0/STM32CubeIDE/plugins/com.st.stm32cube.ide.mcu.externaltools.gnu-tools-for-stm32.13.3.rel1.win32_1.0.100.202509120712/tools/bin/../lib/gcc/arm-none-eabi/13.3.1/../../../../arm-none-eabi/lib/thumb/v7e-m+fp/hard\libc_nano.a(libc_a-init.o)
                0x08008f98                __libc_init_array
 .text.memcpy   0x08008fe0       0x1c C:/ST/STM32CubeIDE_2.0.0/STM32CubeIDE/plugins/com.st.stm32cube.ide.mcu.externaltools.gnu-tools-for-stm32.13.3.rel1.win32_1.0.100.202509120712/tools/bin/../lib/gcc/arm-none-eabi/13.3.1/../../../../arm-none-eabi/lib/thumb/v7e-m+fp/hard\libc_nano.a(libc_a-memcpy-stub.o)
                0x08008fe0                memcpy
 *(.glue_7)
 .glue_7        0x08008ffc        0x0 linker stubs
 *(.glue_7t)
 .glue_7t       0x08008ffc        0x0 linker stubs
 *(.eh_frame)
 .eh_frame      0x08008ffc        0x0 C:/ST/STM32CubeIDE_2.0.0/STM32CubeIDE/plugins/com.st.stm32cube.ide.mcu.externaltools.gnu-tools-for-stm32.13.3.rel1.win32_1.0.100.202509120712/tools/bin/../lib/gcc/arm-none-eabi/13.3.1/thumb/v7e-m+fp/hard/crtbegin.o
 *(.init)
 .init          0x08008ffc        0x4 C:/ST/STM32CubeIDE_2.0.0/STM32CubeIDE/plugins/com.st.stm32cube.ide.mcu.externaltools.gnu-tools-for-stm32.13.3.rel1.win32_1.0.100.202509120712/tools/bin/../lib/gcc/arm-none-eabi/13.3.1/thumb/v7e-m+fp/hard/crti.o
                0x08008ffc                _init
 .init          0x08009000        0x8 C:/ST/STM32CubeIDE_2.0.0/STM32CubeIDE/plugins/com.st.stm32cube.ide.mcu.externaltools.gnu-tools-for-stm32.13.3.rel1.win32_1.0.100.202509120712/tools/bin/../lib/gcc/arm-none-eabi/13.3.1/thumb/v7e-m+fp/hard/crtn.o
 *(.fini)
 .fini          0x08009008        0x4 C:/ST/STM32CubeIDE_2.0.0/STM32CubeIDE/plugins/com.st.stm32cube.ide.mcu.externaltools.gnu-tools-for-stm32.13.3.rel1.win32_1.0.100.202509120712/tools/bin/../lib/gcc/arm-none-eabi/13.3.1/thumb/v7e-m+fp/hard/crti.o
                0x08009008                _fini
 .fini          0x0800900c        0x8 C:/ST/STM32CubeIDE_2.0.0/STM32CubeIDE/plugins/com.st.stm32cube.ide.mcu.externaltools.gnu-tools-for-stm32.13.3.rel1.win32_1.0.100.202509120712/tools/bin/../lib/gcc/arm-none-eabi/13.3.1/thumb/v7e-m+fp/hard/crtn.o
                0x08009014                        . = ALIGN (0x4)
                0x08009014                        _etext = .

.vfp11_veneer   0x08009014        0x0
 .vfp11_veneer  0x08009014        0x0 linker stubs

.v4_bx          0x08009014        0x0
 .v4_bx         0x08009014        0x0 linker stubs

.iplt           0x08009014        0x0
 .iplt          0x08009014        0x0 C:/ST/STM32CubeIDE_2.0.0/STM32CubeIDE/plugins/com.st.stm32cube.ide.mcu.externaltools.gnu-tools-for-stm32.13.3.rel1.win32_1.0.100.202509120712/tools/bin/../lib/gcc/arm-none-eabi/13.3.1/thumb/v7e-m+fp/hard/crtbegin.o

.rodata         0x08009014      0x3b8
                0x08009014                        . = ALIGN (0x4)
 *(.rodata)
 *(.rodata*)
 .rodata.CRC4_Lookup4
                0x08009014       0x10 ./Application/User/aspep.o
 .rodata.CRC4_Lookup8
                0x08009024      0x100 ./Application/User/aspep.o
 .rodata.CSWTCH.1
                0x08009124       0x11 ./Application/User/hf_registers.o
 *fill*         0x08009135        0x3 
 .rodata.M1_FOCConfig_reg
                0x08009138        0xe ./Application/User/mc_configuration_registers.o
 *fill*         0x08009146        0x2 
 .rodata.M1_MotorConfig_reg
                0x08009148       0x3c ./Application/User/mc_configuration_registers.o
 .rodata.M1_ApplicationConfig_reg
                0x08009184       0x10 ./Application/User/mc_configuration_registers.o
 .rodata.globalConfig_reg
                0x08009194        0xa ./Application/User/mc_configuration_registers.o
                0x08009194                globalConfig_reg
 *fill*         0x0800919e        0x2 
 .rodata.FIRMWARE_NAME
                0x080091a0       0x14 ./Application/User/mc_configuration_registers.o
                0x080091a0                FIRMWARE_NAME
 .rodata.M1_PWR_BOARD
                0x080091b4       0x11 ./Application/User/mc_configuration_registers.o
 *fill*         0x080091c5        0x3 
 .rodata.CTL_BOARD
                0x080091c8        0xe ./Application/User/mc_configuration_registers.o
                0x080091c8                CTL_BOARD
 *fill*         0x080091d6        0x2 
 .rodata.R3_2_ParamsM1
                0x080091d8       0xac ./Application/User/mc_parameters.o
                0x080091d8                R3_2_ParamsM1
 .rodata.CHANNEL_OFFSET_TAB
                0x08009284        0x6 ./Application/User/usart_aspep_driver.o
 *fill*         0x0800928a        0x2 
 .rodata.APBPrescTable
                0x0800928c        0x8 ./Drivers/CMSIS/system_stm32g4xx.o
                0x0800928c                APBPrescTable
 .rodata.AHBPrescTable
                0x08009294       0x10 ./Drivers/CMSIS/system_stm32g4xx.o
                0x08009294                AHBPrescTable
 .rodata.CSWTCH.115
                0x080092a4       0x40 ./Drivers/STM32G4xx_HAL_Driver/stm32g4xx_hal_tim_ex.o
 .rodata.CSWTCH.114
                0x080092e4       0x40 ./Drivers/STM32G4xx_HAL_Driver/stm32g4xx_hal_tim_ex.o
 .rodata.CSWTCH.113
                0x08009324       0x40 ./Drivers/STM32G4xx_HAL_Driver/stm32g4xx_hal_tim_ex.o
 .rodata.CSWTCH.112
                0x08009364       0x40 ./Drivers/STM32G4xx_HAL_Driver/stm32g4xx_hal_tim_ex.o
 .rodata.UARTPrescTable
                0x080093a4       0x18 ./Drivers/STM32G4xx_HAL_Driver/stm32g4xx_hal_uart.o
                0x080093a4                UARTPrescTable
 .rodata.denominator.0
                0x080093bc        0x8 ./Drivers/STM32G4xx_HAL_Driver/stm32g4xx_hal_uart_ex.o
 .rodata.numerator.1
                0x080093c4        0x8 ./Drivers/STM32G4xx_HAL_Driver/stm32g4xx_hal_uart_ex.o
                0x080093cc                        . = ALIGN (0x4)

.ARM.extab      0x080093cc        0x0
                0x080093cc                        . = ALIGN (0x4)
 *(.ARM.extab* .gnu.linkonce.armextab.*)
                0x080093cc                        . = ALIGN (0x4)

.ARM            0x080093cc        0x8
                0x080093cc                        . = ALIGN (0x4)
                0x080093cc                        __exidx_start = .
 *(.ARM.exidx*)
 .ARM.exidx     0x080093cc        0x8 C:/ST/STM32CubeIDE_2.0.0/STM32CubeIDE/plugins/com.st.stm32cube.ide.mcu.externaltools.gnu-tools-for-stm32.13.3.rel1.win32_1.0.100.202509120712/tools/bin/../lib/gcc/arm-none-eabi/13.3.1/thumb/v7e-m+fp/hard\libgcc.a(_udivmoddi4.o)
                0x080093d4                        __exidx_end = .
                0x080093d4                        . = ALIGN (0x4)

.preinit_array  0x080093d4        0x0
                0x080093d4                        . = ALIGN (0x4)
                0x080093d4                        PROVIDE (__preinit_array_start = .)
 *(.preinit_array*)
                0x080093d4                        PROVIDE (__preinit_array_end = .)
                0x080093d4                        . = ALIGN (0x4)

.init_array     0x080093d4        0x4
                0x080093d4                        . = ALIGN (0x4)
                0x080093d4                        PROVIDE (__init_array_start = .)
 *(SORT_BY_NAME(.init_array.*))
 *(.init_array*)
 .init_array    0x080093d4        0x4 C:/ST/STM32CubeIDE_2.0.0/STM32CubeIDE/plugins/com.st.stm32cube.ide.mcu.externaltools.gnu-tools-for-stm32.13.3.rel1.win32_1.0.100.202509120712/tools/bin/../lib/gcc/arm-none-eabi/13.3.1/thumb/v7e-m+fp/hard/crtbegin.o
                0x080093d8                        PROVIDE (__init_array_end = .)
                0x080093d8                        . = ALIGN (0x4)

.fini_array     0x080093d8        0x4
                0x080093d8                        . = ALIGN (0x4)
                [!provide]                        PROVIDE (__fini_array_start = .)
 *(SORT_BY_NAME(.fini_array.*))
 *(.fini_array*)
 .fini_array    0x080093d8        0x4 C:/ST/STM32CubeIDE_2.0.0/STM32CubeIDE/plugins/com.st.stm32cube.ide.mcu.externaltools.gnu-tools-for-stm32.13.3.rel1.win32_1.0.100.202509120712/tools/bin/../lib/gcc/arm-none-eabi/13.3.1/thumb/v7e-m+fp/hard/crtbegin.o
                [!provide]                        PROVIDE (__fini_array_end = .)
                0x080093dc                        . = ALIGN (0x4)
                0x080093dc                        _sidata = LOADADDR (.data)

.rel.dyn        0x080093dc        0x0
 .rel.iplt      0x080093dc        0x0 C:/ST/STM32CubeIDE_2.0.0/STM32CubeIDE/plugins/com.st.stm32cube.ide.mcu.externaltools.gnu-tools-for-stm32.13.3.rel1.win32_1.0.100.202509120712/tools/bin/../lib/gcc/arm-none-eabi/13.3.1/thumb/v7e-m+fp/hard/crtbegin.o

.data           0x20000000      0x538 load address 0x080093dc
                0x20000000                        . = ALIGN (0x4)
                0x20000000                        _sdata = .
 *(.data)
 *(.data*)
 .data.Mci      0x20000000       0x28 ./Application/User/mc_config.o
                0x20000000                Mci
 .data.pMPM     0x20000028        0x4 ./Application/User/mc_config.o
                0x20000028                pMPM
 .data.pPIDId   0x2000002c        0x4 ./Application/User/mc_config.o
                0x2000002c                pPIDId
 .data.pPIDIq   0x20000030        0x4 ./Application/User/mc_config.o
                0x20000030                pPIDIq
 .data.pSTC     0x20000034        0x4 ./Application/User/mc_config.o
                0x20000034                pSTC
 .data.CircleLimitationM1
                0x20000038        0x4 ./Application/User/mc_config.o
                0x20000038                CircleLimitationM1
 .data.RampExtMngrHFParamsM1
                0x2000003c       0x18 ./Application/User/mc_config.o
                0x2000003c                RampExtMngrHFParamsM1
 .data.STO_M1   0x20000054       0x14 ./Application/User/mc_config.o
                0x20000054                STO_M1
 .data.STO_PLL_M1
                0x20000068      0x128 ./Application/User/mc_config.o
                0x20000068                STO_PLL_M1
 .data.PWM_Handle_M1
                0x20000190       0xa0 ./Application/User/mc_config.o
                0x20000190                PWM_Handle_M1
 .data.RevUpControlM1
                0x20000230       0x78 ./Application/User/mc_config.o
                0x20000230                RevUpControlM1
 .data.SpeednTorqCtrlM1
                0x200002a8       0x38 ./Application/User/mc_config.o
                0x200002a8                SpeednTorqCtrlM1
 .data.PIDIdHandle_M1
                0x200002e0       0x2c ./Application/User/mc_config.o
                0x200002e0                PIDIdHandle_M1
 .data.PIDIqHandle_M1
                0x2000030c       0x2c ./Application/User/mc_config.o
                0x2000030c                PIDIqHandle_M1
 .data.PIDSpeedHandle_M1
                0x20000338       0x2c ./Application/User/mc_config.o
                0x20000338                PIDSpeedHandle_M1
 .data.PQD_MotorPowMeasM1
                0x20000364       0x10 ./Application/User/mc_config.o
                0x20000364                PQD_MotorPowMeasM1
 .data.SpeedPotentiometer_M1
                0x20000374       0x24 ./Application/User/mc_config_common.o
                0x20000374                SpeedPotentiometer_M1
 .data.PotRegConv_M1
                0x20000398       0x10 ./Application/User/mc_config_common.o
                0x20000398                PotRegConv_M1
 .data.BusVoltageSensor_M1
                0x200003a8       0x12 ./Application/User/mc_config_common.o
                0x200003a8                BusVoltageSensor_M1
 *fill*         0x200003ba        0x2 
 .data.VbusRegConv_M1
                0x200003bc       0x10 ./Application/User/mc_config_common.o
                0x200003bc                VbusRegConv_M1
 .data.TempSensor_M1
                0x200003cc       0x18 ./Application/User/mc_config_common.o
                0x200003cc                TempSensor_M1
 .data.TempRegConv_M1
                0x200003e4       0x10 ./Application/User/mc_config_common.o
                0x200003e4                TempRegConv_M1
 .data.VirtualSpeedSensorM1
                0x200003f4       0x38 ./Application/User/mc_config_common.o
                0x200003f4                VirtualSpeedSensorM1
 .data.ApplicationConfig_reg
                0x2000042c        0x4 ./Application/User/mc_configuration_registers.o
                0x2000042c                ApplicationConfig_reg
 .data.MotorConfig_reg
                0x20000430        0x4 ./Application/User/mc_configuration_registers.o
                0x20000430                MotorConfig_reg
 .data.FOCConfig_reg
                0x20000434        0x4 ./Application/User/mc_configuration_registers.o
                0x20000434                FOCConfig_reg
 .data.PWR_BOARD_NAME
                0x20000438        0x4 ./Application/User/mc_configuration_registers.o
                0x20000438                PWR_BOARD_NAME
 .data.scaleParams_M1
                0x2000043c       0x10 ./Application/User/mc_parameters.o
                0x2000043c                scaleParams_M1
 .data.AngleSpeedEstimation
                0x2000044c       0x17 ./Application/User/mc_tasks_foc.o
                0x2000044c                AngleSpeedEstimation
 *fill*         0x20000463        0x1 
 .data.MCPA_UART_A
                0x20000464       0x2c ./Application/User/mcp_config.o
                0x20000464                MCPA_UART_A
 .data.MCP_Over_UartA
                0x20000490       0x10 ./Application/User/mcp_config.o
                0x20000490                MCP_Over_UartA
 .data.aspepOverUartA
                0x200004a0       0x74 ./Application/User/mcp_config.o
                0x200004a0                aspepOverUartA
 .data.UASPEP_A
                0x20000514       0x14 ./Application/User/mcp_config.o
 .data.SystickDividerCounter.0
                0x20000528        0x1 ./Application/User/stm32_mc_common_it.o
 *fill*         0x20000529        0x3 
 .data.SystemCoreClock
                0x2000052c        0x4 ./Drivers/CMSIS/system_stm32g4xx.o
                0x2000052c                SystemCoreClock
 .data.uwTickFreq
                0x20000530        0x4 ./Drivers/STM32G4xx_HAL_Driver/stm32g4xx_hal.o
                0x20000530                uwTickFreq
 .data.uwTickPrio
                0x20000534        0x4 ./Drivers/STM32G4xx_HAL_Driver/stm32g4xx_hal.o
                0x20000534                uwTickPrio
 *(.RamFunc)
 *(.RamFunc*)
                0x20000538                        . = ALIGN (0x4)
                0x20000538                        _edata = .

.igot.plt       0x20000538        0x0 load address 0x08009914
 .igot.plt      0x20000538        0x0 C:/ST/STM32CubeIDE_2.0.0/STM32CubeIDE/plugins/com.st.stm32cube.ide.mcu.externaltools.gnu-tools-for-stm32.13.3.rel1.win32_1.0.100.202509120712/tools/bin/../lib/gcc/arm-none-eabi/13.3.1/thumb/v7e-m+fp/hard/crtbegin.o
                0x20000538                        . = ALIGN (0x4)

.bss            0x20000538     0x15c4 load address 0x08009914
                0x20000538                        _sbss = .
                0x20000538                        __bss_start__ = _sbss
 *(.bss)
 .bss           0x20000538       0x1c C:/ST/STM32CubeIDE_2.0.0/STM32CubeIDE/plugins/com.st.stm32cube.ide.mcu.externaltools.gnu-tools-for-stm32.13.3.rel1.win32_1.0.100.202509120712/tools/bin/../lib/gcc/arm-none-eabi/13.3.1/thumb/v7e-m+fp/hard/crtbegin.o
 *(.bss*)
 .bss.nullData16.0
                0x20000554        0x2 ./Application/User/hf_registers.o
 *fill*         0x20000556        0x2 
 .bss.hdma_usart2_tx
                0x20000558       0x60 ./Application/User/main.o
                0x20000558                hdma_usart2_tx
 .bss.hdma_usart2_rx
                0x200005b8       0x60 ./Application/User/main.o
                0x200005b8                hdma_usart2_rx
 .bss.huart2    0x20000618       0x94 ./Application/User/main.o
                0x20000618                huart2
 .bss.htim1     0x200006ac       0x4c ./Application/User/main.o
                0x200006ac                htim1
 .bss.hcordic   0x200006f8       0x28 ./Application/User/main.o
                0x200006f8                hcordic
 .bss.hadc2     0x20000720       0x6c ./Application/User/main.o
                0x20000720                hadc2
 .bss.hadc1     0x2000078c       0x6c ./Application/User/main.o
                0x2000078c                hadc1
 .bss.pREMNG    0x200007f8        0x4 ./Application/User/mc_config.o
                0x200007f8                pREMNG
 .bss.FOCVars   0x200007fc       0x22 ./Application/User/mc_config.o
                0x200007fc                FOCVars
 *fill*         0x2000081e        0x2 
 .bss.pwmcHandle
                0x20000820        0x4 ./Application/User/mc_config_common.o
                0x20000820                pwmcHandle
 .bss.SpeedPotentiometer_ValuesBuffer_M1
                0x20000824       0x20 ./Application/User/mc_config_common.o
                0x20000824                SpeedPotentiometer_ValuesBuffer_M1
 .bss.bMCBootCompleted
                0x20000844        0x1 ./Application/User/mc_tasks.o
 *fill*         0x20000845        0x1 
 .bss.hStopPermanencyCounterM1
                0x20000846        0x2 ./Application/User/mc_tasks.o
 .bss.hBootCapDelayCounterM1
                0x20000848        0x2 ./Application/User/mc_tasks.o
 .bss.hMFTaskCounterM1
                0x2000084a        0x2 ./Application/User/mc_tasks.o
 .bss.MCP_UserCallBack
                0x2000084c        0x8 ./Application/User/mcp_config.o
                0x2000084c                MCP_UserCallBack
 .bss.dataSizeTableBuffA
                0x20000854        0xa ./Application/User/mcp_config.o
 *fill*         0x2000085e        0x2 
 .bss.dataSizeTableA
                0x20000860        0xa ./Application/User/mcp_config.o
 *fill*         0x2000086a        0x2 
 .bss.dataPtrTableBuffA
                0x2000086c       0x28 ./Application/User/mcp_config.o
 .bss.dataPtrTableA
                0x20000894       0x28 ./Application/User/mcp_config.o
 .bss.MCPAsyncBuffUARTA_B
                0x200008bc      0x806 ./Application/User/mcp_config.o
 *fill*         0x200010c2        0x2 
 .bss.MCPAsyncBuffUARTA_A
                0x200010c4      0x806 ./Application/User/mcp_config.o
 *fill*         0x200018ca        0x2 
 .bss.MCPSyncRXBuff
                0x200018cc      0x102 ./Application/User/mcp_config.o
 *fill*         0x200019ce        0x2 
 .bss.MCPSyncTxBuff
                0x200019d0      0x106 ./Application/User/mcp_config.o
 *fill*         0x20001ad6        0x2 
 .bss.pMCI      0x20001ad8        0x4 ./Application/User/motorcontrol.o
                0x20001ad8                pMCI
 .bss.RCM_conversion_nb
                0x20001adc        0x1 ./Application/User/regular_conversion_manager.o
 .bss.RCM_array_index
                0x20001add        0x1 ./Application/User/regular_conversion_manager.o
 *fill*         0x20001ade        0x2 
 .bss.RCM_handle_array
                0x20001ae0       0x10 ./Application/User/regular_conversion_manager.o
 .bss.HAL_RCC_ADC12_CLK_ENABLED
                0x20001af0        0x4 ./Application/User/stm32g4xx_hal_msp.o
 .bss.uwTick    0x20001af4        0x4 ./Drivers/STM32G4xx_HAL_Driver/stm32g4xx_hal.o
                0x20001af4                uwTick
 .bss.GLOBAL_TIMESTAMP
                0x20001af8        0x4 ./Middlewares/MotorControl/mcpa.o
                0x20001af8                GLOBAL_TIMESTAMP
 *(COMMON)
                0x20001afc                        . = ALIGN (0x4)
                0x20001afc                        _ebss = .
                0x20001afc                        __bss_end__ = _ebss

._user_heap_stack
                0x20001afc      0x604 load address 0x08009914
                0x20001b00                        . = ALIGN (0x8)
 *fill*         0x20001afc        0x4 
                [!provide]                        PROVIDE (end = .)
                0x20001b00                        PROVIDE (_end = .)
                0x20001d00                        . = (. + _Min_Heap_Size)
 *fill*         0x20001b00      0x200 
                0x20002100                        . = (. + _Min_Stack_Size)
 *fill*         0x20001d00      0x400 
                0x20002100                        . = ALIGN (0x8)

/DISCARD/
 libc.a(*)
 libm.a(*)
 libgcc.a(*)

.ARM.attributes
                0x00000000       0x30
 *(.ARM.attributes)
 .ARM.attributes
                0x00000000       0x22 C:/ST/STM32CubeIDE_2.0.0/STM32CubeIDE/plugins/com.st.stm32cube.ide.mcu.externaltools.gnu-tools-for-stm32.13.3.rel1.win32_1.0.100.202509120712/tools/bin/../lib/gcc/arm-none-eabi/13.3.1/thumb/v7e-m+fp/hard/crti.o
 .ARM.attributes
                0x00000022       0x34 C:/ST/STM32CubeIDE_2.0.0/STM32CubeIDE/plugins/com.st.stm32cube.ide.mcu.externaltools.gnu-tools-for-stm32.13.3.rel1.win32_1.0.100.202509120712/tools/bin/../lib/gcc/arm-none-eabi/13.3.1/thumb/v7e-m+fp/hard/crtbegin.o
 .ARM.attributes
                0x00000056       0x21 ./Application/Startup/startup_stm32g431rbtx.o
 .ARM.attributes
                0x00000077       0x30 ./Application/User/aspep.o
 .ARM.attributes
                0x000000a7       0x30 ./Application/User/hf_registers.o
 .ARM.attributes
                0x000000d7       0x30 ./Application/User/main.o
 .ARM.attributes
                0x00000107       0x30 ./Application/User/mc_api.o
 .ARM.attributes
                0x00000137       0x30 ./Application/User/mc_app_hooks.o
 .ARM.attributes
                0x00000167       0x30 ./Application/User/mc_config.o
 .ARM.attributes
                0x00000197       0x30 ./Application/User/mc_config_common.o
 .ARM.attributes
                0x000001c7       0x30 ./Application/User/mc_configuration_registers.o
 .ARM.attributes
                0x000001f7       0x30 ./Application/User/mc_interface.o
 .ARM.attributes
                0x00000227       0x30 ./Application/User/mc_math.o
 .ARM.attributes
                0x00000257       0x30 ./Application/User/mc_parameters.o
 .ARM.attributes
                0x00000287       0x30 ./Application/User/mc_tasks.o
 .ARM.attributes
                0x000002b7       0x30 ./Application/User/mc_tasks_foc.o
 .ARM.attributes
                0x000002e7       0x30 ./Application/User/mcp.o
 .ARM.attributes
                0x00000317       0x30 ./Application/User/mcp_config.o
 .ARM.attributes
                0x00000347       0x30 ./Application/User/motorcontrol.o
 .ARM.attributes
                0x00000377       0x30 ./Application/User/pwm_common.o
 .ARM.attributes
                0x000003a7       0x30 ./Application/User/pwm_curr_fdbk.o
 .ARM.attributes
                0x000003d7       0x30 ./Application/User/regular_conversion_manager.o
 .ARM.attributes
                0x00000407       0x30 ./Application/User/speed_potentiometer.o
 .ARM.attributes
                0x00000437       0x30 ./Application/User/speed_torq_ctrl.o
 .ARM.attributes
                0x00000467       0x30 ./Application/User/stm32_mc_common_it.o
 .ARM.attributes
                0x00000497       0x30 ./Application/User/stm32g4xx_hal_msp.o
 .ARM.attributes
                0x000004c7       0x30 ./Application/User/stm32g4xx_mc_it.o
 .ARM.attributes
                0x000004f7       0x30 ./Application/User/sync_registers.o
 .ARM.attributes
                0x00000527       0x30 ./Application/User/usart_aspep_driver.o
 .ARM.attributes
                0x00000557       0x30 ./Drivers/CMSIS/system_stm32g4xx.o
 .ARM.attributes
                0x00000587       0x30 ./Drivers/STM32G4xx_HAL_Driver/stm32g4xx_hal.o
 .ARM.attributes
                0x000005b7       0x30 ./Drivers/STM32G4xx_HAL_Driver/stm32g4xx_hal_adc.o
 .ARM.attributes
                0x000005e7       0x30 ./Drivers/STM32G4xx_HAL_Driver/stm32g4xx_hal_adc_ex.o
 .ARM.attributes
                0x00000617       0x30 ./Drivers/STM32G4xx_HAL_Driver/stm32g4xx_hal_cordic.o
 .ARM.attributes
                0x00000647       0x30 ./Drivers/STM32G4xx_HAL_Driver/stm32g4xx_hal_cortex.o
 .ARM.attributes
                0x00000677       0x30 ./Drivers/STM32G4xx_HAL_Driver/stm32g4xx_hal_dma.o
 .ARM.attributes
                0x000006a7       0x30 ./Drivers/STM32G4xx_HAL_Driver/stm32g4xx_hal_gpio.o
 .ARM.attributes
                0x000006d7       0x30 ./Drivers/STM32G4xx_HAL_Driver/stm32g4xx_hal_pwr_ex.o
 .ARM.attributes
                0x00000707       0x30 ./Drivers/STM32G4xx_HAL_Driver/stm32g4xx_hal_rcc.o
 .ARM.attributes
                0x00000737       0x30 ./Drivers/STM32G4xx_HAL_Driver/stm32g4xx_hal_rcc_ex.o
 .ARM.attributes
                0x00000767       0x30 ./Drivers/STM32G4xx_HAL_Driver/stm32g4xx_hal_tim.o
 .ARM.attributes
                0x00000797       0x30 ./Drivers/STM32G4xx_HAL_Driver/stm32g4xx_hal_tim_ex.o
 .ARM.attributes
                0x000007c7       0x30 ./Drivers/STM32G4xx_HAL_Driver/stm32g4xx_hal_uart.o
 .ARM.attributes
                0x000007f7       0x30 ./Drivers/STM32G4xx_HAL_Driver/stm32g4xx_hal_uart_ex.o
 .ARM.attributes
                0x00000827       0x30 ./Middlewares/MotorControl/bus_voltage_sensor.o
 .ARM.attributes
                0x00000857       0x30 ./Middlewares/MotorControl/circle_limitation.o
 .ARM.attributes
                0x00000887       0x30 ./Middlewares/MotorControl/mcpa.o
 .ARM.attributes
                0x000008b7       0x30 ./Middlewares/MotorControl/ntc_temperature_sensor.o
 .ARM.attributes
                0x000008e7       0x30 ./Middlewares/MotorControl/pid_regulator.o
 .ARM.attributes
                0x00000917       0x30 ./Middlewares/MotorControl/potentiometer.o
 .ARM.attributes
                0x00000947       0x30 ./Middlewares/MotorControl/pqd_motor_power_measurement.o
 .ARM.attributes
                0x00000977       0x30 ./Middlewares/MotorControl/r3_2_g4xx_pwm_curr_fdbk.o
 .ARM.attributes
                0x000009a7       0x30 ./Middlewares/MotorControl/r_divider_bus_voltage_sensor.o
 .ARM.attributes
                0x000009d7       0x30 ./Middlewares/MotorControl/ramp_ext_mngr.o
 .ARM.attributes
                0x00000a07       0x30 ./Middlewares/MotorControl/revup_ctrl.o
 .ARM.attributes
                0x00000a37       0x30 ./Middlewares/MotorControl/speed_pos_fdbk.o
 .ARM.attributes
                0x00000a67       0x30 ./Middlewares/MotorControl/sto_pll_speed_pos_fdbk.o
 .ARM.attributes
                0x00000a97       0x30 ./Middlewares/MotorControl/virtual_speed_sensor.o
 .ARM.attributes
                0x00000ac7       0x34 C:/ST/STM32CubeIDE_2.0.0/STM32CubeIDE/plugins/com.st.stm32cube.ide.mcu.externaltools.gnu-tools-for-stm32.13.3.rel1.win32_1.0.100.202509120712/tools/bin/../lib/gcc/arm-none-eabi/13.3.1/../../../../arm-none-eabi/lib/thumb/v7e-m+fp/hard\libc_nano.a(libc_a-memset.o)
 .ARM.attributes
                0x00000afb       0x34 C:/ST/STM32CubeIDE_2.0.0/STM32CubeIDE/plugins/com.st.stm32cube.ide.mcu.externaltools.gnu-tools-for-stm32.13.3.rel1.win32_1.0.100.202509120712/tools/bin/../lib/gcc/arm-none-eabi/13.3.1/../../../../arm-none-eabi/lib/thumb/v7e-m+fp/hard\libc_nano.a(libc_a-init.o)
 .ARM.attributes
                0x00000b2f       0x34 C:/ST/STM32CubeIDE_2.0.0/STM32CubeIDE/plugins/com.st.stm32cube.ide.mcu.externaltools.gnu-tools-for-stm32.13.3.rel1.win32_1.0.100.202509120712/tools/bin/../lib/gcc/arm-none-eabi/13.3.1/../../../../arm-none-eabi/lib/thumb/v7e-m+fp/hard\libc_nano.a(libc_a-memcpy-stub.o)
 .ARM.attributes
                0x00000b63       0x22 C:/ST/STM32CubeIDE_2.0.0/STM32CubeIDE/plugins/com.st.stm32cube.ide.mcu.externaltools.gnu-tools-for-stm32.13.3.rel1.win32_1.0.100.202509120712/tools/bin/../lib/gcc/arm-none-eabi/13.3.1/thumb/v7e-m+fp/hard\libgcc.a(_aeabi_ldivmod.o)
 .ARM.attributes
                0x00000b85       0x22 C:/ST/STM32CubeIDE_2.0.0/STM32CubeIDE/plugins/com.st.stm32cube.ide.mcu.externaltools.gnu-tools-for-stm32.13.3.rel1.win32_1.0.100.202509120712/tools/bin/../lib/gcc/arm-none-eabi/13.3.1/thumb/v7e-m+fp/hard\libgcc.a(_aeabi_uldivmod.o)
 .ARM.attributes
                0x00000ba7       0x34 C:/ST/STM32CubeIDE_2.0.0/STM32CubeIDE/plugins/com.st.stm32cube.ide.mcu.externaltools.gnu-tools-for-stm32.13.3.rel1.win32_1.0.100.202509120712/tools/bin/../lib/gcc/arm-none-eabi/13.3.1/thumb/v7e-m+fp/hard\libgcc.a(_udivmoddi4.o)
 .ARM.attributes
                0x00000bdb       0x22 C:/ST/STM32CubeIDE_2.0.0/STM32CubeIDE/plugins/com.st.stm32cube.ide.mcu.externaltools.gnu-tools-for-stm32.13.3.rel1.win32_1.0.100.202509120712/tools/bin/../lib/gcc/arm-none-eabi/13.3.1/thumb/v7e-m+fp/hard\libgcc.a(_dvmd_tls.o)
 .ARM.attributes
                0x00000bfd       0x22 C:/ST/STM32CubeIDE_2.0.0/STM32CubeIDE/plugins/com.st.stm32cube.ide.mcu.externaltools.gnu-tools-for-stm32.13.3.rel1.win32_1.0.100.202509120712/tools/bin/../lib/gcc/arm-none-eabi/13.3.1/thumb/v7e-m+fp/hard/crtn.o
OUTPUT(P-IHM03-Potentiometer.elf elf32-littlearm)
LOAD linker stubs
LOAD C:/ST/STM32CubeIDE_2.0.0/STM32CubeIDE/plugins/com.st.stm32cube.ide.mcu.externaltools.gnu-tools-for-stm32.13.3.rel1.win32_1.0.100.202509120712/tools/bin/../lib/gcc/arm-none-eabi/13.3.1/../../../../arm-none-eabi/lib/thumb/v7e-m+fp/hard\libc.a
LOAD C:/ST/STM32CubeIDE_2.0.0/STM32CubeIDE/plugins/com.st.stm32cube.ide.mcu.externaltools.gnu-tools-for-stm32.13.3.rel1.win32_1.0.100.202509120712/tools/bin/../lib/gcc/arm-none-eabi/13.3.1/../../../../arm-none-eabi/lib/thumb/v7e-m+fp/hard\libm.a
LOAD C:/ST/STM32CubeIDE_2.0.0/STM32CubeIDE/plugins/com.st.stm32cube.ide.mcu.externaltools.gnu-tools-for-stm32.13.3.rel1.win32_1.0.100.202509120712/tools/bin/../lib/gcc/arm-none-eabi/13.3.1/thumb/v7e-m+fp/hard\libgcc.a

.debug_line     0x00000000    0x48ffd
 .debug_line    0x00000000       0x7b ./Application/Startup/startup_stm32g431rbtx.o
 .debug_line    0x0000007b     0x166d ./Application/User/aspep.o
 .debug_line    0x000016e8      0xe09 ./Application/User/hf_registers.o
 .debug_line    0x000024f1     0x1723 ./Application/User/main.o
 .debug_line    0x00003c14     0x1129 ./Application/User/mc_api.o
 .debug_line    0x00004d3d      0xc60 ./Application/User/mc_app_hooks.o
 .debug_line    0x0000599d      0xcbe ./Application/User/mc_config.o
 .debug_line    0x0000665b      0xcc5 ./Application/User/mc_config_common.o
 .debug_line    0x00007320      0xb2f ./Application/User/mc_configuration_registers.o
 .debug_line    0x00007e4f     0x18e7 ./Application/User/mc_interface.o
 .debug_line    0x00009736      0xbb2 ./Application/User/mc_math.o
 .debug_line    0x0000a2e8      0xcaf ./Application/User/mc_parameters.o
 .debug_line    0x0000af97     0x12ba ./Application/User/mc_tasks.o
 .debug_line    0x0000c251     0x1515 ./Application/User/mc_tasks_foc.o
 .debug_line    0x0000d766     0x11db ./Application/User/mcp.o
 .debug_line    0x0000e941      0xa6d ./Application/User/mcp_config.o
 .debug_line    0x0000f3ae      0xcfe ./Application/User/motorcontrol.o
 .debug_line    0x000100ac      0xbe9 ./Application/User/pwm_common.o
 .debug_line    0x00010c95     0x1174 ./Application/User/pwm_curr_fdbk.o
 .debug_line    0x00011e09     0x106d ./Application/User/regular_conversion_manager.o
 .debug_line    0x00012e76      0xc1c ./Application/User/speed_potentiometer.o
 .debug_line    0x00013a92      0xe09 ./Application/User/speed_torq_ctrl.o
 .debug_line    0x0001489b     0x1283 ./Application/User/stm32_mc_common_it.o
 .debug_line    0x00015b1e     0x11e0 ./Application/User/stm32g4xx_hal_msp.o
 .debug_line    0x00016cfe      0xdea ./Application/User/stm32g4xx_mc_it.o
 .debug_line    0x00017ae8     0x23b2 ./Application/User/sync_registers.o
 .debug_line    0x00019e9a     0x1162 ./Application/User/usart_aspep_driver.o
 .debug_line    0x0001affc      0x8ac ./Drivers/CMSIS/system_stm32g4xx.o
 .debug_line    0x0001b8a8      0xd3e ./Drivers/STM32G4xx_HAL_Driver/stm32g4xx_hal.o
 .debug_line    0x0001c5e6     0x2e20 ./Drivers/STM32G4xx_HAL_Driver/stm32g4xx_hal_adc.o
 .debug_line    0x0001f406     0x2845 ./Drivers/STM32G4xx_HAL_Driver/stm32g4xx_hal_adc_ex.o
 .debug_line    0x00021c4b     0x1351 ./Drivers/STM32G4xx_HAL_Driver/stm32g4xx_hal_cordic.o
 .debug_line    0x00022f9c      0xe74 ./Drivers/STM32G4xx_HAL_Driver/stm32g4xx_hal_cortex.o
 .debug_line    0x00023e10     0x140d ./Drivers/STM32G4xx_HAL_Driver/stm32g4xx_hal_dma.o
 .debug_line    0x0002521d     0x10c5 ./Drivers/STM32G4xx_HAL_Driver/stm32g4xx_hal_gpio.o
 .debug_line    0x000262e2      0xf6f ./Drivers/STM32G4xx_HAL_Driver/stm32g4xx_hal_pwr_ex.o
 .debug_line    0x00027251     0x1576 ./Drivers/STM32G4xx_HAL_Driver/stm32g4xx_hal_rcc.o
 .debug_line    0x000287c7     0x15cf ./Drivers/STM32G4xx_HAL_Driver/stm32g4xx_hal_rcc_ex.o
 .debug_line    0x00029d96     0x6653 ./Drivers/STM32G4xx_HAL_Driver/stm32g4xx_hal_tim.o
 .debug_line    0x000303e9     0x2651 ./Drivers/STM32G4xx_HAL_Driver/stm32g4xx_hal_tim_ex.o
 .debug_line    0x00032a3a     0x7042 ./Drivers/STM32G4xx_HAL_Driver/stm32g4xx_hal_uart.o
 .debug_line    0x00039a7c     0x12b6 ./Drivers/STM32G4xx_HAL_Driver/stm32g4xx_hal_uart_ex.o
 .debug_line    0x0003ad32      0xa27 ./Middlewares/MotorControl/bus_voltage_sensor.o
 .debug_line    0x0003b759      0xabd ./Middlewares/MotorControl/circle_limitation.o
 .debug_line    0x0003c216     0x1194 ./Middlewares/MotorControl/mcpa.o
 .debug_line    0x0003d3aa      0xb64 ./Middlewares/MotorControl/ntc_temperature_sensor.o
 .debug_line    0x0003df0e      0xe77 ./Middlewares/MotorControl/pid_regulator.o
 .debug_line    0x0003ed85      0xb37 ./Middlewares/MotorControl/potentiometer.o
 .debug_line    0x0003f8bc      0xabb ./Middlewares/MotorControl/pqd_motor_power_measurement.o
 .debug_line    0x00040377     0x32f6 ./Middlewares/MotorControl/r3_2_g4xx_pwm_curr_fdbk.o
 .debug_line    0x0004366d      0xb6e ./Middlewares/MotorControl/r_divider_bus_voltage_sensor.o
 .debug_line    0x000441db      0xc9a ./Middlewares/MotorControl/ramp_ext_mngr.o
 .debug_line    0x00044e75     0x11c8 ./Middlewares/MotorControl/revup_ctrl.o
 .debug_line    0x0004603d      0xb58 ./Middlewares/MotorControl/speed_pos_fdbk.o
 .debug_line    0x00046b95     0x154a ./Middlewares/MotorControl/sto_pll_speed_pos_fdbk.o
 .debug_line    0x000480df      0xf1e ./Middlewares/MotorControl/virtual_speed_sensor.o

.debug_line_str
                0x00000000       0x7f
 .debug_line_str
                0x00000000       0x7f ./Application/Startup/startup_stm32g431rbtx.o

.debug_info     0x00000000    0x4c3bc
 .debug_info    0x00000000       0x30 ./Application/Startup/startup_stm32g431rbtx.o
 .debug_info    0x00000030     0x113b ./Application/User/aspep.o
 .debug_info    0x0000116b     0x12cf ./Application/User/hf_registers.o
 .debug_info    0x0000243a     0x2cde ./Application/User/main.o
 .debug_info    0x00005118     0x1bf6 ./Application/User/mc_api.o
 .debug_info    0x00006d0e     0x12cd ./Application/User/mc_app_hooks.o
 .debug_info    0x00007fdb     0x22b2 ./Application/User/mc_config.o
 .debug_info    0x0000a28d     0x1503 ./Application/User/mc_config_common.o
 .debug_info    0x0000b790      0x592 ./Application/User/mc_configuration_registers.o
 .debug_info    0x0000bd22     0x21b1 ./Application/User/mc_interface.o
 .debug_info    0x0000ded3      0x77d ./Application/User/mc_math.o
 .debug_info    0x0000e650      0xa16 ./Application/User/mc_parameters.o
 .debug_info    0x0000f066     0x22a4 ./Application/User/mc_tasks.o
 .debug_info    0x0001130a     0x30c5 ./Application/User/mc_tasks_foc.o
 .debug_info    0x000143cf     0x15eb ./Application/User/mcp.o
 .debug_info    0x000159ba      0xb02 ./Application/User/mcp_config.o
 .debug_info    0x000164bc     0x114b ./Application/User/motorcontrol.o
 .debug_info    0x00017607      0xbc1 ./Application/User/pwm_common.o
 .debug_info    0x000181c8     0x13a3 ./Application/User/pwm_curr_fdbk.o
 .debug_info    0x0001956b      0xb72 ./Application/User/regular_conversion_manager.o
 .debug_info    0x0001a0dd     0x12bb ./Application/User/speed_potentiometer.o
 .debug_info    0x0001b398      0x9c7 ./Application/User/speed_torq_ctrl.o
 .debug_info    0x0001bd5f     0x12b0 ./Application/User/stm32_mc_common_it.o
 .debug_info    0x0001d00f     0x1f7b ./Application/User/stm32g4xx_hal_msp.o
 .debug_info    0x0001ef8a     0x1263 ./Application/User/stm32g4xx_mc_it.o
 .debug_info    0x000201ed     0x31c9 ./Application/User/sync_registers.o
 .debug_info    0x000233b6     0x1277 ./Application/User/usart_aspep_driver.o
 .debug_info    0x0002462d      0x5a7 ./Drivers/CMSIS/system_stm32g4xx.o
 .debug_info    0x00024bd4      0xcd7 ./Drivers/STM32G4xx_HAL_Driver/stm32g4xx_hal.o
 .debug_info    0x000258ab     0x3508 ./Drivers/STM32G4xx_HAL_Driver/stm32g4xx_hal_adc.o
 .debug_info    0x00028db3     0x2d34 ./Drivers/STM32G4xx_HAL_Driver/stm32g4xx_hal_adc_ex.o
 .debug_info    0x0002bae7      0xdc3 ./Drivers/STM32G4xx_HAL_Driver/stm32g4xx_hal_cordic.o
 .debug_info    0x0002c8aa      0xfd6 ./Drivers/STM32G4xx_HAL_Driver/stm32g4xx_hal_cortex.o
 .debug_info    0x0002d880      0xa6a ./Drivers/STM32G4xx_HAL_Driver/stm32g4xx_hal_dma.o
 .debug_info    0x0002e2ea      0x7a4 ./Drivers/STM32G4xx_HAL_Driver/stm32g4xx_hal_gpio.o
 .debug_info    0x0002ea8e      0x998 ./Drivers/STM32G4xx_HAL_Driver/stm32g4xx_hal_pwr_ex.o
 .debug_info    0x0002f426      0xe94 ./Drivers/STM32G4xx_HAL_Driver/stm32g4xx_hal_rcc.o
 .debug_info    0x000302ba      0xd5a ./Drivers/STM32G4xx_HAL_Driver/stm32g4xx_hal_rcc_ex.o
 .debug_info    0x00031014     0x4f8e ./Drivers/STM32G4xx_HAL_Driver/stm32g4xx_hal_tim.o
 .debug_info    0x00035fa2     0x25d0 ./Drivers/STM32G4xx_HAL_Driver/stm32g4xx_hal_tim_ex.o
 .debug_info    0x00038572     0x7904 ./Drivers/STM32G4xx_HAL_Driver/stm32g4xx_hal_uart.o
 .debug_info    0x0003fe76     0x13dd ./Drivers/STM32G4xx_HAL_Driver/stm32g4xx_hal_uart_ex.o
 .debug_info    0x00041253      0x2d3 ./Middlewares/MotorControl/bus_voltage_sensor.o
 .debug_info    0x00041526      0x397 ./Middlewares/MotorControl/circle_limitation.o
 .debug_info    0x000418bd      0x725 ./Middlewares/MotorControl/mcpa.o
 .debug_info    0x00041fe2      0x408 ./Middlewares/MotorControl/ntc_temperature_sensor.o
 .debug_info    0x000423ea      0x8fa ./Middlewares/MotorControl/pid_regulator.o
 .debug_info    0x00042ce4      0x381 ./Middlewares/MotorControl/potentiometer.o
 .debug_info    0x00043065      0x52c ./Middlewares/MotorControl/pqd_motor_power_measurement.o
 .debug_info    0x00043591     0x5029 ./Middlewares/MotorControl/r3_2_g4xx_pwm_curr_fdbk.o