Archive member included to satisfy reference by file (symbol)

C:\Users\vayne\workspace\Edge-AI-Condition-Monitor\prototypes\stm32-f103-I2C-test\Drivers\CMSIS\Lib\ARM\libarm_cortexM3l_math.a(arm_const_structs.o)
                              ./Core/Src/main.o (arm_cfft_sR_f32_len256)
C:\Users\vayne\workspace\Edge-AI-Condition-Monitor\prototypes\stm32-f103-I2C-test\Drivers\CMSIS\Lib\ARM\libarm_cortexM3l_math.a(arm_common_tables.o)
                              C:\Users\vayne\workspace\Edge-AI-Condition-Monitor\prototypes\stm32-f103-I2C-test\Drivers\CMSIS\Lib\ARM\libarm_cortexM3l_math.a(arm_const_structs.o) (armBitRevIndexTable_fixed_4096)
C:\Users\vayne\workspace\Edge-AI-Condition-Monitor\prototypes\stm32-f103-I2C-test\Drivers\CMSIS\Lib\ARM\libarm_cortexM3l_math.a(arm_max_f32.o)
                              ./Core/Src/main.o (arm_max_f32)
C:\Users\vayne\workspace\Edge-AI-Condition-Monitor\prototypes\stm32-f103-I2C-test\Drivers\CMSIS\Lib\ARM\libarm_cortexM3l_math.a(arm_cfft_f32.o)
                              ./Core/Src/main.o (arm_cfft_f32)
C:\Users\vayne\workspace\Edge-AI-Condition-Monitor\prototypes\stm32-f103-I2C-test\Drivers\CMSIS\Lib\ARM\libarm_cortexM3l_math.a(arm_cmplx_mag_f32.o)
                              ./Core/Src/main.o (arm_cmplx_mag_f32)
C:\Users\vayne\workspace\Edge-AI-Condition-Monitor\prototypes\stm32-f103-I2C-test\Drivers\CMSIS\Lib\ARM\libarm_cortexM3l_math.a(arm_bitreversal2.o)
                              C:\Users\vayne\workspace\Edge-AI-Condition-Monitor\prototypes\stm32-f103-I2C-test\Drivers\CMSIS\Lib\ARM\libarm_cortexM3l_math.a(arm_cfft_f32.o) (arm_bitreversal_32)
C:\Users\vayne\workspace\Edge-AI-Condition-Monitor\prototypes\stm32-f103-I2C-test\Drivers\CMSIS\Lib\ARM\libarm_cortexM3l_math.a(arm_cfft_radix8_f32.o)
                              C:\Users\vayne\workspace\Edge-AI-Condition-Monitor\prototypes\stm32-f103-I2C-test\Drivers\CMSIS\Lib\ARM\libarm_cortexM3l_math.a(arm_cfft_f32.o) (arm_radix8_butterfly_f32)
C:/ST/STM32CubeIDE_2.0.0/STM32CubeIDE/plugins/com.st.stm32cube.ide.mcu.externaltools.gnu-tools-for-stm32.13.3.rel1.win32_1.0.100.202509120712/tools/bin/../lib/gcc/arm-none-eabi/13.3.1/../../../../arm-none-eabi/lib/thumb/v7-m/nofp\libc_nano.a(libc_a-exit.o)
                              C:/ST/STM32CubeIDE_2.0.0/STM32CubeIDE/plugins/com.st.stm32cube.ide.mcu.externaltools.gnu-tools-for-stm32.13.3.rel1.win32_1.0.100.202509120712/tools/bin/../lib/gcc/arm-none-eabi/13.3.1/../../../../arm-none-eabi/lib/thumb/v7-m/nofp/crt0.o (exit)
C:/ST/STM32CubeIDE_2.0.0/STM32CubeIDE/plugins/com.st.stm32cube.ide.mcu.externaltools.gnu-tools-for-stm32.13.3.rel1.win32_1.0.100.202509120712/tools/bin/../lib/gcc/arm-none-eabi/13.3.1/../../../../arm-none-eabi/lib/thumb/v7-m/nofp\libc_nano.a(libc_a-findfp.o)
                              C:/ST/STM32CubeIDE_2.0.0/STM32CubeIDE/plugins/com.st.stm32cube.ide.mcu.externaltools.gnu-tools-for-stm32.13.3.rel1.win32_1.0.100.202509120712/tools/bin/../lib/gcc/arm-none-eabi/13.3.1/../../../../arm-none-eabi/lib/thumb/v7-m/nofp\libc_nano.a(libc_a-exit.o) (__stdio_exit_handler)
C:/ST/STM32CubeIDE_2.0.0/STM32CubeIDE/plugins/com.st.stm32cube.ide.mcu.externaltools.gnu-tools-for-stm32.13.3.rel1.win32_1.0.100.202509120712/tools/bin/../lib/gcc/arm-none-eabi/13.3.1/../../../../arm-none-eabi/lib/thumb/v7-m/nofp\libc_nano.a(libc_a-fwalk.o)
                              C:/ST/STM32CubeIDE_2.0.0/STM32CubeIDE/plugins/com.st.stm32cube.ide.mcu.externaltools.gnu-tools-for-stm32.13.3.rel1.win32_1.0.100.202509120712/tools/bin/../lib/gcc/arm-none-eabi/13.3.1/../../../../arm-none-eabi/lib/thumb/v7-m/nofp\libc_nano.a(libc_a-findfp.o) (_fwalk_sglue)
C:/ST/STM32CubeIDE_2.0.0/STM32CubeIDE/plugins/com.st.stm32cube.ide.mcu.externaltools.gnu-tools-for-stm32.13.3.rel1.win32_1.0.100.202509120712/tools/bin/../lib/gcc/arm-none-eabi/13.3.1/../../../../arm-none-eabi/lib/thumb/v7-m/nofp\libc_nano.a(libc_a-stdio.o)
                              C:/ST/STM32CubeIDE_2.0.0/STM32CubeIDE/plugins/com.st.stm32cube.ide.mcu.externaltools.gnu-tools-for-stm32.13.3.rel1.win32_1.0.100.202509120712/tools/bin/../lib/gcc/arm-none-eabi/13.3.1/../../../../arm-none-eabi/lib/thumb/v7-m/nofp\libc_nano.a(libc_a-findfp.o) (__sread)
C:/ST/STM32CubeIDE_2.0.0/STM32CubeIDE/plugins/com.st.stm32cube.ide.mcu.externaltools.gnu-tools-for-stm32.13.3.rel1.win32_1.0.100.202509120712/tools/bin/../lib/gcc/arm-none-eabi/13.3.1/../../../../arm-none-eabi/lib/thumb/v7-m/nofp\libc_nano.a(libc_a-memset.o)
                              C:/ST/STM32CubeIDE_2.0.0/STM32CubeIDE/plugins/com.st.stm32cube.ide.mcu.externaltools.gnu-tools-for-stm32.13.3.rel1.win32_1.0.100.202509120712/tools/bin/../lib/gcc/arm-none-eabi/13.3.1/../../../../arm-none-eabi/lib/thumb/v7-m/nofp/crt0.o (memset)
C:/ST/STM32CubeIDE_2.0.0/STM32CubeIDE/plugins/com.st.stm32cube.ide.mcu.externaltools.gnu-tools-for-stm32.13.3.rel1.win32_1.0.100.202509120712/tools/bin/../lib/gcc/arm-none-eabi/13.3.1/../../../../arm-none-eabi/lib/thumb/v7-m/nofp\libc_nano.a(libc_a-closer.o)
[...]
Memory Configuration

Name             Origin             Length             Attributes
RAM              0x20000000         0x00005000         xrw
FLASH            0x08000000         0x00020000         xr
*default*        0x00000000         0xffffffff

Linker script and memory map

LOAD C:/ST/STM32CubeIDE_2.0.0/STM32CubeIDE/plugins/com.st.stm32cube.ide.mcu.externaltools.gnu-tools-for-stm32.13.3.rel1.win32_1.0.100.202509120712/tools/bin/../lib/gcc/arm-none-eabi/13.3.1/thumb/v7-m/nofp/crti.o
LOAD C:/ST/STM32CubeIDE_2.0.0/STM32CubeIDE/plugins/com.st.stm32cube.ide.mcu.externaltools.gnu-tools-for-stm32.13.3.rel1.win32_1.0.100.202509120712/tools/bin/../lib/gcc/arm-none-eabi/13.3.1/thumb/v7-m/nofp/crtbegin.o
LOAD C:/ST/STM32CubeIDE_2.0.0/STM32CubeIDE/plugins/com.st.stm32cube.ide.mcu.externaltools.gnu-tools-for-stm32.13.3.rel1.win32_1.0.100.202509120712/tools/bin/../lib/gcc/arm-none-eabi/13.3.1/../../../../arm-none-eabi/lib/thumb/v7-m/nofp/crt0.o
LOAD ./Core/Src/main.o
LOAD ./Core/Src/stm32f1xx_hal_msp.o
LOAD ./Core/Src/stm32f1xx_it.o
LOAD ./Core/Src/syscalls.o
LOAD ./Core/Src/sysmem.o
LOAD ./Core/Src/system_stm32f1xx.o
LOAD ./Core/Startup/startup_stm32f103cbtx.o
LOAD ./Drivers/STM32F1xx_HAL_Driver/Src/stm32f1xx_hal.o
LOAD ./Drivers/STM32F1xx_HAL_Driver/Src/stm32f1xx_hal_cortex.o
LOAD ./Drivers/STM32F1xx_HAL_Driver/Src/stm32f1xx_hal_dma.o
LOAD ./Drivers/STM32F1xx_HAL_Driver/Src/stm32f1xx_hal_exti.o
LOAD ./Drivers/STM32F1xx_HAL_Driver/Src/stm32f1xx_hal_flash.o
LOAD ./Drivers/STM32F1xx_HAL_Driver/Src/stm32f1xx_hal_flash_ex.o
LOAD ./Drivers/STM32F1xx_HAL_Driver/Src/stm32f1xx_hal_gpio.o
LOAD ./Drivers/STM32F1xx_HAL_Driver/Src/stm32f1xx_hal_gpio_ex.o
LOAD ./Drivers/STM32F1xx_HAL_Driver/Src/stm32f1xx_hal_i2c.o
LOAD ./Drivers/STM32F1xx_HAL_Driver/Src/stm32f1xx_hal_pwr.o
LOAD ./Drivers/STM32F1xx_HAL_Driver/Src/stm32f1xx_hal_rcc.o
LOAD ./Drivers/STM32F1xx_HAL_Driver/Src/stm32f1xx_hal_rcc_ex.o
LOAD ./Drivers/STM32F1xx_HAL_Driver/Src/stm32f1xx_hal_tim.o
LOAD ./Drivers/STM32F1xx_HAL_Driver/Src/stm32f1xx_hal_tim_ex.o
LOAD C:\Users\vayne\workspace\Edge-AI-Condition-Monitor\prototypes\stm32-f103-I2C-test\Drivers\CMSIS\Lib\ARM\libarm_cortexM3l_math.a
START GROUP
LOAD C:/ST/STM32CubeIDE_2.0.0/STM32CubeIDE/plugins/com.st.stm32cube.ide.mcu.externaltools.gnu-tools-for-stm32.13.3.rel1.win32_1.0.100.202509120712/tools/bin/../lib/gcc/arm-none-eabi/13.3.1/../../../../arm-none-eabi/lib/thumb/v7-m/nofp\libc_nano.a
LOAD C:/ST/STM32CubeIDE_2.0.0/STM32CubeIDE/plugins/com.st.stm32cube.ide.mcu.externaltools.gnu-tools-for-stm32.13.3.rel1.win32_1.0.100.202509120712/tools/bin/../lib/gcc/arm-none-eabi/13.3.1/../../../../arm-none-eabi/lib/thumb/v7-m/nofp\libm.a
END GROUP
START GROUP
LOAD C:/ST/STM32CubeIDE_2.0.0/STM32CubeIDE/plugins/com.st.stm32cube.ide.mcu.externaltools.gnu-tools-for-stm32.13.3.rel1.win32_1.0.100.202509120712/tools/bin/../lib/gcc/arm-none-eabi/13.3.1/thumb/v7-m/nofp\libgcc.a
LOAD C:/ST/STM32CubeIDE_2.0.0/STM32CubeIDE/plugins/com.st.stm32cube.ide.mcu.externaltools.gnu-tools-for-stm32.13.3.rel1.win32_1.0.100.202509120712/tools/bin/../lib/gcc/arm-none-eabi/13.3.1/../../../../arm-none-eabi/lib/thumb/v7-m/nofp\libc_nano.a
END GROUP
START GROUP
LOAD C:/ST/STM32CubeIDE_2.0.0/STM32CubeIDE/plugins/com.st.stm32cube.ide.mcu.externaltools.gnu-tools-for-stm32.13.3.rel1.win32_1.0.100.202509120712/tools/bin/../lib/gcc/arm-none-eabi/13.3.1/thumb/v7-m/nofp\libgcc.a
LOAD C:/ST/STM32CubeIDE_2.0.0/STM32CubeIDE/plugins/com.st.stm32cube.ide.mcu.externaltools.gnu-tools-for-stm32.13.3.rel1.win32_1.0.100.202509120712/tools/bin/../lib/gcc/arm-none-eabi/13.3.1/../../../../arm-none-eabi/lib/thumb/v7-m/nofp\libc_nano.a
LOAD C:/ST/STM32CubeIDE_2.0.0/STM32CubeIDE/plugins/com.st.stm32cube.ide.mcu.externaltools.gnu-tools-for-stm32.13.3.rel1.win32_1.0.100.202509120712/tools/bin/../lib/gcc/arm-none-eabi/13.3.1/../../../../arm-none-eabi/lib/thumb/v7-m/nofp\libnosys.a
END GROUP
START GROUP
LOAD C:/ST/STM32CubeIDE_2.0.0/STM32CubeIDE/plugins/com.st.stm32cube.ide.mcu.externaltools.gnu-tools-for-stm32.13.3.rel1.win32_1.0.100.202509120712/tools/bin/../lib/gcc/arm-none-eabi/13.3.1/thumb/v7-m/nofp\libgcc.a
LOAD C:/ST/STM32CubeIDE_2.0.0/STM32CubeIDE/plugins/com.st.stm32cube.ide.mcu.externaltools.gnu-tools-for-stm32.13.3.rel1.win32_1.0.100.202509120712/tools/bin/../lib/gcc/arm-none-eabi/13.3.1/../../../../arm-none-eabi/lib/thumb/v7-m/nofp\libc_nano.a
LOAD C:/ST/STM32CubeIDE_2.0.0/STM32CubeIDE/plugins/com.st.stm32cube.ide.mcu.externaltools.gnu-tools-for-stm32.13.3.rel1.win32_1.0.100.202509120712/tools/bin/../lib/gcc/arm-none-eabi/13.3.1/../../../../arm-none-eabi/lib/thumb/v7-m/nofp\libnosys.a
END GROUP
LOAD C:/ST/STM32CubeIDE_2.0.0/STM32CubeIDE/plugins/com.st.stm32cube.ide.mcu.externaltools.gnu-tools-for-stm32.13.3.rel1.win32_1.0.100.202509120712/tools/bin/../lib/gcc/arm-none-eabi/13.3.1/thumb/v7-m/nofp/crtend.o
LOAD C:/ST/STM32CubeIDE_2.0.0/STM32CubeIDE/plugins/com.st.stm32cube.ide.mcu.externaltools.gnu-tools-for-stm32.13.3.rel1.win32_1.0.100.202509120712/tools/bin/../lib/gcc/arm-none-eabi/13.3.1/thumb/v7-m/nofp/crtn.o
                0x20005000                        _estack = (ORIGIN (RAM) + LENGTH (RAM))
                0x00000200                        _Min_Heap_Size = 0x200
                0x00000400                        _Min_Stack_Size = 0x400

.isr_vector     0x08000000      0x10c
                0x08000000                        . = ALIGN (0x4)
 *(.isr_vector)
 .isr_vector    0x08000000      0x10c ./Core/Startup/startup_stm32f103cbtx.o
                0x08000000                g_pfnVectors
                0x0800010c                        . = ALIGN (0x4)

.text           0x0800010c     0x6940
                0x0800010c                        . = ALIGN (0x4)
 *(.text)
 .text          0x0800010c       0x40 C:/ST/STM32CubeIDE_2.0.0/STM32CubeIDE/plugins/com.st.stm32cube.ide.mcu.externaltools.gnu-tools-for-stm32.13.3.rel1.win32_1.0.100.202509120712/tools/bin/../lib/gcc/arm-none-eabi/13.3.1/thumb/v7-m/nofp/crtbegin.o
 .text          0x0800014c       0xc0 C:\Users\vayne\workspace\Edge-AI-Condition-Monitor\prototypes\stm32-f103-I2C-test\Drivers\CMSIS\Lib\ARM\libarm_cortexM3l_math.a(arm_bitreversal2.o)
                0x0800014c                arm_bitreversal_32
                0x080001b6                arm_bitreversal_16
 .text          0x0800020c      0x21c C:/ST/STM32CubeIDE_2.0.0/STM32CubeIDE/plugins/com.st.stm32cube.ide.mcu.externaltools.gnu-tools-for-stm32.13.3.rel1.win32_1.0.100.202509120712/tools/bin/../lib/gcc/arm-none-eabi/13.3.1/thumb/v7-m/nofp\libgcc.a(_arm_addsubsf3.o)
                0x0800020c                __aeabi_frsub
                0x08000214                __subsf3
                0x08000214                __aeabi_fsub
                0x08000218                __aeabi_fadd
                0x08000218                __addsf3
                0x08000378                __aeabi_ui2f
                0x08000378                __floatunsisf
                0x08000380                __aeabi_i2f
                0x08000380                __floatsisf
                0x0800039c                __aeabi_ul2f
                0x0800039c                __floatundisf
                0x080003ac                __aeabi_l2f
                0x080003ac                __floatdisf
 .text          0x08000428      0x2a0 C:/ST/STM32CubeIDE_2.0.0/STM32CubeIDE/plugins/com.st.stm32cube.ide.mcu.externaltools.gnu-tools-for-stm32.13.3.rel1.win32_1.0.100.202509120712/tools/bin/../lib/gcc/arm-none-eabi/13.3.1/thumb/v7-m/nofp\libgcc.a(_arm_muldivsf3.o)
                0x08000428                __mulsf3
                0x08000428                __aeabi_fmul
                0x08000590                __aeabi_fdiv
                0x08000590                __divsf3
 .text          0x080006c8       0xec C:/ST/STM32CubeIDE_2.0.0/STM32CubeIDE/plugins/com.st.stm32cube.ide.mcu.externaltools.gnu-tools-for-stm32.13.3.rel1.win32_1.0.100.202509120712/tools/bin/../lib/gcc/arm-none-eabi/13.3.1/thumb/v7-m/nofp\libgcc.a(_arm_cmpsf2.o)
                0x080006c8                __gesf2
                0x080006c8                __gtsf2
                0x080006d0                __lesf2
                0x080006d0                __ltsf2
                0x080006d8                __nesf2
                0x080006d8                __eqsf2
                0x080006d8                __cmpsf2
                0x08000738                __aeabi_cfrcmple
                0x08000740                __aeabi_cfcmpeq
                0x08000740                __aeabi_cfcmple
                0x08000750                __aeabi_fcmpeq
                0x08000764                __aeabi_fcmplt
                0x08000778                __aeabi_fcmple
                0x0800078c                __aeabi_fcmpge
                0x080007a0                __aeabi_fcmpgt
 .text          0x080007b4       0x2c C:/ST/STM32CubeIDE_2.0.0/STM32CubeIDE/plugins/com.st.stm32cube.ide.mcu.externaltools.gnu-tools-for-stm32.13.3.rel1.win32_1.0.100.202509120712/tools/bin/../lib/gcc/arm-none-eabi/13.3.1/thumb/v7-m/nofp\libgcc.a(_arm_unordsf2.o)
                0x080007b4                __unordsf2
                0x080007b4                __aeabi_fcmpun
 *(.text*)
 .text.main     0x080007e0      0x144 ./Core/Src/main.o
                0x080007e0                main
 .text.SystemClock_Config
                0x08000924       0x8a ./Core/Src/main.o
                0x08000924                SystemClock_Config
 *fill*         0x080009ae        0x2 
 .text.MX_I2C1_Init
                0x080009b0       0x7c ./Core/Src/main.o
 .text.MX_TIM3_Init
                0x08000a2c       0x9c ./Core/Src/main.o
 .text.MX_DMA_Init
                0x08000ac8       0x4c ./Core/Src/main.o
 .text.MX_GPIO_Init
                0x08000b14       0x5c ./Core/Src/main.o
 .text.HAL_I2C_MemRxCpltCallback
                0x08000b70       0x9c ./Core/Src/main.o
                0x08000b70                HAL_I2C_MemRxCpltCallback
 .text.HAL_I2C_ErrorCallback
                0x08000c0c       0x78 ./Core/Src/main.o
                0x08000c0c                HAL_I2C_ErrorCallback
 .text.HAL_TIM_PeriodElapsedCallback
                0x08000c84       0x40 ./Core/Src/main.o
                0x08000c84                HAL_TIM_PeriodElapsedCallback
 .text.Error_Handler
                0x08000cc4        0xc ./Core/Src/main.o
                0x08000cc4                Error_Handler
 .text.HAL_MspInit
                0x08000cd0       0x64 ./Core/Src/stm32f1xx_hal_msp.o
                0x08000cd0                HAL_MspInit
 .text.HAL_I2C_MspInit
                0x08000d34      0x14c ./Core/Src/stm32f1xx_hal_msp.o
                0x08000d34                HAL_I2C_MspInit
 .text.HAL_TIM_Base_MspInit
                0x08000e80       0x4c ./Core/Src/stm32f1xx_hal_msp.o
                0x08000e80                HAL_TIM_Base_MspInit
 .text.NMI_Handler
                0x08000ecc        0x8 ./Core/Src/stm32f1xx_it.o
                0x08000ecc                NMI_Handler
 .text.HardFault_Handler
                0x08000ed4        0x8 ./Core/Src/stm32f1xx_it.o
                0x08000ed4                HardFault_Handler
 .text.MemManage_Handler
                0x08000edc        0x8 ./Core/Src/stm32f1xx_it.o
                0x08000edc                MemManage_Handler
 .text.BusFault_Handler
                0x08000ee4        0x8 ./Core/Src/stm32f1xx_it.o
                0x08000ee4                BusFault_Handler
 .text.UsageFault_Handler
                0x08000eec        0x8 ./Core/Src/stm32f1xx_it.o
                0x08000eec                UsageFault_Handler
 .text.SVC_Handler
                0x08000ef4        0xc ./Core/Src/stm32f1xx_it.o
                0x08000ef4                SVC_Handler
 .text.DebugMon_Handler
                0x08000f00        0xc ./Core/Src/stm32f1xx_it.o
                0x08000f00                DebugMon_Handler
 .text.PendSV_Handler
                0x08000f0c        0xc ./Core/Src/stm32f1xx_it.o
                0x08000f0c                PendSV_Handler
 .text.SysTick_Handler
                0x08000f18        0xc ./Core/Src/stm32f1xx_it.o
                0x08000f18                SysTick_Handler
 .text.DMA1_Channel6_IRQHandler
                0x08000f24       0x14 ./Core/Src/stm32f1xx_it.o
                0x08000f24                DMA1_Channel6_IRQHandler
 .text.DMA1_Channel7_IRQHandler
                0x08000f38       0x14 ./Core/Src/stm32f1xx_it.o
                0x08000f38                DMA1_Channel7_IRQHandler
 .text.TIM3_IRQHandler
                0x08000f4c       0x14 ./Core/Src/stm32f1xx_it.o
                0x08000f4c                TIM3_IRQHandler
 .text.I2C1_EV_IRQHandler
                0x08000f60       0x14 ./Core/Src/stm32f1xx_it.o
                0x08000f60                I2C1_EV_IRQHandler
 .text.I2C1_ER_IRQHandler
                0x08000f74       0x14 ./Core/Src/stm32f1xx_it.o
                0x08000f74                I2C1_ER_IRQHandler
 .text.SystemInit
                0x08000f88        0xc ./Core/Src/system_stm32f1xx.o
                0x08000f88                SystemInit
 .text.Reset_Handler
                0x08000f94       0x48 ./Core/Startup/startup_stm32f103cbtx.o
                0x08000f94                Reset_Handler
 .text.Default_Handler
                0x08000fdc        0x2 ./Core/Startup/startup_stm32f103cbtx.o
                0x08000fdc                RTC_Alarm_IRQHandler
                0x08000fdc                EXTI2_IRQHandler
                0x08000fdc                TIM1_CC_IRQHandler
                0x08000fdc                PVD_IRQHandler
                0x08000fdc                EXTI3_IRQHandler
                0x08000fdc                EXTI0_IRQHandler
                0x08000fdc                I2C2_EV_IRQHandler
                0x08000fdc                ADC1_2_IRQHandler
                0x08000fdc                SPI1_IRQHandler
                0x08000fdc                TAMPER_IRQHandler
                0x08000fdc                DMA1_Channel4_IRQHandler
                0x08000fdc                USART3_IRQHandler
                0x08000fdc                RTC_IRQHandler
                0x08000fdc                CAN1_RX1_IRQHandler
                0x08000fdc                TIM4_IRQHandler
                0x08000fdc                RCC_IRQHandler
                0x08000fdc                TIM1_TRG_COM_IRQHandler
                0x08000fdc                DMA1_Channel1_IRQHandler
                0x08000fdc                Default_Handler
                0x08000fdc                EXTI15_10_IRQHandler
                0x08000fdc                EXTI9_5_IRQHandler
                0x08000fdc                SPI2_IRQHandler
                0x08000fdc                DMA1_Channel5_IRQHandler
                0x08000fdc                EXTI4_IRQHandler
                0x08000fdc                USB_LP_CAN1_RX0_IRQHandler
                0x08000fdc                USB_HP_CAN1_TX_IRQHandler
                0x08000fdc                DMA1_Channel3_IRQHandler
                0x08000fdc                TIM1_UP_IRQHandler
                0x08000fdc                WWDG_IRQHandler
                0x08000fdc                TIM2_IRQHandler
                0x08000fdc                TIM1_BRK_IRQHandler
                0x08000fdc                EXTI1_IRQHandler
                0x08000fdc                USART2_IRQHandler
                0x08000fdc                I2C2_ER_IRQHandler
                0x08000fdc                DMA1_Channel2_IRQHandler
                0x08000fdc                CAN1_SCE_IRQHandler
                0x08000fdc                FLASH_IRQHandler
                0x08000fdc                USART1_IRQHandler
                0x08000fdc                USBWakeUp_IRQHandler
 *fill*         0x08000fde        0x2 
 .text.HAL_Init
                0x08000fe0       0x2c ./Drivers/STM32F1xx_HAL_Driver/Src/stm32f1xx_hal.o
                0x08000fe0                HAL_Init
 .text.HAL_InitTick
                0x0800100c       0x60 ./Drivers/STM32F1xx_HAL_Driver/Src/stm32f1xx_hal.o
                0x0800100c                HAL_InitTick
 .text.HAL_IncTick
                0x0800106c       0x24 ./Drivers/STM32F1xx_HAL_Driver/Src/stm32f1xx_hal.o
                0x0800106c                HAL_IncTick
 .text.HAL_GetTick
                0x08001090       0x14 ./Drivers/STM32F1xx_HAL_Driver/Src/stm32f1xx_hal.o
                0x08001090                HAL_GetTick
 .text.HAL_Delay
                0x080010a4       0x48 ./Drivers/STM32F1xx_HAL_Driver/Src/stm32f1xx_hal.o
                0x080010a4                HAL_Delay
 .text.NVIC_SetPriorityGrouping
                0x080010ec       0x48 ./Drivers/STM32F1xx_HAL_Driver/Src/stm32f1xx_hal_cortex.o
 .text.NVIC_GetPriorityGrouping
                0x08001134       0x1c ./Drivers/STM32F1xx_HAL_Driver/Src/stm32f1xx_hal_cortex.o
 .text.NVIC_EnableIRQ
                0x08001150       0x30 ./Drivers/STM32F1xx_HAL_Driver/Src/stm32f1xx_hal_cortex.o
 .text.NVIC_SetPriority
                0x08001180       0x54 ./Drivers/STM32F1xx_HAL_Driver/Src/stm32f1xx_hal_cortex.o
 .text.NVIC_EncodePriority
                0x080011d4       0x64 ./Drivers/STM32F1xx_HAL_Driver/Src/stm32f1xx_hal_cortex.o
 .text.SysTick_Config
                0x08001238       0x44 ./Drivers/STM32F1xx_HAL_Driver/Src/stm32f1xx_hal_cortex.o
 .text.HAL_NVIC_SetPriorityGrouping
                0x0800127c       0x16 ./Drivers/STM32F1xx_HAL_Driver/Src/stm32f1xx_hal_cortex.o
                0x0800127c                HAL_NVIC_SetPriorityGrouping
 .text.HAL_NVIC_SetPriority
                0x08001292       0x38 ./Drivers/STM32F1xx_HAL_Driver/Src/stm32f1xx_hal_cortex.o
                0x08001292                HAL_NVIC_SetPriority
 .text.HAL_NVIC_EnableIRQ
                0x080012ca       0x1c ./Drivers/STM32F1xx_HAL_Driver/Src/stm32f1xx_hal_cortex.o
                0x080012ca                HAL_NVIC_EnableIRQ
 .text.HAL_SYSTICK_Config
                0x080012e6       0x18 ./Drivers/STM32F1xx_HAL_Driver/Src/stm32f1xx_hal_cortex.o
                0x080012e6                HAL_SYSTICK_Config
 *fill*         0x080012fe        0x2 
 .text.HAL_DMA_Init
                0x08001300       0xb4 ./Drivers/STM32F1xx_HAL_Driver/Src/stm32f1xx_hal_dma.o
                0x08001300                HAL_DMA_Init
 .text.HAL_DMA_Start_IT
                0x080013b4       0xc0 ./Drivers/STM32F1xx_HAL_Driver/Src/stm32f1xx_hal_dma.o
                0x080013b4                HAL_DMA_Start_IT
 .text.HAL_DMA_Abort_IT
                0x08001474       0xf0 ./Drivers/STM32F1xx_HAL_Driver/Src/stm32f1xx_hal_dma.o
                0x08001474                HAL_DMA_Abort_IT
 .text.HAL_DMA_IRQHandler
                0x08001564      0x20c ./Drivers/STM32F1xx_HAL_Driver/Src/stm32f1xx_hal_dma.o
                0x08001564                HAL_DMA_IRQHandler
 .text.HAL_DMA_GetState
                0x08001770       0x1a ./Drivers/STM32F1xx_HAL_Driver/Src/stm32f1xx_hal_dma.o
                0x08001770                HAL_DMA_GetState
 .text.DMA_SetConfig
                0x0800178a       0x5a ./Drivers/STM32F1xx_HAL_Driver/Src/stm32f1xx_hal_dma.o
 .text.HAL_GPIO_Init
                0x080017e4      0x308 ./Drivers/STM32F1xx_HAL_Driver/Src/stm32f1xx_hal_gpio.o
                0x080017e4                HAL_GPIO_Init
 .text.HAL_I2C_Init
                0x08001aec      0x288 ./Drivers/STM32F1xx_HAL_Driver/Src/stm32f1xx_hal_i2c.o
                0x08001aec                HAL_I2C_Init
 .text.I2C_Flush_DR
                0x08001d74       0x28 ./Drivers/STM32F1xx_HAL_Driver/Src/stm32f1xx_hal_i2c.o
 .text.HAL_I2C_Mem_Read_DMA
                0x08001d9c      0x30c ./Drivers/STM32F1xx_HAL_Driver/Src/stm32f1xx_hal_i2c.o
                0x08001d9c                HAL_I2C_Mem_Read_DMA
 .text.HAL_I2C_EV_IRQHandler
                0x080020a8      0x2e2 ./Drivers/STM32F1xx_HAL_Driver/Src/stm32f1xx_hal_i2c.o
                0x080020a8                HAL_I2C_EV_IRQHandler
 .text.HAL_I2C_ER_IRQHandler
                0x0800238a      0x15e ./Drivers/STM32F1xx_HAL_Driver/Src/stm32f1xx_hal_i2c.o
                0x0800238a                HAL_I2C_ER_IRQHandler
 .text.HAL_I2C_MasterTxCpltCallback
                0x080024e8       0x12 ./Drivers/STM32F1xx_HAL_Driver/Src/stm32f1xx_hal_i2c.o
                0x080024e8                HAL_I2C_MasterTxCpltCallback
 .text.HAL_I2C_MasterRxCpltCallback
                0x080024fa       0x12 ./Drivers/STM32F1xx_HAL_Driver/Src/stm32f1xx_hal_i2c.o
                0x080024fa                HAL_I2C_MasterRxCpltCallback
 .text.HAL_I2C_SlaveTxCpltCallback
                0x0800250c       0x12 ./Drivers/STM32F1xx_HAL_Driver/Src/stm32f1xx_hal_i2c.o
                0x0800250c                HAL_I2C_SlaveTxCpltCallback
 .text.HAL_I2C_SlaveRxCpltCallback
                0x0800251e       0x12 ./Drivers/STM32F1xx_HAL_Driver/Src/stm32f1xx_hal_i2c.o
                0x0800251e                HAL_I2C_SlaveRxCpltCallback
 .text.HAL_I2C_AddrCallback
                0x08002530       0x1a ./Drivers/STM32F1xx_HAL_Driver/Src/stm32f1xx_hal_i2c.o
                0x08002530                HAL_I2C_AddrCallback
 .text.HAL_I2C_ListenCpltCallback
                0x0800254a       0x12 ./Drivers/STM32F1xx_HAL_Driver/Src/stm32f1xx_hal_i2c.o
                0x0800254a                HAL_I2C_ListenCpltCallback
 .text.HAL_I2C_MemTxCpltCallback
                0x0800255c       0x12 ./Drivers/STM32F1xx_HAL_Driver/Src/stm32f1xx_hal_i2c.o
                0x0800255c                HAL_I2C_MemTxCpltCallback
 .text.HAL_I2C_AbortCpltCallback
                0x0800256e       0x12 ./Drivers/STM32F1xx_HAL_Driver/Src/stm32f1xx_hal_i2c.o
                0x0800256e                HAL_I2C_AbortCpltCallback
 .text.I2C_MasterTransmit_TXE
                0x08002580      0x138 ./Drivers/STM32F1xx_HAL_Driver/Src/stm32f1xx_hal_i2c.o
 .text.I2C_MasterTransmit_BTF
                0x080026b8       0xec ./Drivers/STM32F1xx_HAL_Driver/Src/stm32f1xx_hal_i2c.o
 .text.I2C_MemoryTransmit_TXE_BTF
                0x080027a4      0x130 ./Drivers/STM32F1xx_HAL_Driver/Src/stm32f1xx_hal_i2c.o
 .text.I2C_MasterReceive_RXNE
                0x080028d4      0x190 ./Drivers/STM32F1xx_HAL_Driver/Src/stm32f1xx_hal_i2c.o
 .text.I2C_MasterReceive_BTF
                0x08002a64      0x1e2 ./Drivers/STM32F1xx_HAL_Driver/Src/stm32f1xx_hal_i2c.o
 .text.I2C_Master_SB
                0x08002c46      0x10a ./Drivers/STM32F1xx_HAL_Driver/Src/stm32f1xx_hal_i2c.o
 .text.I2C_Master_ADD10
                0x08002d50       0x52 ./Drivers/STM32F1xx_HAL_Driver/Src/stm32f1xx_hal_i2c.o
 .text.I2C_Master_ADDR
                0x08002da2      0x336 ./Drivers/STM32F1xx_HAL_Driver/Src/stm32f1xx_hal_i2c.o
 .text.I2C_SlaveTransmit_TXE
                0x080030d8       0x7a ./Drivers/STM32F1xx_HAL_Driver/Src/stm32f1xx_hal_i2c.o
 .text.I2C_SlaveTransmit_BTF
                0x08003152       0x40 ./Drivers/STM32F1xx_HAL_Driver/Src/stm32f1xx_hal_i2c.o
 .text.I2C_SlaveReceive_RXNE
                0x08003192       0x7c ./Drivers/STM32F1xx_HAL_Driver/Src/stm32f1xx_hal_i2c.o
 .text.I2C_SlaveReceive_BTF
                0x0800320e       0x42 ./Drivers/STM32F1xx_HAL_Driver/Src/stm32f1xx_hal_i2c.o
 .text.I2C_Slave_ADDR
                0x08003250       0x94 ./Drivers/STM32F1xx_HAL_Driver/Src/stm32f1xx_hal_i2c.o
 .text.I2C_Slave_STOPF
                0x080032e4      0x260 ./Drivers/STM32F1xx_HAL_Driver/Src/stm32f1xx_hal_i2c.o
 .text.I2C_Slave_AF
                0x08003544       0xe8 ./Drivers/STM32F1xx_HAL_Driver/Src/stm32f1xx_hal_i2c.o
 .text.I2C_ITError
                0x0800362c      0x264 ./Drivers/STM32F1xx_HAL_Driver/Src/stm32f1xx_hal_i2c.o
 .text.I2C_RequestMemoryRead
                0x08003890      0x1d0 ./Drivers/STM32F1xx_HAL_Driver/Src/stm32f1xx_hal_i2c.o
 .text.I2C_DMAXferCplt
                0x08003a60      0x1be ./Drivers/STM32F1xx_HAL_Driver/Src/stm32f1xx_hal_i2c.o
 .text.I2C_DMAError
                0x08003c1e       0x6e ./Drivers/STM32F1xx_HAL_Driver/Src/stm32f1xx_hal_i2c.o
 .text.I2C_DMAAbort
                0x08003c8c      0x150 ./Drivers/STM32F1xx_HAL_Driver/Src/stm32f1xx_hal_i2c.o
 .text.I2C_WaitOnFlagUntilTimeout
                0x08003ddc       0xf4 ./Drivers/STM32F1xx_HAL_Driver/Src/stm32f1xx_hal_i2c.o
 .text.I2C_WaitOnMasterAddressFlagUntilTimeout
                0x08003ed0      0x140 ./Drivers/STM32F1xx_HAL_Driver/Src/stm32f1xx_hal_i2c.o
 .text.I2C_WaitOnTXEFlagUntilTimeout
                0x08004010       0x90 ./Drivers/STM32F1xx_HAL_Driver/Src/stm32f1xx_hal_i2c.o
 .text.I2C_WaitOnSTOPRequestThroughIT
                0x080040a0       0x64 ./Drivers/STM32F1xx_HAL_Driver/Src/stm32f1xx_hal_i2c.o
 .text.I2C_IsAcknowledgeFailed
                0x08004104       0x5c ./Drivers/STM32F1xx_HAL_Driver/Src/stm32f1xx_hal_i2c.o
 .text.I2C_ConvertOtherXferOptions
                0x08004160       0x34 ./Drivers/STM32F1xx_HAL_Driver/Src/stm32f1xx_hal_i2c.o
 .text.HAL_RCC_OscConfig
                0x08004194      0x504 ./Drivers/STM32F1xx_HAL_Driver/Src/stm32f1xx_hal_rcc.o
                0x08004194                HAL_RCC_OscConfig
 .text.HAL_RCC_ClockConfig
                0x08004698      0x1d4 ./Drivers/STM32F1xx_HAL_Driver/Src/stm32f1xx_hal_rcc.o
                0x08004698                HAL_RCC_ClockConfig
 .text.HAL_RCC_GetSysClockFreq
                0x0800486c       0xa8 ./Drivers/STM32F1xx_HAL_Driver/Src/stm32f1xx_hal_rcc.o
                0x0800486c                HAL_RCC_GetSysClockFreq
 .text.HAL_RCC_GetHCLKFreq
                0x08004914       0x14 ./Drivers/STM32F1xx_HAL_Driver/Src/stm32f1xx_hal_rcc.o
                0x08004914                HAL_RCC_GetHCLKFreq
 .text.HAL_RCC_GetPCLK1Freq
                0x08004928       0x28 ./Drivers/STM32F1xx_HAL_Driver/Src/stm32f1xx_hal_rcc.o
                0x08004928                HAL_RCC_GetPCLK1Freq
 .text.RCC_Delay
                0x08004950       0x40 ./Drivers/STM32F1xx_HAL_Driver/Src/stm32f1xx_hal_rcc.o
 .text.HAL_TIM_Base_Init
                0x08004990       0x9e ./Drivers/STM32F1xx_HAL_Driver/Src/stm32f1xx_hal_tim.o
                0x08004990                HAL_TIM_Base_Init
 *fill*         0x08004a2e        0x2 
 .text.HAL_TIM_Base_Start_IT
                0x08004a30       0xa4 ./Drivers/STM32F1xx_HAL_Driver/Src/stm32f1xx_hal_tim.o
                0x08004a30                HAL_TIM_Base_Start_IT
 .text.HAL_TIM_IRQHandler
                0x08004ad4      0x1e0 ./Drivers/STM32F1xx_HAL_Driver/Src/stm32f1xx_hal_tim.o
                0x08004ad4                HAL_TIM_IRQHandler
 .text.HAL_TIM_ConfigClockSource
                0x08004cb4      0x18e ./Drivers/STM32F1xx_HAL_Driver/Src/stm32f1xx_hal_tim.o
                0x08004cb4                HAL_TIM_ConfigClockSource
 .text.HAL_TIM_OC_DelayElapsedCallback
                0x08004e42       0x12 ./Drivers/STM32F1xx_HAL_Driver/Src/stm32f1xx_hal_tim.o
                0x08004e42                HAL_TIM_OC_DelayElapsedCallback
 .text.HAL_TIM_IC_CaptureCallback
                0x08004e54       0x12 ./Drivers/STM32F1xx_HAL_Driver/Src/stm32f1xx_hal_tim.o
                0x08004e54                HAL_TIM_IC_CaptureCallback
 .text.HAL_TIM_PWM_PulseFinishedCallback
                0x08004e66       0x12 ./Drivers/STM32F1xx_HAL_Driver/Src/stm32f1xx_hal_tim.o
                0x08004e66                HAL_TIM_PWM_PulseFinishedCallback
 .text.HAL_TIM_TriggerCallback
                0x08004e78       0x12 ./Drivers/STM32F1xx_HAL_Driver/Src/stm32f1xx_hal_tim.o
                0x08004e78                HAL_TIM_TriggerCallback
 *fill*         0x08004e8a        0x2 
 .text.TIM_Base_SetConfig
                0x08004e8c       0xdc ./Drivers/STM32F1xx_HAL_Driver/Src/stm32f1xx_hal_tim.o
                0x08004e8c                TIM_Base_SetConfig
 .text.TIM_TI1_ConfigInputStage
                0x08004f68       0x5c ./Drivers/STM32F1xx_HAL_Driver/Src/stm32f1xx_hal_tim.o
 .text.TIM_TI2_ConfigInputStage
                0x08004fc4       0x5e ./Drivers/STM32F1xx_HAL_Driver/Src/stm32f1xx_hal_tim.o
 .text.TIM_ITRx_SetConfig
                0x08005022       0x34 ./Drivers/STM32F1xx_HAL_Driver/Src/stm32f1xx_hal_tim.o
 .text.TIM_ETR_SetConfig
                0x08005056       0x3e ./Drivers/STM32F1xx_HAL_Driver/Src/stm32f1xx_hal_tim.o
                0x08005056                TIM_ETR_SetConfig
 .text.HAL_TIMEx_MasterConfigSynchronization
                0x08005094       0xbc ./Drivers/STM32F1xx_HAL_Driver/Src/stm32f1xx_hal_tim_ex.o
                0x08005094                HAL_TIMEx_MasterConfigSynchronization
 .text.HAL_TIMEx_CommutCallback
                0x08005150       0x12 ./Drivers/STM32F1xx_HAL_Driver/Src/stm32f1xx_hal_tim_ex.o
                0x08005150                HAL_TIMEx_CommutCallback
 .text.HAL_TIMEx_BreakCallback
                0x08005162       0x12 ./Drivers/STM32F1xx_HAL_Driver/Src/stm32f1xx_hal_tim_ex.o
                0x08005162                HAL_TIMEx_BreakCallback
 .text.arm_max_f32
                0x08005174      0x12c C:\Users\vayne\workspace\Edge-AI-Condition-Monitor\prototypes\stm32-f103-I2C-test\Drivers\CMSIS\Lib\ARM\libarm_cortexM3l_math.a(arm_max_f32.o)
                0x08005174                arm_max_f32
 .text.arm_cfft_radix8by2_f32
                0x080052a0      0x2b0 C:\Users\vayne\workspace\Edge-AI-Condition-Monitor\prototypes\stm32-f103-I2C-test\Drivers\CMSIS\Lib\ARM\libarm_cortexM3l_math.a(arm_cfft_f32.o)
                0x080052a0                arm_cfft_radix8by2_f32
 .text.arm_cfft_radix8by4_f32
                0x08005550      0x768 C:\Users\vayne\workspace\Edge-AI-Condition-Monitor\prototypes\stm32-f103-I2C-test\Drivers\CMSIS\Lib\ARM\libarm_cortexM3l_math.a(arm_cfft_f32.o)
                0x08005550                arm_cfft_radix8by4_f32
 .text.arm_cfft_f32
                0x08005cb8       0xfc C:\Users\vayne\workspace\Edge-AI-Condition-Monitor\prototypes\stm32-f103-I2C-test\Drivers\CMSIS\Lib\ARM\libarm_cortexM3l_math.a(arm_cfft_f32.o)
                0x08005cb8                arm_cfft_f32
 .text.arm_cmplx_mag_f32
                0x08005db4      0x19c C:\Users\vayne\workspace\Edge-AI-Condition-Monitor\prototypes\stm32-f103-I2C-test\Drivers\CMSIS\Lib\ARM\libarm_cortexM3l_math.a(arm_cmplx_mag_f32.o)
                0x08005db4                arm_cmplx_mag_f32
 .text.arm_radix8_butterfly_f32
                0x08005f50      0x96c C:\Users\vayne\workspace\Edge-AI-Condition-Monitor\prototypes\stm32-f103-I2C-test\Drivers\CMSIS\Lib\ARM\libarm_cortexM3l_math.a(arm_cfft_radix8_f32.o)
                0x08005f50                arm_radix8_butterfly_f32
 .text.memset   0x080068bc       0x10 C:/ST/STM32CubeIDE_2.0.0/STM32CubeIDE/plugins/com.st.stm32cube.ide.mcu.externaltools.gnu-tools-for-stm32.13.3.rel1.win32_1.0.100.202509120712/tools/bin/../lib/gcc/arm-none-eabi/13.3.1/../../../../arm-none-eabi/lib/thumb/v7-m/nofp\libc_nano.a(libc_a-memset.o)
                0x080068bc                memset
 .text.__errno  0x080068cc        0xc C:/ST/STM32CubeIDE_2.0.0/STM32CubeIDE/plugins/com.st.stm32cube.ide.mcu.externaltools.gnu-tools-for-stm32.13.3.rel1.win32_1.0.100.202509120712/tools/bin/../lib/gcc/arm-none-eabi/13.3.1/../../../../arm-none-eabi/lib/thumb/v7-m/nofp\libc_nano.a(libc_a-errno.o)
                0x080068cc                __errno
 .text.__libc_init_array
                0x080068d8       0x48 C:/ST/STM32CubeIDE_2.0.0/STM32CubeIDE/plugins/com.st.stm32cube.ide.mcu.externaltools.gnu-tools-for-stm32.13.3.rel1.win32_1.0.100.202509120712/tools/bin/../lib/gcc/arm-none-eabi/13.3.1/../../../../arm-none-eabi/lib/thumb/v7-m/nofp\libc_nano.a(libc_a-init.o)
                0x080068d8                __libc_init_array
 .text.sqrtf    0x08006920       0x34 C:/ST/STM32CubeIDE_2.0.0/STM32CubeIDE/plugins/com.st.stm32cube.ide.mcu.externaltools.gnu-tools-for-stm32.13.3.rel1.win32_1.0.100.202509120712/tools/bin/../lib/gcc/arm-none-eabi/13.3.1/../../../../arm-none-eabi/lib/thumb/v7-m/nofp\libm.a(libm_a-wf_sqrt.o)
                0x08006920                sqrtf
 .text.__ieee754_sqrtf
                0x08006954       0xe0 C:/ST/STM32CubeIDE_2.0.0/STM32CubeIDE/plugins/com.st.stm32cube.ide.mcu.externaltools.gnu-tools-for-stm32.13.3.rel1.win32_1.0.100.202509120712/tools/bin/../lib/gcc/arm-none-eabi/13.3.1/../../../../arm-none-eabi/lib/thumb/v7-m/nofp\libm.a(libm_a-ef_sqrt.o)
                0x08006954                __ieee754_sqrtf
 *(.glue_7)
 .glue_7        0x08006a34        0x0 linker stubs
 *(.glue_7t)
 .glue_7t       0x08006a34        0x0 linker stubs
 *(.eh_frame)
 .eh_frame      0x08006a34        0x0 C:/ST/STM32CubeIDE_2.0.0/STM32CubeIDE/plugins/com.st.stm32cube.ide.mcu.externaltools.gnu-tools-for-stm32.13.3.rel1.win32_1.0.100.202509120712/tools/bin/../lib/gcc/arm-none-eabi/13.3.1/thumb/v7-m/nofp/crtbegin.o
 *(.init)
 .init          0x08006a34        0x4 C:/ST/STM32CubeIDE_2.0.0/STM32CubeIDE/plugins/com.st.stm32cube.ide.mcu.externaltools.gnu-tools-for-stm32.13.3.rel1.win32_1.0.100.202509120712/tools/bin/../lib/gcc/arm-none-eabi/13.3.1/thumb/v7-m/nofp/crti.o
                0x08006a34                _init
 .init          0x08006a38        0x8 C:/ST/STM32CubeIDE_2.0.0/STM32CubeIDE/plugins/com.st.stm32cube.ide.mcu.externaltools.gnu-tools-for-stm32.13.3.rel1.win32_1.0.100.202509120712/tools/bin/../lib/gcc/arm-none-eabi/13.3.1/thumb/v7-m/nofp/crtn.o
 *(.fini)
 .fini          0x08006a40        0x4 C:/ST/STM32CubeIDE_2.0.0/STM32CubeIDE/plugins/com.st.stm32cube.ide.mcu.externaltools.gnu-tools-for-stm32.13.3.rel1.win32_1.0.100.202509120712/tools/bin/../lib/gcc/arm-none-eabi/13.3.1/thumb/v7-m/nofp/crti.o
                0x08006a40                _fini
 .fini          0x08006a44        0x8 C:/ST/STM32CubeIDE_2.0.0/STM32CubeIDE/plugins/com.st.stm32cube.ide.mcu.externaltools.gnu-tools-for-stm32.13.3.rel1.win32_1.0.100.202509120712/tools/bin/../lib/gcc/arm-none-eabi/13.3.1/thumb/v7-m/nofp/crtn.o
                0x08006a4c                        . = ALIGN (0x4)
                0x08006a4c                        _etext = .

.vfp11_veneer   0x08006a4c        0x0
 .vfp11_veneer  0x08006a4c        0x0 linker stubs

.v4_bx          0x08006a4c        0x0
 .v4_bx         0x08006a4c        0x0 linker stubs

.iplt           0x08006a4c        0x0
 .iplt          0x08006a4c        0x0 C:/ST/STM32CubeIDE_2.0.0/STM32CubeIDE/plugins/com.st.stm32cube.ide.mcu.externaltools.gnu-tools-for-stm32.13.3.rel1.win32_1.0.100.202509120712/tools/bin/../lib/gcc/arm-none-eabi/13.3.1/thumb/v7-m/nofp/crtbegin.o

.rodata         0x08006a4c      0xbb4
                0x08006a4c                        . = ALIGN (0x4)
 *(.rodata)
 *(.rodata*)
 .rodata.AHBPrescTable
                0x08006a4c       0x10 ./Core/Src/system_stm32f1xx.o
                0x08006a4c                AHBPrescTable
 .rodata.APBPrescTable
                0x08006a5c        0x8 ./Core/Src/system_stm32f1xx.o
                0x08006a5c                APBPrescTable
 .rodata.aPLLMULFactorTable.1
                0x08006a64       0x10 ./Drivers/STM32F1xx_HAL_Driver/Src/stm32f1xx_hal_rcc.o
 .rodata.aPredivFactorTable.0
                0x08006a74        0x2 ./Drivers/STM32F1xx_HAL_Driver/Src/stm32f1xx_hal_rcc.o
 *fill*         0x08006a76        0x2 
 .rodata.arm_cfft_sR_f32_len256
                0x08006a78       0x10 C:\Users\vayne\workspace\Edge-AI-Condition-Monitor\prototypes\stm32-f103-I2C-test\Drivers\CMSIS\Lib\ARM\libarm_cortexM3l_math.a(arm_const_structs.o)
                0x08006a78                arm_cfft_sR_f32_len256
 .rodata.twiddleCoef_256
                0x08006a88      0x800 C:\Users\vayne\workspace\Edge-AI-Condition-Monitor\prototypes\stm32-f103-I2C-test\Drivers\CMSIS\Lib\ARM\libarm_cortexM3l_math.a(arm_common_tables.o)
                0x08006a88                twiddleCoef_256
 .rodata.armBitRevIndexTable256
                0x08007288      0x370 C:\Users\vayne\workspace\Edge-AI-Condition-Monitor\prototypes\stm32-f103-I2C-test\Drivers\CMSIS\Lib\ARM\libarm_cortexM3l_math.a(arm_common_tables.o)
                0x08007288                armBitRevIndexTable256
 .rodata.tiny   0x080075f8        0x4 C:/ST/STM32CubeIDE_2.0.0/STM32CubeIDE/plugins/com.st.stm32cube.ide.mcu.externaltools.gnu-tools-for-stm32.13.3.rel1.win32_1.0.100.202509120712/tools/bin/../lib/gcc/arm-none-eabi/13.3.1/../../../../arm-none-eabi/lib/thumb/v7-m/nofp\libm.a(libm_a-ef_sqrt.o)
 .rodata.one    0x080075fc        0x4 C:/ST/STM32CubeIDE_2.0.0/STM32CubeIDE/plugins/com.st.stm32cube.ide.mcu.externaltools.gnu-tools-for-stm32.13.3.rel1.win32_1.0.100.202509120712/tools/bin/../lib/gcc/arm-none-eabi/13.3.1/../../../../arm-none-eabi/lib/thumb/v7-m/nofp\libm.a(libm_a-ef_sqrt.o)
                0x08007600                        . = ALIGN (0x4)

.ARM.extab      0x08007600        0x0
                0x08007600                        . = ALIGN (0x4)
 *(.ARM.extab* .gnu.linkonce.armextab.*)
                0x08007600                        . = ALIGN (0x4)

.ARM            0x08007600        0x0
                0x08007600                        . = ALIGN (0x4)
                0x08007600                        __exidx_start = .
 *(.ARM.exidx*)
                0x08007600                        __exidx_end = .
                0x08007600                        . = ALIGN (0x4)

.preinit_array  0x08007600        0x0
                0x08007600                        . = ALIGN (0x4)
                0x08007600                        PROVIDE (__preinit_array_start = .)
 *(.preinit_array*)
                0x08007600                        PROVIDE (__preinit_array_end = .)
                0x08007600                        . = ALIGN (0x4)

.init_array     0x08007600        0x4
                0x08007600                        . = ALIGN (0x4)
                0x08007600                        PROVIDE (__init_array_start = .)
 *(SORT_BY_NAME(.init_array.*))
 *(.init_array*)
 .init_array    0x08007600        0x4 C:/ST/STM32CubeIDE_2.0.0/STM32CubeIDE/plugins/com.st.stm32cube.ide.mcu.externaltools.gnu-tools-for-stm32.13.3.rel1.win32_1.0.100.202509120712/tools/bin/../lib/gcc/arm-none-eabi/13.3.1/thumb/v7-m/nofp/crtbegin.o
                0x08007604                        PROVIDE (__init_array_end = .)
                0x08007604                        . = ALIGN (0x4)

.fini_array     0x08007604        0x4
                0x08007604                        . = ALIGN (0x4)
                [!provide]                        PROVIDE (__fini_array_start = .)
 *(SORT_BY_NAME(.fini_array.*))
 *(.fini_array*)
 .fini_array    0x08007604        0x4 C:/ST/STM32CubeIDE_2.0.0/STM32CubeIDE/plugins/com.st.stm32cube.ide.mcu.externaltools.gnu-tools-for-stm32.13.3.rel1.win32_1.0.100.202509120712/tools/bin/../lib/gcc/arm-none-eabi/13.3.1/thumb/v7-m/nofp/crtbegin.o
                [!provide]                        PROVIDE (__fini_array_end = .)
                0x08007608                        . = ALIGN (0x4)
                0x08007608                        _sidata = LOADADDR (.data)

.rel.dyn        0x08007608        0x0
 .rel.iplt      0x08007608        0x0 C:/ST/STM32CubeIDE_2.0.0/STM32CubeIDE/plugins/com.st.stm32cube.ide.mcu.externaltools.gnu-tools-for-stm32.13.3.rel1.win32_1.0.100.202509120712/tools/bin/../lib/gcc/arm-none-eabi/13.3.1/thumb/v7-m/nofp/crtbegin.o

.data           0x20000000       0x60 load address 0x08007608
                0x20000000                        . = ALIGN (0x4)
                0x20000000                        _sdata = .
 *(.data)
 *(.data*)
 .data.vib_addr
                0x20000000        0x2 ./Core/Src/main.o
                0x20000000                vib_addr
 *fill*         0x20000002        0x2 
 .data.SystemCoreClock
                0x20000004        0x4 ./Core/Src/system_stm32f1xx.o
                0x20000004                SystemCoreClock
 .data.uwTickPrio
                0x20000008        0x4 ./Drivers/STM32F1xx_HAL_Driver/Src/stm32f1xx_hal.o
                0x20000008                uwTickPrio
 .data.uwTickFreq
                0x2000000c        0x1 ./Drivers/STM32F1xx_HAL_Driver/Src/stm32f1xx_hal.o
                0x2000000c                uwTickFreq
 *fill*         0x2000000d        0x3 
 .data._impure_ptr
                0x20000010        0x4 C:/ST/STM32CubeIDE_2.0.0/STM32CubeIDE/plugins/com.st.stm32cube.ide.mcu.externaltools.gnu-tools-for-stm32.13.3.rel1.win32_1.0.100.202509120712/tools/bin/../lib/gcc/arm-none-eabi/13.3.1/../../../../arm-none-eabi/lib/thumb/v7-m/nofp\libc_nano.a(libc_a-impure.o)
                0x20000010                _impure_ptr
 .data._impure_data
                0x20000014       0x4c C:/ST/STM32CubeIDE_2.0.0/STM32CubeIDE/plugins/com.st.stm32cube.ide.mcu.externaltools.gnu-tools-for-stm32.13.3.rel1.win32_1.0.100.202509120712/tools/bin/../lib/gcc/arm-none-eabi/13.3.1/../../../../arm-none-eabi/lib/thumb/v7-m/nofp\libc_nano.a(libc_a-impure.o)
                0x20000014                _impure_data
 *(.RamFunc)
 *(.RamFunc*)
                0x20000060                        . = ALIGN (0x4)
                0x20000060                        _edata = .

.igot.plt       0x20000060        0x0 load address 0x08007668
 .igot.plt      0x20000060        0x0 C:/ST/STM32CubeIDE_2.0.0/STM32CubeIDE/plugins/com.st.stm32cube.ide.mcu.externaltools.gnu-tools-for-stm32.13.3.rel1.win32_1.0.100.202509120712/tools/bin/../lib/gcc/arm-none-eabi/13.3.1/thumb/v7-m/nofp/crtbegin.o
                0x20000060                        . = ALIGN (0x4)

.bss            0x20000060      0xea4 load address 0x08007668
                0x20000060                        _sbss = .
                0x20000060                        __bss_start__ = _sbss
 *(.bss)
 .bss           0x20000060       0x1c C:/ST/STM32CubeIDE_2.0.0/STM32CubeIDE/plugins/com.st.stm32cube.ide.mcu.externaltools.gnu-tools-for-stm32.13.3.rel1.win32_1.0.100.202509120712/tools/bin/../lib/gcc/arm-none-eabi/13.3.1/thumb/v7-m/nofp/crtbegin.o
 *(.bss*)
 .bss.hi2c1     0x2000007c       0x54 ./Core/Src/main.o
                0x2000007c                hi2c1
 .bss.hdma_i2c1_rx
                0x200000d0       0x44 ./Core/Src/main.o
                0x200000d0                hdma_i2c1_rx
 .bss.hdma_i2c1_tx
                0x20000114       0x44 ./Core/Src/main.o
                0x20000114                hdma_i2c1_tx
 .bss.htim3     0x20000158       0x48 ./Core/Src/main.o
                0x20000158                htim3
 .bss.fft_output
                0x200001a0      0x400 ./Core/Src/main.o
                0x200001a0                fft_output
 .bss.pData     0x200005a0        0xe ./Core/Src/main.o
                0x200005a0                pData
 *fill*         0x200005ae        0x2 
 .bss.fft_input
                0x200005b0      0x800 ./Core/Src/main.o
                0x200005b0                fft_input
 .bss.sample_count
                0x20000db0        0x2 ./Core/Src/main.o
                0x20000db0                sample_count
 .bss.fft_ready_flag
                0x20000db2        0x1 ./Core/Src/main.o
                0x20000db2                fft_ready_flag
 *fill*         0x20000db3        0x1 
 .bss.maxValue  0x20000db4        0x4 ./Core/Src/main.o
                0x20000db4                maxValue
 .bss.maxIndex  0x20000db8        0x4 ./Core/Src/main.o
                0x20000db8                maxIndex
 .bss.freq      0x20000dbc        0x4 ./Core/Src/main.o
                0x20000dbc                freq
 .bss.vData     0x20000dc0        0x6 ./Core/Src/main.o
                0x20000dc0                vData
 .bss.i2c_step  0x20000dc6        0x1 ./Core/Src/main.o
                0x20000dc6                i2c_step
 *fill*         0x20000dc7        0x1 
 .bss.uwTick    0x20000dc8        0x4 ./Drivers/STM32F1xx_HAL_Driver/Src/stm32f1xx_hal.o
                0x20000dc8                uwTick
 .bss.__sf      0x20000dcc      0x138 C:/ST/STM32CubeIDE_2.0.0/STM32CubeIDE/plugins/com.st.stm32cube.ide.mcu.externaltools.gnu-tools-for-stm32.13.3.rel1.win32_1.0.100.202509120712/tools/bin/../lib/gcc/arm-none-eabi/13.3.1/../../../../arm-none-eabi/lib/thumb/v7-m/nofp\libc_nano.a(libc_a-findfp.o)
                0x20000dcc                __sf
 *(COMMON)
                0x20000f04                        . = ALIGN (0x4)
                0x20000f04                        _ebss = .
                0x20000f04                        __bss_end__ = _ebss

._user_heap_stack
                0x20000f04      0x604 load address 0x08007668
                0x20000f08                        . = ALIGN (0x8)
 *fill*         0x20000f04        0x4 
                [!provide]                        PROVIDE (end = .)
                0x20000f08                        PROVIDE (_end = .)
                0x20001108                        . = (. + _Min_Heap_Size)
 *fill*         0x20000f08      0x200 
                0x20001508                        . = (. + _Min_Stack_Size)
 *fill*         0x20001108      0x400 
                0x20001508                        . = ALIGN (0x8)

/DISCARD/
 libc.a(*)
 libm.a(*)
 libgcc.a(*)

.ARM.attributes
                0x00000000       0x29
 *(.ARM.attributes)
 .ARM.attributes
                0x00000000       0x1d C:/ST/STM32CubeIDE_2.0.0/STM32CubeIDE/plugins/com.st.stm32cube.ide.mcu.externaltools.gnu-tools-for-stm32.13.3.rel1.win32_1.0.100.202509120712/tools/bin/../lib/gcc/arm-none-eabi/13.3.1/thumb/v7-m/nofp/crti.o
 .ARM.attributes
                0x0000001d       0x2d C:/ST/STM32CubeIDE_2.0.0/STM32CubeIDE/plugins/com.st.stm32cube.ide.mcu.externaltools.gnu-tools-for-stm32.13.3.rel1.win32_1.0.100.202509120712/tools/bin/../lib/gcc/arm-none-eabi/13.3.1/thumb/v7-m/nofp/crtbegin.o
 .ARM.attributes
                0x0000004a       0x2d ./Core/Src/main.o
 .ARM.attributes
                0x00000077       0x2d ./Core/Src/stm32f1xx_hal_msp.o
 .ARM.attributes
                0x000000a4       0x2d ./Core/Src/stm32f1xx_it.o
 .ARM.attributes
                0x000000d1       0x2d ./Core/Src/system_stm32f1xx.o
 .ARM.attributes
                0x000000fe       0x21 ./Core/Startup/startup_stm32f103cbtx.o
 .ARM.attributes
                0x0000011f       0x2d ./Drivers/STM32F1xx_HAL_Driver/Src/stm32f1xx_hal.o
 .ARM.attributes
                0x0000014c       0x2d ./Drivers/STM32F1xx_HAL_Driver/Src/stm32f1xx_hal_cortex.o
 .ARM.attributes
                0x00000179       0x2d ./Drivers/STM32F1xx_HAL_Driver/Src/stm32f1xx_hal_dma.o
 .ARM.attributes
                0x000001a6       0x2d ./Drivers/STM32F1xx_HAL_Driver/Src/stm32f1xx_hal_gpio.o
 .ARM.attributes
                0x000001d3       0x2d ./Drivers/STM32F1xx_HAL_Driver/Src/stm32f1xx_hal_i2c.o
 .ARM.attributes
                0x00000200       0x2d ./Drivers/STM32F1xx_HAL_Driver/Src/stm32f1xx_hal_rcc.o
 .ARM.attributes
                0x0000022d       0x2d ./Drivers/STM32F1xx_HAL_Driver/Src/stm32f1xx_hal_tim.o
 .ARM.attributes
                0x0000025a       0x2d ./Drivers/STM32F1xx_HAL_Driver/Src/stm32f1xx_hal_tim_ex.o
 .ARM.attributes
                0x00000287       0x33 C:\Users\vayne\workspace\Edge-AI-Condition-Monitor\prototypes\stm32-f103-I2C-test\Drivers\CMSIS\Lib\ARM\libarm_cortexM3l_math.a(arm_const_structs.o)
 .ARM.attributes
                0x000002ba       0x33 C:\Users\vayne\workspace\Edge-AI-Condition-Monitor\prototypes\stm32-f103-I2C-test\Drivers\CMSIS\Lib\ARM\libarm_cortexM3l_math.a(arm_common_tables.o)
 .ARM.attributes
                0x000002ed       0x33 C:\Users\vayne\workspace\Edge-AI-Condition-Monitor\prototypes\stm32-f103-I2C-test\Drivers\CMSIS\Lib\ARM\libarm_cortexM3l_math.a(arm_max_f32.o)
 .ARM.attributes
                0x00000320       0x33 C:\Users\vayne\workspace\Edge-AI-Condition-Monitor\prototypes\stm32-f103-I2C-test\Drivers\CMSIS\Lib\ARM\libarm_cortexM3l_math.a(arm_cfft_f32.o)
 .ARM.attributes
                0x00000353       0x33 C:\Users\vayne\workspace\Edge-AI-Condition-Monitor\prototypes\stm32-f103-I2C-test\Drivers\CMSIS\Lib\ARM\libarm_cortexM3l_math.a(arm_cmplx_mag_f32.o)
 .ARM.attributes
                0x00000386       0x21 C:\Users\vayne\workspace\Edge-AI-Condition-Monitor\prototypes\stm32-f103-I2C-test\Drivers\CMSIS\Lib\ARM\libarm_cortexM3l_math.a(arm_bitreversal2.o)
 .ARM.attributes
                0x000003a7       0x33 C:\Users\vayne\workspace\Edge-AI-Condition-Monitor\prototypes\stm32-f103-I2C-test\Drivers\CMSIS\Lib\ARM\libarm_cortexM3l_math.a(arm_cfft_radix8_f32.o)
 .ARM.attributes
                0x000003da       0x2d C:/ST/STM32CubeIDE_2.0.0/STM32CubeIDE/plugins/com.st.stm32cube.ide.mcu.externaltools.gnu-tools-for-stm32.13.3.rel1.win32_1.0.100.202509120712/tools/bin/../lib/gcc/arm-none-eabi/13.3.1/../../../../arm-none-eabi/lib/thumb/v7-m/nofp\libc_nano.a(libc_a-findfp.o)
 .ARM.attributes
                0x00000407       0x2d C:/ST/STM32CubeIDE_2.0.0/STM32CubeIDE/plugins/com.st.stm32cube.ide.mcu.externaltools.gnu-tools-for-stm32.13.3.rel1.win32_1.0.100.202509120712/tools/bin/../lib/gcc/arm-none-eabi/13.3.1/../../../../arm-none-eabi/lib/thumb/v7-m/nofp\libc_nano.a(libc_a-memset.o)
 .ARM.attributes
                0x00000434       0x2d C:/ST/STM32CubeIDE_2.0.0/STM32CubeIDE/plugins/com.st.stm32cube.ide.mcu.externaltools.gnu-tools-for-stm32.13.3.rel1.win32_1.0.100.202509120712/tools/bin/../lib/gcc/arm-none-eabi/13.3.1/../../../../arm-none-eabi/lib/thumb/v7-m/nofp\libc_nano.a(libc_a-impure.o)
 .ARM.attributes
                0x00000461       0x2d C:/ST/STM32CubeIDE_2.0.0/STM32CubeIDE/plugins/com.st.stm32cube.ide.mcu.externaltools.gnu-tools-for-stm32.13.3.rel1.win32_1.0.100.202509120712/tools/bin/../lib/gcc/arm-none-eabi/13.3.1/../../../../arm-none-eabi/lib/thumb/v7-m/nofp\libc_nano.a(libc_a-errno.o)
 .ARM.attributes
                0x0000048e       0x2d C:/ST/STM32CubeIDE_2.0.0/STM32CubeIDE/plugins/com.st.stm32cube.ide.mcu.externaltools.gnu-tools-for-stm32.13.3.rel1.win32_1.0.100.202509120712/tools/bin/../lib/gcc/arm-none-eabi/13.3.1/../../../../arm-none-eabi/lib/thumb/v7-m/nofp\libc_nano.a(libc_a-init.o)
 .ARM.attributes
                0x000004bb       0x2d C:/ST/STM32CubeIDE_2.0.0/STM32CubeIDE/plugins/com.st.stm32cube.ide.mcu.externaltools.gnu-tools-for-stm32.13.3.rel1.win32_1.0.100.202509120712/tools/bin/../lib/gcc/arm-none-eabi/13.3.1/../../../../arm-none-eabi/lib/thumb/v7-m/nofp\libm.a(libm_a-wf_sqrt.o)
 .ARM.attributes
                0x000004e8       0x2d C:/ST/STM32CubeIDE_2.0.0/STM32CubeIDE/plugins/com.st.stm32cube.ide.mcu.externaltools.gnu-tools-for-stm32.13.3.rel1.win32_1.0.100.202509120712/tools/bin/../lib/gcc/arm-none-eabi/13.3.1/../../../../arm-none-eabi/lib/thumb/v7-m/nofp\libm.a(libm_a-ef_sqrt.o)
 .ARM.attributes
                0x00000515       0x1d C:/ST/STM32CubeIDE_2.0.0/STM32CubeIDE/plugins/com.st.stm32cube.ide.mcu.externaltools.gnu-tools-for-stm32.13.3.rel1.win32_1.0.100.202509120712/tools/bin/../lib/gcc/arm-none-eabi/13.3.1/thumb/v7-m/nofp\libgcc.a(_arm_addsubsf3.o)
 .ARM.attributes
                0x00000532       0x1d C:/ST/STM32CubeIDE_2.0.0/STM32CubeIDE/plugins/com.st.stm32cube.ide.mcu.externaltools.gnu-tools-for-stm32.13.3.rel1.win32_1.0.100.202509120712/tools/bin/../lib/gcc/arm-none-eabi/13.3.1/thumb/v7-m/nofp\libgcc.a(_arm_muldivsf3.o)
 .ARM.attributes
                0x0000054f       0x1d C:/ST/STM32CubeIDE_2.0.0/STM32CubeIDE/plugins/com.st.stm32cube.ide.mcu.externaltools.gnu-tools-for-stm32.13.3.rel1.win32_1.0.100.202509120712/tools/bin/../lib/gcc/arm-none-eabi/13.3.1/thumb/v7-m/nofp\libgcc.a(_arm_cmpsf2.o)
 .ARM.attributes
                0x0000056c       0x1d C:/ST/STM32CubeIDE_2.0.0/STM32CubeIDE/plugins/com.st.stm32cube.ide.mcu.externaltools.gnu-tools-for-stm32.13.3.rel1.win32_1.0.100.202509120712/tools/bin/../lib/gcc/arm-none-eabi/13.3.1/thumb/v7-m/nofp\libgcc.a(_arm_unordsf2.o)
 .ARM.attributes
                0x00000589       0x1d C:/ST/STM32CubeIDE_2.0.0/STM32CubeIDE/plugins/com.st.stm32cube.ide.mcu.externaltools.gnu-tools-for-stm32.13.3.rel1.win32_1.0.100.202509120712/tools/bin/../lib/gcc/arm-none-eabi/13.3.1/thumb/v7-m/nofp/crtn.o
OUTPUT(stm32-f103-I2C-test.elf elf32-littlearm)
LOAD linker stubs
LOAD C:/ST/STM32CubeIDE_2.0.0/STM32CubeIDE/plugins/com.st.stm32cube.ide.mcu.externaltools.gnu-tools-for-stm32.13.3.rel1.win32_1.0.100.202509120712/tools/bin/../lib/gcc/arm-none-eabi/13.3.1/../../../../arm-none-eabi/lib/thumb/v7-m/nofp\libc.a
LOAD C:/ST/STM32CubeIDE_2.0.0/STM32CubeIDE/plugins/com.st.stm32cube.ide.mcu.externaltools.gnu-tools-for-stm32.13.3.rel1.win32_1.0.100.202509120712/tools/bin/../lib/gcc/arm-none-eabi/13.3.1/../../../../arm-none-eabi/lib/thumb/v7-m/nofp\libm.a
LOAD C:/ST/STM32CubeIDE_2.0.0/STM32CubeIDE/plugins/com.st.stm32cube.ide.mcu.externaltools.gnu-tools-for-stm32.13.3.rel1.win32_1.0.100.202509120712/tools/bin/../lib/gcc/arm-none-eabi/13.3.1/thumb/v7-m/nofp\libgcc.a

.debug_info     0x00000000     0xd9d3
 .debug_info    0x00000000     0x1344 ./Core/Src/main.o
 .debug_info    0x00001344      0xdf4 ./Core/Src/stm32f1xx_hal_msp.o
 .debug_info    0x00002138      0xa04 ./Core/Src/stm32f1xx_it.o
 .debug_info    0x00002b3c      0x222 ./Core/Src/system_stm32f1xx.o
 .debug_info    0x00002d5e       0x30 ./Core/Startup/startup_stm32f103cbtx.o
 .debug_info    0x00002d8e      0x704 ./Drivers/STM32F1xx_HAL_Driver/Src/stm32f1xx_hal.o
 .debug_info    0x00003492      0xa75 ./Drivers/STM32F1xx_HAL_Driver/Src/stm32f1xx_hal_cortex.o
 .debug_info    0x00003f07      0x6d2 ./Drivers/STM32F1xx_HAL_Driver/Src/stm32f1xx_hal_dma.o
 .debug_info    0x000045d9      0x5ab ./Drivers/STM32F1xx_HAL_Driver/Src/stm32f1xx_hal_gpio.o
 .debug_info    0x00004b84     0x2524 ./Drivers/STM32F1xx_HAL_Driver/Src/stm32f1xx_hal_i2c.o
 .debug_info    0x000070a8      0x7f4 ./Drivers/STM32F1xx_HAL_Driver/Src/stm32f1xx_hal_rcc.o
 .debug_info    0x0000789c     0x2959 ./Drivers/STM32F1xx_HAL_Driver/Src/stm32f1xx_hal_tim.o
 .debug_info    0x0000a1f5     0x149b ./Drivers/STM32F1xx_HAL_Driver/Src/stm32f1xx_hal_tim_ex.o
 .debug_info    0x0000b690      0x9f5 C:\Users\vayne\workspace\Edge-AI-Condition-Monitor\prototypes\stm32-f103-I2C-test\Drivers\CMSIS\Lib\ARM\libarm_cortexM3l_math.a(arm_const_structs.o)
 .debug_info    0x0000c085      0x99d C:\Users\vayne\workspace\Edge-AI-Condition-Monitor\prototypes\stm32-f103-I2C-test\Drivers\CMSIS\Lib\ARM\libarm_cortexM3l_math.a(arm_common_tables.o)
 .debug_info    0x0000ca22      0x16a C:\Users\vayne\workspace\Edge-AI-Condition-Monitor\prototypes\stm32-f103-I2C-test\Drivers\CMSIS\Lib\ARM\libarm_cortexM3l_math.a(arm_max_f32.o)
 .debug_info    0x0000cb8c      0x6c7 C:\Users\vayne\workspace\Edge-AI-Condition-Monitor\prototypes\stm32-f103-I2C-test\Drivers\CMSIS\Lib\ARM\libarm_cortexM3l_math.a(arm_cfft_f32.o)
 .debug_info    0x0000d253      0x2be C:\Users\vayne\workspace\Edge-AI-Condition-Monitor\prototypes\stm32-f103-I2C-test\Drivers\CMSIS\Lib\ARM\libarm_cortexM3l_math.a(arm_cmplx_mag_f32.o)
 .debug_info    0x0000d511       0x85 C:\Users\vayne\workspace\Edge-AI-Condition-Monitor\prototypes\stm32-f103-I2C-test\Drivers\CMSIS\Lib\ARM\libarm_cortexM3l_math.a(arm_bitreversal2.o)
 .debug_info    0x0000d596      0x43d C:\Users\vayne\workspace\Edge-AI-Condition-Monitor\prototypes\stm32-f103-I2C-test\Drivers\CMSIS\Lib\ARM\libarm_cortexM3l_math.a(arm_cfft_radix8_f32.o)

.debug_abbrev   0x00000000     0x209d
 .debug_abbrev  0x00000000      0x317 ./Core/Src/main.o
 .debug_abbrev  0x00000317      0x216 ./Core/Src/stm32f1xx_hal_msp.o
 .debug_abbrev  0x0000052d      0x1ad ./Core/Src/stm32f1xx_it.o
 .debug_abbrev  0x000006da      0x13f ./Core/Src/system_stm32f1xx.o
 .debug_abbrev  0x00000819       0x24 ./Core/Startup/startup_stm32f103cbtx.o
 .debug_abbrev  0x0000083d      0x201 ./Drivers/STM32F1xx_HAL_Driver/Src/stm32f1xx_hal.o
 .debug_abbrev  0x00000a3e      0x2dc ./Drivers/STM32F1xx_HAL_Driver/Src/stm32f1xx_hal_cortex.o
 .debug_abbrev  0x00000d1a      0x20b ./Drivers/STM32F1xx_HAL_Driver/Src/stm32f1xx_hal_dma.o
 .debug_abbrev  0x00000f25      0x1ca ./Drivers/STM32F1xx_HAL_Driver/Src/stm32f1xx_hal_gpio.o
 .debug_abbrev  0x000010ef      0x2a3 ./Drivers/STM32F1xx_HAL_Driver/Src/stm32f1xx_hal_i2c.o
 .debug_abbrev  0x00001392      0x2d7 ./Drivers/STM32F1xx_HAL_Driver/Src/stm32f1xx_hal_rcc.o
 .debug_abbrev  0x00001669      0x277 ./Drivers/STM32F1xx_HAL_Driver/Src/stm32f1xx_hal_tim.o
 .debug_abbrev  0x000018e0      0x282 ./Drivers/STM32F1xx_HAL_Driver/Src/stm32f1xx_hal_tim_ex.o
 .debug_abbrev  0x00001b62       0xa9 C:\Users\vayne\workspace\Edge-AI-Condition-Monitor\prototypes\stm32-f103-I2C-test\Drivers\CMSIS\Lib\ARM\libarm_cortexM3l_math.a(arm_const_structs.o)
 .debug_abbrev  0x00001c0b       0x84 C:\Users\vayne\workspace\Edge-AI-Condition-Monitor\prototypes\stm32-f103-I2C-test\Drivers\CMSIS\Lib\ARM\libarm_cortexM3l_math.a(arm_common_tables.o)
 .debug_abbrev  0x00001c8f       0xa3 C:\Users\vayne\workspace\Edge-AI-Condition-Monitor\prototypes\stm32-f103-I2C-test\Drivers\CMSIS\Lib\ARM\libarm_cortexM3l_math.a(arm_max_f32.o)
 .debug_abbrev  0x00001d32      0x18b C:\Users\vayne\workspace\Edge-AI-Condition-Monitor\prototypes\stm32-f103-I2C-test\Drivers\CMSIS\Lib\ARM\libarm_cortexM3l_math.a(arm_cfft_f32.o)
 .debug_abbrev  0x00001ebd      0x124 C:\Users\vayne\workspace\Edge-AI-Condition-Monitor\prototypes\stm32-f103-I2C-test\Drivers\CMSIS\Lib\ARM\libarm_cortexM3l_math.a(arm_cmplx_mag_f32.o)
 .debug_abbrev  0x00001fe1       0x14 C:\Users\vayne\workspace\Edge-AI-Condition-Monitor\prototypes\stm32-f103-I2C-test\Drivers\CMSIS\Lib\ARM\libarm_cortexM3l_math.a(arm_bitreversal2.o)
 .debug_abbrev  0x00001ff5       0xa8 C:\Users\vayne\workspace\Edge-AI-Condition-Monitor\prototypes\stm32-f103-I2C-test\Drivers\CMSIS\Lib\ARM\libarm_cortexM3l_math.a(arm_cfft_radix8_f32.o)

.debug_aranges  0x00000000      0xd88
 .debug_aranges
                0x00000000       0x68 ./Core/Src/main.o
 .debug_aranges
                0x00000068       0x40 ./Core/Src/stm32f1xx_hal_msp.o
 .debug_aranges
                0x000000a8       0x88 ./Core/Src/stm32f1xx_it.o
 .debug_aranges
                0x00000130       0x28 ./Core/Src/system_stm32f1xx.o
 .debug_aranges
                0x00000158       0x28 ./Core/Startup/startup_stm32f103cbtx.o
 .debug_aranges
                0x00000180       0xe0 ./Drivers/STM32F1xx_HAL_Driver/Src/stm32f1xx_hal.o
 .debug_aranges
                0x00000260      0x100 ./Drivers/STM32F1xx_HAL_Driver/Src/stm32f1xx_hal_cortex.o
 .debug_aranges
                0x00000360       0x80 ./Drivers/STM32F1xx_HAL_Driver/Src/stm32f1xx_hal_dma.o
 .debug_aranges
                0x000003e0       0x58 ./Drivers/STM32F1xx_HAL_Driver/Src/stm32f1xx_hal_gpio.o
 .debug_aranges
                0x00000438      0x2a8 ./Drivers/STM32F1xx_HAL_Driver/Src/stm32f1xx_hal_i2c.o
 .debug_aranges
                0x000006e0       0x90 ./Drivers/STM32F1xx_HAL_Driver/Src/stm32f1xx_hal_rcc.o
 .debug_aranges
                0x00000770      0x3d0 ./Drivers/STM32F1xx_HAL_Driver/Src/stm32f1xx_hal_tim.o
 .debug_aranges
                0x00000b40      0x168 ./Drivers/STM32F1xx_HAL_Driver/Src/stm32f1xx_hal_tim_ex.o
 .debug_aranges
                0x00000ca8       0x18 C:\Users\vayne\workspace\Edge-AI-Condition-Monitor\prototypes\stm32-f103-I2C-test\Drivers\CMSIS\Lib\ARM\libarm_cortexM3l_math.a(arm_const_structs.o)
 .debug_aranges
                0x00000cc0       0x18 C:\Users\vayne\workspace\Edge-AI-Condition-Monitor\prototypes\stm32-f103-I2C-test\Drivers\CMSIS\Lib\ARM\libarm_cortexM3l_math.a(arm_common_tables.o)
 .debug_aranges
                0x00000cd8       0x20 C:\Users\vayne\workspace\Edge-AI-Condition-Monitor\prototypes\stm32-f103-I2C-test\Drivers\CMSIS\Lib\ARM\libarm_cortexM3l_math.a(arm_max_f32.o)
 .debug_aranges
                0x00000cf8       0x30 C:\Users\vayne\workspace\Edge-AI-Condition-Monitor\prototypes\stm32-f103-I2C-test\Drivers\CMSIS\Lib\ARM\libarm_cortexM3l_math.a(arm_cfft_f32.o)
 .debug_aranges
                0x00000d28       0x20 C:\Users\vayne\workspace\Edge-AI-Condition-Monitor\prototypes\stm32-f103-I2C-test\Drivers\CMSIS\Lib\ARM\libarm_cortexM3l_math.a(arm_cmplx_mag_f32.o)
 .debug_aranges
                0x00000d48       0x20 C:\Users\vayne\workspace\Edge-AI-Condition-Monitor\prototypes\stm32-f103-I2C-test\Drivers\CMSIS\Lib\ARM\libarm_cortexM3l_math.a(arm_bitreversal2.o)
 .debug_aranges
                0x00000d68       0x20 C:\Users\vayne\workspace\Edge-AI-Condition-Monitor\prototypes\stm32-f103-I2C-test\Drivers\CMSIS\Lib\ARM\libarm_cortexM3l_math.a(arm_cfft_radix8_f32.o)

.debug_rnglists
                0x00000000      0x9f5
 .debug_rnglists
                0x00000000       0x4d ./Core/Src/main.o
 .debug_rnglists
                0x0000004d       0x2c ./Core/Src/stm32f1xx_hal_msp.o
 .debug_rnglists
                0x00000079       0x61 ./Core/Src/stm32f1xx_it.o
 .debug_rnglists
                0x000000da       0x1a ./Core/Src/system_stm32f1xx.o
 .debug_rnglists
                0x000000f4       0x19 ./Core/Startup/startup_stm32f103cbtx.o
 .debug_rnglists
                0x0000010d       0xa3 ./Drivers/STM32F1xx_HAL_Driver/Src/stm32f1xx_hal.o
 .debug_rnglists
                0x000001b0       0xbb ./Drivers/STM32F1xx_HAL_Driver/Src/stm32f1xx_hal_cortex.o
 .debug_rnglists
                0x0000026b       0x64 ./Drivers/STM32F1xx_HAL_Driver/Src/stm32f1xx_hal_dma.o
 .debug_rnglists
                0x000002cf       0x3f ./Drivers/STM32F1xx_HAL_Driver/Src/stm32f1xx_hal_gpio.o
 .debug_rnglists
                0x0000030e      0x23c ./Drivers/STM32F1xx_HAL_Driver/Src/stm32f1xx_hal_i2c.o
 .debug_rnglists
                0x0000054a       0x6c ./Drivers/STM32F1xx_HAL_Driver/Src/stm32f1xx_hal_rcc.o
 .debug_rnglists
                0x000005b6      0x31a ./Drivers/STM32F1xx_HAL_Driver/Src/stm32f1xx_hal_tim.o
 .debug_rnglists
                0x000008d0      0x125 ./Drivers/STM32F1xx_HAL_Driver/Src/stm32f1xx_hal_tim_ex.o

.debug_macro    0x00000000    0x176dd
 .debug_macro   0x00000000      0x2ca ./Core/Src/main.o
 .debug_macro   0x000002ca      0xad2 ./Core/Src/main.o
 .debug_macro   0x00000d9c      0x221 ./Core/Src/main.o
 .debug_macro   0x00000fbd       0x2e ./Core/Src/main.o
 .debug_macro   0x00000feb       0x22 ./Core/Src/main.o
 .debug_macro   0x0000100d       0x22 ./Core/Src/main.o
 .debug_macro   0x0000102f       0x8e ./Core/Src/main.o
 .debug_macro   0x000010bd       0x51 ./Core/Src/main.o
 .debug_macro   0x0000110e      0x103 ./Core/Src/main.o
 .debug_macro   0x00001211       0x6a ./Core/Src/main.o
 .debug_macro   0x0000127b      0x1df ./Core/Src/main.o
 .debug_macro   0x0000145a       0x34 ./Core/Src/main.o
 .debug_macro   0x0000148e       0x34 ./Core/Src/main.o
 .debug_macro   0x000014c2      0xb8e ./Core/Src/main.o
 .debug_macro   0x00002050     0xe09e ./Core/Src/main.o
 .debug_macro   0x000100ee       0x6d ./Core/Src/main.o
 .debug_macro   0x0001015b     0x34a2 ./Core/Src/main.o
 .debug_macro   0x000135fd      0x190 ./Core/Src/main.o
 .debug_macro   0x0001378d       0x5c ./Core/Src/main.o
 .debug_macro   0x000137e9      0x5bc ./Core/Src/main.o
 .debug_macro   0x00013da5      0x289 ./Core/Src/main.o
 .debug_macro   0x0001402e      0x1cb ./Core/Src/main.o
 .debug_macro   0x000141f9      0x114 ./Core/Src/main.o
 .debug_macro   0x0001430d      0x1b2 ./Core/Src/main.o
 .debug_macro   0x000144bf       0x27 ./Core/Src/main.o
 .debug_macro   0x000144e6      0x136 ./Core/Src/main.o
 .debug_macro   0x0001461c      0x1bc ./Core/Src/main.o
 .debug_macro   0x000147d8       0x34 ./Core/Src/main.o
 .debug_macro   0x0001480c       0x3c ./Core/Src/main.o
 .debug_macro   0x00014848       0x57 ./Core/Src/main.o
 .debug_macro   0x0001489f       0x87 ./Core/Src/main.o
 .debug_macro   0x00014926      0x240 ./Core/Src/main.o
 .debug_macro   0x00014b66      0x287 ./Core/Src/main.o
 .debug_macro   0x00014ded      0x140 ./Core/Src/main.o
 .debug_macro   0x00014f2d      0x8ed ./Core/Src/main.o
 .debug_macro   0x0001581a       0x83 ./Core/Src/main.o
 .debug_macro   0x0001589d       0x12 ./Core/Src/main.o
 .debug_macro   0x000158af       0x61 ./Core/Src/main.o
 .debug_macro   0x00015910       0x24 ./Core/Src/main.o
 .debug_macro   0x00015934       0x43 ./Core/Src/main.o
 .debug_macro   0x00015977       0x34 ./Core/Src/main.o
 .debug_macro   0x000159ab      0x370 ./Core/Src/main.o
 .debug_macro   0x00015d1b       0x16 ./Core/Src/main.o
 .debug_macro   0x00015d31       0x4a ./Core/Src/main.o
 .debug_macro   0x00015d7b       0x34 ./Core/Src/main.o
 .debug_macro   0x00015daf       0x10 ./Core/Src/main.o
 .debug_macro   0x00015dbf       0x58 ./Core/Src/main.o
 .debug_macro   0x00015e17       0x8e ./Core/Src/main.o
 .debug_macro   0x00015ea5       0x1c ./Core/Src/main.o
 .debug_macro   0x00015ec1      0x185 ./Core/Src/main.o
 .debug_macro   0x00016046       0x10 ./Core/Src/main.o
 .debug_macro   0x00016056       0x3c ./Core/Src/main.o
 .debug_macro   0x00016092       0x20 ./Core/Src/main.o
 .debug_macro   0x000160b2      0x19b ./Core/Src/main.o
 .debug_macro   0x0001624d       0xe4 ./Core/Src/main.o
 .debug_macro   0x00016331       0x7c ./Core/Src/main.o
 .debug_macro   0x000163ad      0x1b0 ./Core/Src/stm32f1xx_hal_msp.o
 .debug_macro   0x0001655d      0x1ba ./Core/Src/stm32f1xx_it.o
 .debug_macro   0x00016717      0x1a6 ./Core/Src/system_stm32f1xx.o
 .debug_macro   0x000168bd      0x1ca ./Drivers/STM32F1xx_HAL_Driver/Src/stm32f1xx_hal.o
 .debug_macro   0x00016a87      0x1a6 ./Drivers/STM32F1xx_HAL_Driver/Src/stm32f1xx_hal_cortex.o
 .debug_macro   0x00016c2d      0x1a6 ./Drivers/STM32F1xx_HAL_Driver/Src/stm32f1xx_hal_dma.o
 .debug_macro   0x00016dd3      0x211 ./Drivers/STM32F1xx_HAL_Driver/Src/stm32f1xx_hal_gpio.o
 .debug_macro   0x00016fe4      0x1f4 ./Drivers/STM32F1xx_HAL_Driver/Src/stm32f1xx_hal_i2c.o
 .debug_macro   0x000171d8      0x1b8 ./Drivers/STM32F1xx_HAL_Driver/Src/stm32f1xx_hal_rcc.o
 .debug_macro   0x00017390      0x1a7 ./Drivers/STM32F1xx_HAL_Driver/Src/stm32f1xx_hal_tim.o
 .debug_macro   0x00017537      0x1a6 ./Drivers/STM32F1xx_HAL_Driver/Src/stm32f1xx_hal_tim_ex.o

.debug_line     0x00000000    0x103b6
 .debug_line    0x00000000      0xb28 ./Core/Src/main.o
 .debug_line    0x00000b28      0x821 ./Core/Src/stm32f1xx_hal_msp.o
 .debug_line    0x00001349      0x86d ./Core/Src/stm32f1xx_it.o
 .debug_line    0x00001bb6      0x7c5 ./Core/Src/system_stm32f1xx.o
 .debug_line    0x0000237b       0x78 ./Core/Startup/startup_stm32f103cbtx.o
 .debug_line    0x000023f3      0x9f6 ./Drivers/STM32F1xx_HAL_Driver/Src/stm32f1xx_hal.o
 .debug_line    0x00002de9      0xb99 ./Drivers/STM32F1xx_HAL_Driver/Src/stm32f1xx_hal_cortex.o
 .debug_line    0x00003982      0xe00 ./Drivers/STM32F1xx_HAL_Driver/Src/stm32f1xx_hal_dma.o
 .debug_line    0x00004782      0xa53 ./Drivers/STM32F1xx_HAL_Driver/Src/stm32f1xx_hal_gpio.o
 .debug_line    0x000051d5     0x3bf3 ./Drivers/STM32F1xx_HAL_Driver/Src/stm32f1xx_hal_i2c.o
 .debug_line    0x00008dc8      0xebc ./Drivers/STM32F1xx_HAL_Driver/Src/stm32f1xx_hal_rcc.o
 .debug_line    0x00009c84     0x34e4 ./Drivers/STM32F1xx_HAL_Driver/Src/stm32f1xx_hal_tim.o
 .debug_line    0x0000d168     0x18ba ./Drivers/STM32F1xx_HAL_Driver/Src/stm32f1xx_hal_tim_ex.o
 .debug_line    0x0000ea22      0x145 C:\Users\vayne\workspace\Edge-AI-Condition-Monitor\prototypes\stm32-f103-I2C-test\Drivers\CMSIS\Lib\ARM\libarm_cortexM3l_math.a(arm_const_structs.o)
 .debug_line    0x0000eb67      0x12e C:\Users\vayne\workspace\Edge-AI-Condition-Monitor\prototypes\stm32-f103-I2C-test\Drivers\CMSIS\Lib\ARM\libarm_cortexM3l_math.a(arm_common_tables.o)
 .debug_line    0x0000ec95      0x167 C:\Users\vayne\workspace\Edge-AI-Condition-Monitor\prototypes\stm32-f103-I2C-test\Drivers\CMSIS\Lib\ARM\libarm_cortexM3l_math.a(arm_max_f32.o)
 .debug_line    0x0000edfc      0x8e6 C:\Users\vayne\workspace\Edge-AI-Condition-Monitor\prototypes\stm32-f103-I2C-test\Drivers\CMSIS\Lib\ARM\libarm_cortexM3l_math.a(arm_cfft_f32.o)
 .debug_line    0x0000f6e2      0x293 C:\Users\vayne\workspace\Edge-AI-Condition-Monitor\prototypes\stm32-f103-I2C-test\Drivers\CMSIS\Lib\ARM\libarm_cortexM3l_math.a(arm_cmplx_mag_f32.o)
 .debug_line    0x0000f975       0x98 C:\Users\vayne\workspace\Edge-AI-Condition-Monitor\prototypes\stm32-f103-I2C-test\Drivers\CMSIS\Lib\ARM\libarm_cortexM3l_math.a(arm_bitreversal2.o)
 .debug_line    0x0000fa0d      0x9a9 C:\Users\vayne\workspace\Edge-AI-Condition-Monitor\prototypes\stm32-f103-I2C-test\Drivers\CMSIS\Lib\ARM\libarm_cortexM3l_math.a(arm_cfft_radix8_f32.o)

.debug_str      0x00000000    0x8ad98
 .debug_str     0x00000000    0x8ad98 ./Core/Src/main.o
                              0x87925 (size before relaxing)
 .debug_str     0x0008ad98        0x0 ./Core/Src/stm32f1xx_hal_msp.o
                              0x830b3 (size before relaxing)
 .debug_str     0x0008ad98        0x0 ./Core/Src/stm32f1xx_it.o
                              0x82d67 (size before relaxing)
 .debug_str     0x0008ad98        0x0 ./Core/Src/system_stm32f1xx.o
                              0x82530 (size before relaxing)
 .debug_str     0x0008ad98        0x0 ./Core/Startup/startup_stm32f103cbtx.o
                                 0x9c (size before relaxing)
 .debug_str     0x0008ad98        0x0 ./Drivers/STM32F1xx_HAL_Driver/Src/stm32f1xx_hal.o
                              0x82c63 (size before relaxing)
 .debug_str     0x0008ad98        0x0 ./Drivers/STM32F1xx_HAL_Driver/Src/stm32f1xx_hal_cortex.o
                              0x82b99 (size before relaxing)
 .debug_str     0x0008ad98        0x0 ./Drivers/STM32F1xx_HAL_Driver/Src/stm32f1xx_hal_dma.o
                              0x828d9 (size before relaxing)
 .debug_str     0x0008ad98        0x0 ./Drivers/STM32F1xx_HAL_Driver/Src/stm32f1xx_hal_gpio.o
                              0x828b6 (size before relaxing)
 .debug_str     0x0008ad98        0x0 ./Drivers/STM32F1xx_HAL_Driver/Src/stm32f1xx_hal_i2c.o
                              0x835f7 (size before relaxing)
 .debug_str     0x0008ad98        0x0 ./Drivers/STM32F1xx_HAL_Driver/Src/stm32f1xx_hal_rcc.o
                              0x82965 (size before relaxing)
 .debug_str     0x0008ad98        0x0 ./Drivers/STM32F1xx_HAL_Driver/Src/stm32f1xx_hal_tim.o
                              0x83961 (size before relaxing)
 .debug_str     0x0008ad98        0x0 ./Drivers/STM32F1xx_HAL_Driver/Src/stm32f1xx_hal_tim_ex.o
                              0x8316d (size before relaxing)
 .debug_str     0x0008ad98        0x0 C:\Users\vayne\workspace\Edge-AI-Condition-Monitor\prototypes\stm32-f103-I2C-test\Drivers\CMSIS\Lib\ARM\libarm_cortexM3l_math.a(arm_const_structs.o)
                                0x8a7 (size before relaxing)
 .debug_str     0x0008ad98        0x0 C:\Users\vayne\workspace\Edge-AI-Condition-Monitor\prototypes\stm32-f103-I2C-test\Drivers\CMSIS\Lib\ARM\libarm_cortexM3l_math.a(arm_common_tables.o)
                                0x6cf (size before relaxing)
 .debug_str     0x0008ad98        0x0 C:\Users\vayne\workspace\Edge-AI-Condition-Monitor\prototypes\stm32-f103-I2C-test\Drivers\CMSIS\Lib\ARM\libarm_cortexM3l_math.a(arm_max_f32.o)
                                0x21a (size before relaxing)
 .debug_str     0x0008ad98        0x0 C:\Users\vayne\workspace\Edge-AI-Condition-Monitor\prototypes\stm32-f103-I2C-test\Drivers\CMSIS\Lib\ARM\libarm_cortexM3l_math.a(arm_cfft_f32.o)
                                0x32a (size before relaxing)
 .debug_str     0x0008ad98        0x0 C:\Users\vayne\workspace\Edge-AI-Condition-Monitor\prototypes\stm32-f103-I2C-test\Drivers\CMSIS\Lib\ARM\libarm_cortexM3l_math.a(arm_cmplx_mag_f32.o)
                                0x2be (size before relaxing)
 .debug_str     0x0008ad98        0x0 C:\Users\vayne\workspace\Edge-AI-Condition-Monitor\prototypes\stm32-f103-I2C-test\Drivers\CMSIS\Lib\ARM\libarm_cortexM3l_math.a(arm_cfft_radix8_f32.o)
                                0x221 (size before relaxing)

.comment        0x00000000       0xb3
 .comment       0x00000000       0xb3 ./Core/Src/main.o
                                 0x44 (size before relaxing)
 .comment       0x000000b3        0x0 ./Core/Src/stm32f1xx_hal_msp.o
                                 0x44 (size before relaxing)
 .comment       0x000000b3        0x0 ./Core/Src/stm32f1xx_it.o
                                 0x44 (size before relaxing)
 .comment       0x000000b3        0x0 ./Core/Src/system_stm32f1xx.o
                                 0x44 (size before relaxing)
 .comment       0x000000b3        0x0 ./Drivers/STM32F1xx_HAL_Driver/Src/stm32f1xx_hal.o
                                 0x44 (size before relaxing)
 .comment       0x000000b3        0x0 ./Drivers/STM32F1xx_HAL_Driver/Src/stm32f1xx_hal_cortex.o
                                 0x44 (size before relaxing)
 .comment       0x000000b3        0x0 ./Drivers/STM32F1xx_HAL_Driver/Src/stm32f1xx_hal_dma.o
                                 0x44 (size before relaxing)
 .comment       0x000000b3        0x0 ./Drivers/STM32F1xx_HAL_Driver/Src/stm32f1xx_hal_gpio.o
                                 0x44 (size before relaxing)
 .comment       0x000000b3        0x0 ./Drivers/STM32F1xx_HAL_Driver/Src/stm32f1xx_hal_i2c.o
                                 0x44 (size before relaxing)
 .comment       0x000000b3        0x0 ./Drivers/STM32F1xx_HAL_Driver/Src/stm32f1xx_hal_rcc.o
                                 0x44 (size before relaxing)
 .comment       0x000000b3        0x0 ./Drivers/STM32F1xx_HAL_Driver/Src/stm32f1xx_hal_tim.o
                                 0x44 (size before relaxing)
 .comment       0x000000b3        0x0 ./Drivers/STM32F1xx_HAL_Driver/Src/stm32f1xx_hal_tim_ex.o
                                 0x44 (size before relaxing)
 .comment       0x000000b3        0x0 C:\Users\vayne\workspace\Edge-AI-Condition-Monitor\prototypes\stm32-f103-I2C-test\Drivers\CMSIS\Lib\ARM\libarm_cortexM3l_math.a(arm_const_structs.o)
                                 0x71 (size before relaxing)
 .comment       0x000000b3        0x0 C:\Users\vayne\workspace\Edge-AI-Condition-Monitor\prototypes\stm32-f103-I2C-test\Drivers\CMSIS\Lib\ARM\libarm_cortexM3l_math.a(arm_common_tables.o)
                                 0x71 (size before relaxing)
 .comment       0x000000b3        0x0 C:\Users\vayne\workspace\Edge-AI-Condition-Monitor\prototypes\stm32-f103-I2C-test\Drivers\CMSIS\Lib\ARM\libarm_cortexM3l_math.a(arm_max_f32.o)
                                 0x71 (size before relaxing)
 .comment       0x000000b3        0x0 C:\Users\vayne\workspace\Edge-AI-Condition-Monitor\prototypes\stm32-f103-I2C-test\Drivers\CMSIS\Lib\ARM\libarm_cortexM3l_math.a(arm_cfft_f32.o)
                                 0x71 (size before relaxing)
 .comment       0x000000b3        0x0 C:\Users\vayne\workspace\Edge-AI-Condition-Monitor\prototypes\stm32-f103-I2C-test\Drivers\CMSIS\Lib\ARM\libarm_cortexM3l_math.a(arm_cmplx_mag_f32.o)
                                 0x71 (size before relaxing)
 .comment       0x000000b3        0x0 C:\Users\vayne\workspace\Edge-AI-Condition-Monitor\prototypes\stm32-f103-I2C-test\Drivers\CMSIS\Lib\ARM\libarm_cortexM3l_math.a(arm_cfft_radix8_f32.o)
                                 0x71 (size before relaxing)

.debug_frame    0x00000000     0x3a38
 .debug_frame   0x00000000      0x168 ./Core/Src/main.o
 .debug_frame   0x00000168       0xc8 ./Core/Src/stm32f1xx_hal_msp.o
 .debug_frame   0x00000230      0x190 ./Core/Src/stm32f1xx_it.o
 .debug_frame   0x000003c0       0x58 ./Core/Src/system_stm32f1xx.o
 .debug_frame   0x00000418      0x334 ./Drivers/STM32F1xx_HAL_Driver/Src/stm32f1xx_hal.o
 .debug_frame   0x0000074c      0x428 ./Drivers/STM32F1xx_HAL_Driver/Src/stm32f1xx_hal_cortex.o
 .debug_frame   0x00000b74      0x208 ./Drivers/STM32F1xx_HAL_Driver/Src/stm32f1xx_hal_dma.o
 .debug_frame   0x00000d7c      0x14c ./Drivers/STM32F1xx_HAL_Driver/Src/stm32f1xx_hal_gpio.o
 .debug_frame   0x00000ec8      0xc84 ./Drivers/STM32F1xx_HAL_Driver/Src/stm32f1xx_hal_i2c.o
 .debug_frame   0x00001b4c      0x218 ./Drivers/STM32F1xx_HAL_Driver/Src/stm32f1xx_hal_rcc.o
 .debug_frame   0x00001d64     0x11b8 ./Drivers/STM32F1xx_HAL_Driver/Src/stm32f1xx_hal_tim.o
 .debug_frame   0x00002f1c      0x638 ./Drivers/STM32F1xx_HAL_Driver/Src/stm32f1xx_hal_tim_ex.o
 .debug_frame   0x00003554       0x40 C:\Users\vayne\workspace\Edge-AI-Condition-Monitor\prototypes\stm32-f103-I2C-test\Drivers\CMSIS\Lib\ARM\libarm_cortexM3l_math.a(arm_max_f32.o)
 .debug_frame   0x00003594       0xa8 C:\Users\vayne\workspace\Edge-AI-Condition-Monitor\prototypes\stm32-f103-I2C-test\Drivers\CMSIS\Lib\ARM\libarm_cortexM3l_math.a(arm_cfft_f32.o)
 .debug_frame   0x0000363c       0x40 C:\Users\vayne\workspace\Edge-AI-Condition-Monitor\prototypes\stm32-f103-I2C-test\Drivers\CMSIS\Lib\ARM\libarm_cortexM3l_math.a(arm_cmplx_mag_f32.o)
 .debug_frame   0x0000367c       0x40 C:\Users\vayne\workspace\Edge-AI-Condition-Monitor\prototypes\stm32-f103-I2C-test\Drivers\CMSIS\Lib\ARM\libarm_cortexM3l_math.a(arm_cfft_radix8_f32.o)
 .debug_frame   0x000036bc      0x144 C:/ST/STM32CubeIDE_2.0.0/STM32CubeIDE/plugins/com.st.stm32cube.ide.mcu.externaltools.gnu-tools-for-stm32.13.3.rel1.win32_1.0.100.202509120712/tools/bin/../lib/gcc/arm-none-eabi/13.3.1/../../../../arm-none-eabi/lib/thumb/v7-m/nofp\libc_nano.a(libc_a-findfp.o)
 .debug_frame   0x00003800       0x20 C:/ST/STM32CubeIDE_2.0.0/STM32CubeIDE/plugins/com.st.stm32cube.ide.mcu.externaltools.gnu-tools-for-stm32.13.3.rel1.win32_1.0.100.202509120712/tools/bin/../lib/gcc/arm-none-eabi/13.3.1/../../../../arm-none-eabi/lib/thumb/v7-m/nofp\libc_nano.a(libc_a-memset.o)
 .debug_frame   0x00003820       0x20 C:/ST/STM32CubeIDE_2.0.0/STM32CubeIDE/plugins/com.st.stm32cube.ide.mcu.externaltools.gnu-tools-for-stm32.13.3.rel1.win32_1.0.100.202509120712/tools/bin/../lib/gcc/arm-none-eabi/13.3.1/../../../../arm-none-eabi/lib/thumb/v7-m/nofp\libc_nano.a(libc_a-errno.o)
 .debug_frame   0x00003840       0x2c C:/ST/STM32CubeIDE_2.0.0/STM32CubeIDE/plugins/com.st.stm32cube.ide.mcu.externaltools.gnu-tools-for-stm32.13.3.rel1.win32_1.0.100.202509120712/tools/bin/../lib/gcc/arm-none-eabi/13.3.1/../../../../arm-none-eabi/lib/thumb/v7-m/nofp\libc_nano.a(libc_a-init.o)
 .debug_frame   0x0000386c       0x2c C:/ST/STM32CubeIDE_2.0.0/STM32CubeIDE/plugins/com.st.stm32cube.ide.mcu.externaltools.gnu-tools-for-stm32.13.3.rel1.win32_1.0.100.202509120712/tools/bin/../lib/gcc/arm-none-eabi/13.3.1/../../../../arm-none-eabi/lib/thumb/v7-m/nofp\libm.a(libm_a-wf_sqrt.o)
 .debug_frame   0x00003898       0x30 C:/ST/STM32CubeIDE_2.0.0/STM32CubeIDE/plugins/com.st.stm32cube.ide.mcu.externaltools.gnu-tools-for-stm32.13.3.rel1.win32_1.0.100.202509120712/tools/bin/../lib/gcc/arm-none-eabi/13.3.1/../../../../arm-none-eabi/lib/thumb/v7-m/nofp\libm.a(libm_a-ef_sqrt.o)
 .debug_frame   0x000038c8       0x4c C:/ST/STM32CubeIDE_2.0.0/STM32CubeIDE/plugins/com.st.stm32cube.ide.mcu.externaltools.gnu-tools-for-stm32.13.3.rel1.win32_1.0.100.202509120712/tools/bin/../lib/gcc/arm-none-eabi/13.3.1/thumb/v7-m/nofp\libgcc.a(_arm_addsubsf3.o)
 .debug_frame   0x00003914       0x38 C:/ST/STM32CubeIDE_2.0.0/STM32CubeIDE/plugins/com.st.stm32cube.ide.mcu.externaltools.gnu-tools-for-stm32.13.3.rel1.win32_1.0.100.202509120712/tools/bin/../lib/gcc/arm-none-eabi/13.3.1/thumb/v7-m/nofp\libgcc.a(_arm_muldivsf3.o)
 .debug_frame   0x0000394c       0xc8 C:/ST/STM32CubeIDE_2.0.0/STM32CubeIDE/plugins/com.st.stm32cube.ide.mcu.externaltools.gnu-tools-for-stm32.13.3.rel1.win32_1.0.100.202509120712/tools/bin/../lib/gcc/arm-none-eabi/13.3.1/thumb/v7-m/nofp\libgcc.a(_arm_cmpsf2.o)
 .debug_frame   0x00003a14       0x24 C:/ST/STM32CubeIDE_2.0.0/STM32CubeIDE/plugins/com.st.stm32cube.ide.mcu.externaltools.gnu-tools-for-stm32.13.3.rel1.win32_1.0.100.202509120712/tools/bin/../lib/gcc/arm-none-eabi/13.3.1/thumb/v7-m/nofp\libgcc.a(_arm_unordsf2.o)

.debug_line_str
                0x00000000       0x80
 .debug_line_str
                0x00000000       0x80 ./Core/Startup/startup_stm32f103cbtx.o

.debug_loc      0x00000000     0x2daa
 .debug_loc     0x00000000      0x266 C:\Users\vayne\workspace\Edge-AI-Condition-Monitor\prototypes\stm32-f103-I2C-test\Drivers\CMSIS\Lib\ARM\libarm_cortexM3l_math.a(arm_max_f32.o)
 .debug_loc     0x00000266     0x1596 C:\Users\vayne\workspace\Edge-AI-Condition-Monitor\prototypes\stm32-f103-I2C-test\Drivers\CMSIS\Lib\ARM\libarm_cortexM3l_math.a(arm_cfft_f32.o)
 .debug_loc     0x000017fc      0x53f C:\Users\vayne\workspace\Edge-AI-Condition-Monitor\prototypes\stm32-f103-I2C-test\Drivers\CMSIS\Lib\ARM\libarm_cortexM3l_math.a(arm_cmplx_mag_f32.o)
 .debug_loc     0x00001d3b     0x106f C:\Users\vayne\workspace\Edge-AI-Condition-Monitor\prototypes\stm32-f103-I2C-test\Drivers\CMSIS\Lib\ARM\libarm_cortexM3l_math.a(arm_cfft_radix8_f32.o)

.debug_ranges   0x00000000      0x108
 .debug_ranges  0x00000000       0x10 C:\Users\vayne\workspace\Edge-AI-Condition-Monitor\prototypes\stm32-f103-I2C-test\Drivers\CMSIS\Lib\ARM\libarm_cortexM3l_math.a(arm_max_f32.o)
 .debug_ranges  0x00000010       0x20 C:\Users\vayne\workspace\Edge-AI-Condition-Monitor\prototypes\stm32-f103-I2C-test\Drivers\CMSIS\Lib\ARM\libarm_cortexM3l_math.a(arm_cfft_f32.o)
 .debug_ranges  0x00000030       0xc8 C:\Users\vayne\workspace\Edge-AI-Condition-Monitor\prototypes\stm32-f103-I2C-test\Drivers\CMSIS\Lib\ARM\libarm_cortexM3l_math.a(arm_cmplx_mag_f32.o)
 .debug_ranges  0x000000f8       0x10 C:\Users\vayne\workspace\Edge-AI-Condition-Monitor\prototypes\stm32-f103-I2C-test\Drivers\CMSIS\Lib\ARM\libarm_cortexM3l_math.a(arm_cfft_radix8_f32.o)
