C:/Users/vayne/workspace/IHM03_Default/P-IHM03-Potentiometer/Src/mc_math.c:71:20:MCM_Clarke	16	static
C:/Users/vayne/workspace/IHM03_Default/P-IHM03-Potentiometer/Src/mc_math.c:312:24:MCM_Trig_Functions	8	static
C:/Users/vayne/workspace/IHM03_Default/P-IHM03-Potentiometer/Src/mc_math.c:143:13:MCM_Park	32	static
C:/Users/vayne/workspace/IHM03_Default/P-IHM03-Potentiometer/Src/mc_math.c:258:20:MCM_Rev_Park	32	static
C:/Users/vayne/workspace/IHM03_Default/P-IHM03-Potentiometer/Src/mc_math.c:356:16:MCM_Sqrt	0	static,ignoring_inline_asm
C:/Users/vayne/workspace/IHM03_Default/P-IHM03-Potentiometer/Src/mc_math.c:391:17:MCM_floatToIntBit	8	static
