C:/Users/vayne/workspace/IHM03_Default/P-IHM03-Potentiometer/Src/sync_registers.c:33:9:RI_SetRegisterGlobal	4	static
C:/Users/vayne/workspace/IHM03_Default/P-IHM03-Potentiometer/Src/sync_registers.c:167:9:RI_SetRegisterMotor1	24	static
C:/Users/vayne/workspace/IHM03_Default/P-IHM03-Potentiometer/Src/sync_registers.c:610:9:RI_GetRegisterGlobal	8	static
C:/Users/vayne/workspace/IHM03_Default/P-IHM03-Potentiometer/Src/sync_registers.c:755:11:RI_GetRegisterMotor1	96	static
C:/Users/vayne/workspace/IHM03_Default/P-IHM03-Potentiometer/Src/sync_registers.c:1342:9:RI_MovString	4	static
