../Core/Src/main.c:99:5:main	24	static
../Core/Src/main.c:172:6:SystemClock_Config	72	static
../Core/Src/main.c:212:13:MX_I2C1_Init	8	static
../Core/Src/main.c:247:13:MX_TIM3_Init	32	static
../Core/Src/main.c:290:13:MX_DMA_Init	16	static
../Core/Src/main.c:311:13:MX_GPIO_Init	24	static
../Core/Src/main.c:328:6:HAL_I2C_MemRxCpltCallback	32	static
../Core/Src/main.c:346:6:HAL_I2C_ErrorCallback	24	static
../Core/Src/main.c:362:6:HAL_TIM_PeriodElapsedCallback	24	static
../Core/Src/main.c:377:6:Error_Handler	4	static,ignoring_inline_asm
