C:/Users/vayne/workspace/Edge-AI-Condition-Monitor/prototypes/stm32-f103-I2C-test/Drivers/CMSIS/DSP/core_cm3.h:1422:22:NVIC_SetPriorityGrouping	24	static
C:/Users/vayne/workspace/Edge-AI-Condition-Monitor/prototypes/stm32-f103-I2C-test/Drivers/CMSIS/DSP/core_cm3.h:1441:26:NVIC_GetPriorityGrouping	4	static
C:/Users/vayne/workspace/Edge-AI-Condition-Monitor/prototypes/stm32-f103-I2C-test/Drivers/CMSIS/DSP/core_cm3.h:1452:22:NVIC_EnableIRQ	16	static
C:/Users/vayne/workspace/Edge-AI-Condition-Monitor/prototypes/stm32-f103-I2C-test/Drivers/CMSIS/DSP/core_cm3.h:1463:22:NVIC_DisableIRQ	16	static
C:/Users/vayne/workspace/Edge-AI-Condition-Monitor/prototypes/stm32-f103-I2C-test/Drivers/CMSIS/DSP/core_cm3.h:1476:26:NVIC_GetPendingIRQ	16	static
C:/Users/vayne/workspace/Edge-AI-Condition-Monitor/prototypes/stm32-f103-I2C-test/Drivers/CMSIS/DSP/core_cm3.h:1487:22:NVIC_SetPendingIRQ	16	static
C:/Users/vayne/workspace/Edge-AI-Condition-Monitor/prototypes/stm32-f103-I2C-test/Drivers/CMSIS/DSP/core_cm3.h:1498:22:NVIC_ClearPendingIRQ	16	static
C:/Users/vayne/workspace/Edge-AI-Condition-Monitor/prototypes/stm32-f103-I2C-test/Drivers/CMSIS/DSP/core_cm3.h:1511:26:NVIC_GetActive	16	static
C:/Users/vayne/workspace/Edge-AI-Condition-Monitor/prototypes/stm32-f103-I2C-test/Drivers/CMSIS/DSP/core_cm3.h:1524:22:NVIC_SetPriority	16	static
C:/Users/vayne/workspace/Edge-AI-Condition-Monitor/prototypes/stm32-f103-I2C-test/Drivers/CMSIS/DSP/core_cm3.h:1546:26:NVIC_GetPriority	16	static
C:/Users/vayne/workspace/Edge-AI-Condition-Monitor/prototypes/stm32-f103-I2C-test/Drivers/CMSIS/DSP/core_cm3.h:1571:26:NVIC_EncodePriority	40	static
C:/Users/vayne/workspace/Edge-AI-Condition-Monitor/prototypes/stm32-f103-I2C-test/Drivers/CMSIS/DSP/core_cm3.h:1598:22:NVIC_DecodePriority	40	static
C:/Users/vayne/workspace/Edge-AI-Condition-Monitor/prototypes/stm32-f103-I2C-test/Drivers/CMSIS/DSP/core_cm3.h:1616:22:NVIC_SystemReset	4	static,ignoring_inline_asm
C:/Users/vayne/workspace/Edge-AI-Condition-Monitor/prototypes/stm32-f103-I2C-test/Drivers/CMSIS/DSP/core_cm3.h:1656:26:SysTick_Config	16	static
../Drivers/STM32F1xx_HAL_Driver/Src/stm32f1xx_hal_cortex.c:142:6:HAL_NVIC_SetPriorityGrouping	16	static
../Drivers/STM32F1xx_HAL_Driver/Src/stm32f1xx_hal_cortex.c:164:6:HAL_NVIC_SetPriority	32	static
../Drivers/STM32F1xx_HAL_Driver/Src/stm32f1xx_hal_cortex.c:186:6:HAL_NVIC_EnableIRQ	16	static
../Drivers/STM32F1xx_HAL_Driver/Src/stm32f1xx_hal_cortex.c:202:6:HAL_NVIC_DisableIRQ	16	static
../Drivers/STM32F1xx_HAL_Driver/Src/stm32f1xx_hal_cortex.c:215:6:HAL_NVIC_SystemReset	8	static
../Drivers/STM32F1xx_HAL_Driver/Src/stm32f1xx_hal_cortex.c:228:10:HAL_SYSTICK_Config	16	static
../Drivers/STM32F1xx_HAL_Driver/Src/stm32f1xx_hal_cortex.c:369:10:HAL_NVIC_GetPriorityGrouping	8	static
../Drivers/STM32F1xx_HAL_Driver/Src/stm32f1xx_hal_cortex.c:396:6:HAL_NVIC_GetPriority	24	static
../Drivers/STM32F1xx_HAL_Driver/Src/stm32f1xx_hal_cortex.c:411:6:HAL_NVIC_SetPendingIRQ	16	static
../Drivers/STM32F1xx_HAL_Driver/Src/stm32f1xx_hal_cortex.c:429:10:HAL_NVIC_GetPendingIRQ	16	static
../Drivers/STM32F1xx_HAL_Driver/Src/stm32f1xx_hal_cortex.c:445:6:HAL_NVIC_ClearPendingIRQ	16	static
../Drivers/STM32F1xx_HAL_Driver/Src/stm32f1xx_hal_cortex.c:462:10:HAL_NVIC_GetActive	16	static
../Drivers/STM32F1xx_HAL_Driver/Src/stm32f1xx_hal_cortex.c:479:6:HAL_SYSTICK_CLKSourceConfig	16	static
../Drivers/STM32F1xx_HAL_Driver/Src/stm32f1xx_hal_cortex.c:497:6:HAL_SYSTICK_IRQHandler	8	static
../Drivers/STM32F1xx_HAL_Driver/Src/stm32f1xx_hal_cortex.c:506:13:HAL_SYSTICK_Callback	4	static
